07-10 19:07:58.079   390   390 W RanchuHwc: presentDisplay display has no layers to compose, flushing client target buffer.
07-10 19:07:58.095   390   390 W RanchuHwc: validateDisplay: layer 86 CompositionType 1, fallback
07-10 19:07:58.097   390   390 W RanchuHwc: presentDisplay display has no layers to compose, flushing client target buffer.
07-10 19:07:58.109   390   390 W RanchuHwc: validateDisplay: layer 86 CompositionType 1, fallback
07-10 19:07:58.111   390   390 W RanchuHwc: presentDisplay display has no layers to compose, flushing client target buffer.
07-10 19:07:58.117  1545  1688 I MediaProvider: Deleted 0 1 0 0 0 0 0 items on external_primary due to com.android.shell
07-10 19:07:58.118  8260  8395 I UriTaskContentObserver: (REDACTED) Throttling content uri change event for %s
07-10 19:07:58.128   390   390 W RanchuHwc: validateDisplay: layer 86 CompositionType 1, fallback
07-10 19:07:58.130   390   390 W RanchuHwc: presentDisplay display has no layers to compose, flushing client target buffer.
07-10 19:07:58.143   390   390 W RanchuHwc: validateDisplay: layer 86 CompositionType 1, fallback
07-10 19:07:58.144   390   390 W RanchuHwc: presentDisplay display has no layers to compose, flushing client target buffer.
07-10 19:07:58.161   390   390 W RanchuHwc: validateDisplay: layer 86 CompositionType 1, fallback
07-10 19:07:58.162   390   390 W RanchuHwc: presentDisplay display has no layers to compose, flushing client target buffer.
07-10 19:07:58.177   390   390 W RanchuHwc: validateDisplay: layer 86 CompositionType 1, fallback
07-10 19:07:58.179   390   390 W RanchuHwc: presentDisplay display has no layers to compose, flushing client target buffer.
07-10 19:07:58.193   390   390 W RanchuHwc: validateDisplay: layer 86 CompositionType 1, fallback
07-10 19:07:58.195   390   390 W RanchuHwc: presentDisplay display has no layers to compose, flushing client target buffer.
07-10 19:07:58.210   390   390 W RanchuHwc: validateDisplay: layer 86 CompositionType 1, fallback
07-10 19:07:58.211   390   390 W RanchuHwc: presentDisplay display has no layers to compose, flushing client target buffer.
07-10 19:07:58.227   390   390 W RanchuHwc: validateDisplay: layer 86 CompositionType 1, fallback
07-10 19:07:58.229   390   390 W RanchuHwc: presentDisplay display has no layers to compose, flushing client target buffer.
07-10 19:07:58.243   390   390 W RanchuHwc: validateDisplay: layer 86 CompositionType 1, fallback
07-10 19:07:58.244   390   390 W RanchuHwc: presentDisplay display has no layers to compose, flushing client target buffer.
07-10 19:07:58.259   390   390 W RanchuHwc: validateDisplay: layer 86 CompositionType 1, fallback
07-10 19:07:58.261   390   390 W RanchuHwc: presentDisplay display has no layers to compose, flushing client target buffer.
07-10 19:07:58.276   390   390 W RanchuHwc: validateDisplay: layer 86 CompositionType 1, fallback
07-10 19:07:58.278   390   390 W RanchuHwc: presentDisplay display has no layers to compose, flushing client target buffer.
07-10 19:07:58.293   390   390 W RanchuHwc: validateDisplay: layer 86 CompositionType 1, fallback
07-10 19:07:58.295   390   390 W RanchuHwc: presentDisplay display has no layers to compose, flushing client target buffer.
07-10 19:07:58.389 11491 16324 I ProvidersCache: Provider returned no roots. Possibly naughty: com.google.android.apps.docs.storage
07-10 19:07:58.479  1545  1687 W MediaProvider: isAppCloneUserPair for user 0: false
07-10 19:07:58.506   218   218 I hwservicemanager: getTransport: Cannot find entry android.hardware.graphics.mapper@4.0::IMapper/default in either framework or device VINTF manifest.
07-10 19:07:58.507 16331 16333 I Gralloc4: mapper 4.x is not supported
07-10 19:07:58.724  1545  3703 I MediaProvider: Begin Intent { act=android.intent.action.MEDIA_SCANNER_SCAN_FILE dat=file:///sdcard/screen_2025-07-10_190759.png flg=0x1400010 cmp=com.google.android.providers.media.module/com.android.providers.media.MediaService }
07-10 19:07:58.730  1545  3703 I MediaProvider: End Intent { act=android.intent.action.MEDIA_SCANNER_SCAN_FILE dat=file:///sdcard/screen_2025-07-10_190759.png flg=0x1400010 cmp=com.google.android.providers.media.module/com.android.providers.media.MediaService }
07-10 19:07:58.765  8735  8817 E cr_CronetUrlRequestContext: Exception in upload method
07-10 19:07:58.765  8735  8817 E cr_CronetUrlRequestContext: com.google.android.apps.gsa.shared.q.d: Error code: 656394 | null
07-10 19:07:58.765  8735  8817 E cr_CronetUrlRequestContext: 	at com.google.android.libraries.gsa.c.a.n.fZ(SourceFile:1)
07-10 19:07:58.765  8735  8817 E cr_CronetUrlRequestContext: 	at com.google.android.libraries.gsa.k.a.n.fZ(SourceFile:2)
07-10 19:07:58.765  8735  8817 E cr_CronetUrlRequestContext: 	at com.google.common.w.a.bv.run(SourceFile:6)
07-10 19:07:58.765  8735  8817 E cr_CronetUrlRequestContext: 	at com.google.android.apps.gsa.shared.util.c.a.bt.b(SourceFile:1)
07-10 19:07:58.765  8735  8817 E cr_CronetUrlRequestContext: 	at com.google.android.apps.gsa.shared.util.c.a.bw.run(SourceFile:1)
07-10 19:07:58.765  8735  8817 E cr_CronetUrlRequestContext: 	at com.google.android.libraries.g.ab.run(SourceFile:1)
07-10 19:07:58.765  8735  8817 E cr_CronetUrlRequestContext: 	at java.util.concurrent.ThreadPoolExecutor.runWorker(ThreadPoolExecutor.java:1167)
07-10 19:07:58.765  8735  8817 E cr_CronetUrlRequestContext: 	at java.util.concurrent.ThreadPoolExecutor$Worker.run(ThreadPoolExecutor.java:641)
07-10 19:07:58.765  8735  8817 E cr_CronetUrlRequestContext: 	at com.google.android.libraries.g.n.run(SourceFile:2)
07-10 19:07:58.765  8735  8817 E cr_CronetUrlRequestContext: 	at com.google.android.libraries.g.d.run(SourceFile:2)
07-10 19:07:58.765  8735  8817 E cr_CronetUrlRequestContext: 	at java.lang.Thread.run(Thread.java:920)
07-10 19:07:58.765  8735  8817 E cr_CronetUrlRequestContext: Caused by: java.util.concurrent.TimeoutException
07-10 19:07:58.765  8735  8817 E cr_CronetUrlRequestContext: 	at com.google.android.apps.gsa.shared.util.c.w.run(SourceFile:2)
07-10 19:07:58.765  8735  8817 E cr_CronetUrlRequestContext: 	at com.google.android.libraries.gsa.k.a.k.run(SourceFile:2)
07-10 19:07:58.765  8735  8817 E cr_CronetUrlRequestContext: 	at com.google.android.apps.gsa.shared.util.c.a.bt.b(SourceFile:1)
07-10 19:07:58.765  8735  8817 E cr_CronetUrlRequestContext: 	at com.google.android.apps.gsa.shared.util.c.a.bw.run(SourceFile:1)
07-10 19:07:58.765  8735  8817 E cr_CronetUrlRequestContext: 	at java.util.concurrent.Executors$RunnableAdapter.call(Executors.java:462)
07-10 19:07:58.765  8735  8817 E cr_CronetUrlRequestContext: 	at java.util.concurrent.FutureTask.run(FutureTask.java:266)
07-10 19:07:58.765  8735  8817 E cr_CronetUrlRequestContext: 	at com.google.android.libraries.g.r.run(SourceFile:1)
07-10 19:07:58.765  8735  8817 E cr_CronetUrlRequestContext: 	... 5 more
07-10 19:07:58.765  8735  8832 E cr_CronetUrlRequestContext: Exception in upload method
07-10 19:07:58.765  8735  8832 E cr_CronetUrlRequestContext: com.google.android.apps.gsa.shared.q.d: Error code: 656394 | null
07-10 19:07:58.765  8735  8832 E cr_CronetUrlRequestContext: 	at com.google.android.libraries.gsa.c.a.n.fZ(SourceFile:1)
07-10 19:07:58.765  8735  8832 E cr_CronetUrlRequestContext: 	at com.google.android.libraries.gsa.k.a.n.fZ(SourceFile:2)
07-10 19:07:58.765  8735  8832 E cr_CronetUrlRequestContext: 	at com.google.common.w.a.bv.run(SourceFile:6)
07-10 19:07:58.765  8735  8832 E cr_CronetUrlRequestContext: 	at com.google.android.apps.gsa.shared.util.c.a.bt.b(SourceFile:1)
07-10 19:07:58.765  8735  8832 E cr_CronetUrlRequestContext: 	at com.google.android.apps.gsa.shared.util.c.a.bw.run(SourceFile:1)
07-10 19:07:58.765  8735  8832 E cr_CronetUrlRequestContext: 	at com.google.android.libraries.g.ab.run(SourceFile:1)
07-10 19:07:58.765  8735  8832 E cr_CronetUrlRequestContext: 	at java.util.concurrent.ThreadPoolExecutor.runWorker(ThreadPoolExecutor.java:1167)
07-10 19:07:58.765  8735  8832 E cr_CronetUrlRequestContext: 	at java.util.concurrent.ThreadPoolExecutor$Worker.run(ThreadPoolExecutor.java:641)
07-10 19:07:58.765  8735  8832 E cr_CronetUrlRequestContext: 	at com.google.android.libraries.g.n.run(SourceFile:2)
07-10 19:07:58.765  8735  8832 E cr_CronetUrlRequestContext: 	at com.google.android.libraries.g.d.run(SourceFile:2)
07-10 19:07:58.765  8735  8832 E cr_CronetUrlRequestContext: 	at java.lang.Thread.run(Thread.java:920)
07-10 19:07:58.765  8735  8832 E cr_CronetUrlRequestContext: Caused by: java.util.concurrent.TimeoutException
07-10 19:07:58.765  8735  8832 E cr_CronetUrlRequestContext: 	at com.google.android.apps.gsa.shared.util.c.w.run(SourceFile:2)
07-10 19:07:58.765  8735  8832 E cr_CronetUrlRequestContext: 	at com.google.android.libraries.gsa.k.a.k.run(SourceFile:2)
07-10 19:07:58.765  8735  8832 E cr_CronetUrlRequestContext: 	at com.google.android.apps.gsa.shared.util.c.a.bt.b(SourceFile:1)
07-10 19:07:58.765  8735  8832 E cr_CronetUrlRequestContext: 	at com.google.android.apps.gsa.shared.util.c.a.bw.run(SourceFile:1)
07-10 19:07:58.765  8735  8832 E cr_CronetUrlRequestContext: 	at java.util.concurrent.Executors$RunnableAdapter.call(Executors.java:462)
07-10 19:07:58.765  8735  8832 E cr_CronetUrlRequestContext: 	at java.util.concurrent.FutureTask.run(FutureTask.java:266)
07-10 19:07:58.765  8735  8832 E cr_CronetUrlRequestContext: 	at com.google.android.libraries.g.r.run(SourceFile:1)
07-10 19:07:58.765  8735  8832 E cr_CronetUrlRequestContext: 	... 5 more
07-10 19:07:58.793  1545  1687 I MediaProvider: Deleted 0 1 0 0 0 0 0 items on external_primary due to com.android.shell
07-10 19:07:58.793  8260  8395 I UriTaskContentObserver: (REDACTED) Throttling content uri change event for %s
07-10 19:07:59.093 11491 16373 I ProvidersCache: Provider returned no roots. Possibly naughty: com.google.android.apps.docs.storage
07-10 19:07:59.114  1545  1687 W MediaProvider: isAppCloneUserPair for user 0: false
07-10 19:07:59.129   218   218 I hwservicemanager: getTransport: Cannot find entry android.hardware.graphics.mapper@4.0::IMapper/default in either framework or device VINTF manifest.
07-10 19:07:59.130 16368 16376 I Gralloc4: mapper 4.x is not supported
07-10 19:07:59.313  1545  3703 I MediaProvider: Begin Intent { act=android.intent.action.MEDIA_SCANNER_SCAN_FILE dat=file:///sdcard/screen_2025-07-10_190759.png flg=0x1400010 cmp=com.google.android.providers.media.module/com.android.providers.media.MediaService }
07-10 19:07:59.318  1545  3703 I MediaProvider: End Intent { act=android.intent.action.MEDIA_SCANNER_SCAN_FILE dat=file:///sdcard/screen_2025-07-10_190759.png flg=0x1400010 cmp=com.google.android.providers.media.module/com.android.providers.media.MediaService }
07-10 19:07:59.376  1545  1687 I MediaProvider: Deleted 0 1 0 0 0 0 0 items on external_primary due to com.android.shell
07-10 19:07:59.376  8260  8395 I UriTaskContentObserver: (REDACTED) Throttling content uri change event for %s
07-10 19:07:59.652  8598  8598 W ThreadPoolForeg: type=1400 audit(0.0:161): avc: denied { write } for name="traced_producer" dev="tmpfs" ino=561 scontext=u:r:gmscore_app:s0:c512,c768 tcontext=u:object_r:traced_producer_socket:s0 tclass=sock_file permissive=0 app=com.google.android.gms
07-10 19:07:59.971   561   604 I system_server: Explicit concurrent copying GC freed 146200(9255KB) AllocSpace objects, 67(1772KB) LOS objects, 45% free, 28MB/52MB, paused 289us,267us total 64.337ms
07-10 19:07:59.974   561   572 W System  : A resource failed to call close. 
07-10 19:07:59.976   561   572 W System  : A resource failed to call close. 
07-10 19:08:00.292  8260  8260 W ThreadPoolForeg: type=1400 audit(0.0:162): avc: denied { write } for name="traced_producer" dev="tmpfs" ino=561 scontext=u:r:gmscore_app:s0:c512,c768 tcontext=u:object_r:traced_producer_socket:s0 tclass=sock_file permissive=0 app=com.google.android.gms
07-10 19:08:00.341  1545  6192 I MediaProvider: Invalidating LocalCallingIdentity cache for package com.amaze.filemanager. Reason: op android:read_external_storage
07-10 19:08:00.344  1545  6192 I MediaProvider: Invalidating LocalCallingIdentity cache for package com.amaze.filemanager. Reason: op android:read_external_storage
07-10 19:08:00.345  1545  6192 I MediaProvider: Invalidating LocalCallingIdentity cache for package com.amaze.filemanager. Reason: op android:read_external_storage
07-10 19:08:00.496 15847 15847 W SQLiteLog: (28) double-quoted string literal: "1"
07-10 19:08:00.499 15847 15847 W SQLiteLog: (28) double-quoted string literal: "2"
07-10 19:08:00.763   561  2605 W InputManager-JNI: Input channel object '98ffb7f com.google.android.permissioncontroller/com.android.permissioncontroller.permission.ui.GrantPermissionsActivity (client)' was disposed without first being removed with the input manager!
07-10 19:08:00.863 11491 16470 I ProvidersCache: Provider returned no roots. Possibly naughty: com.google.android.apps.docs.storage
07-10 19:08:01.473 11491 16492 I ProvidersCache: Provider returned no roots. Possibly naughty: com.google.android.apps.docs.storage
07-10 19:08:01.500  1545  1688 W MediaProvider: isAppCloneUserPair for user 0: false
07-10 19:08:01.518   218   218 I hwservicemanager: getTransport: Cannot find entry android.hardware.graphics.mapper@4.0::IMapper/default in either framework or device VINTF manifest.
07-10 19:08:01.519 16487 16496 I Gralloc4: mapper 4.x is not supported
07-10 19:08:01.724  1545  3703 I MediaProvider: Begin Intent { act=android.intent.action.MEDIA_SCANNER_SCAN_FILE dat=file:///sdcard/screen_2025-07-10_190802.png flg=0x1400010 cmp=com.google.android.providers.media.module/com.android.providers.media.MediaService }
07-10 19:08:01.735  1545  3703 I MediaProvider: End Intent { act=android.intent.action.MEDIA_SCANNER_SCAN_FILE dat=file:///sdcard/screen_2025-07-10_190802.png flg=0x1400010 cmp=com.google.android.providers.media.module/com.android.providers.media.MediaService }
07-10 19:08:01.784   561   602 W ImageReader_JNI: Unable to acquire a buffer item, very likely client tried to acquire more than maxImages buffers
07-10 19:08:01.792  1545  1688 I MediaProvider: Deleted 0 1 0 0 0 0 0 items on external_primary due to com.android.shell
07-10 19:08:01.803   561   604 I ActivityTaskManager: Config changes=20000480 {1.0 310mcc260mnc [en_US] ldltr sw411dp w411dp h842dp 420dpi nrml long port finger qwerty/v/v dpad/v winConfig={ mBounds=Rect(0, 0 - 1080, 2400) mAppBounds=Rect(0, 0 - 1080, 2274) mMaxBounds=Rect(0, 0 - 1080, 2400) mWindowingMode=fullscreen mDisplayWindowingMode=fullscreen mActivityType=undefined mAlwaysOnTop=undefined mRotation=ROTATION_0} s.438 fontWeightAdjustment=0}
07-10 19:08:01.809   561   604 I WindowManager: Override config changes=20000480 {1.0 310mcc260mnc [en_US] ldltr sw411dp w411dp h842dp 420dpi nrml long port finger qwerty/v/v dpad/v winConfig={ mBounds=Rect(0, 0 - 1080, 2400) mAppBounds=Rect(0, 0 - 1080, 2274) mMaxBounds=Rect(0, 0 - 1080, 2400) mWindowingMode=fullscreen mDisplayWindowingMode=fullscreen mActivityType=undefined mAlwaysOnTop=undefined mRotation=ROTATION_0} s.438 fontWeightAdjustment=0} for displayId=0
07-10 19:08:01.824   561   604 I InputManager-JNI: Viewport [0] to add: local:4619827259835644672, isActive: true
07-10 19:08:01.825   561   673 I InputReader: Reconfiguring input devices, changes=DISPLAY_INFO | 
07-10 19:08:01.825   561   673 I InputReader: Touch device 'virtio_input_multi_touch_7' could not query the properties of its associated display.  The device will be inoperable until the display size becomes available.
07-10 19:08:01.825   561   673 I InputReader: Touch device 'virtio_input_multi_touch_5' could not query the properties of its associated display.  The device will be inoperable until the display size becomes available.
07-10 19:08:01.825   561   673 I InputReader: Touch device 'virtio_input_multi_touch_10' could not query the properties of its associated display.  The device will be inoperable until the display size becomes available.
07-10 19:08:01.825   561   673 I InputReader: Touch device 'virtio_input_multi_touch_2' could not query the properties of its associated display.  The device will be inoperable until the display size becomes available.
07-10 19:08:01.825   561   673 I InputReader: Touch device 'virtio_input_multi_touch_11' could not query the properties of its associated display.  The device will be inoperable until the display size becomes available.
07-10 19:08:01.825   561   673 I InputReader: Touch device 'virtio_input_multi_touch_8' could not query the properties of its associated display.  The device will be inoperable until the display size becomes available.
07-10 19:08:01.825   561   673 I InputReader: Device reconfigured: id=7, name='virtio_input_multi_touch_1', size 1080x2400, orientation 0, mode 1, display id 0
07-10 19:08:01.825   561   673 I InputReader: Touch device 'virtio_input_multi_touch_9' could not query the properties of its associated display.  The device will be inoperable until the display size becomes available.
07-10 19:08:01.825   561   673 I InputReader: Touch device 'virtio_input_multi_touch_3' could not query the properties of its associated display.  The device will be inoperable until the display size becomes available.
07-10 19:08:01.825   561   673 I InputReader: Touch device 'virtio_input_multi_touch_4' could not query the properties of its associated display.  The device will be inoperable until the display size becomes available.
07-10 19:08:01.825   561   673 I InputReader: Touch device 'virtio_input_multi_touch_6' could not query the properties of its associated display.  The device will be inoperable until the display size becomes available.
07-10 19:08:01.831   561   599 W InputDispatcher: Letterbox_right_ActivityRecord{f3b4c48 u0 com.amaze.filemanager/.activities.MainActivity t17} has FLAG_SLIPPERY. Please report this in b/157929241
07-10 19:08:01.831   561   599 W InputDispatcher: Letterbox_left_ActivityRecord{f3b4c48 u0 com.amaze.filemanager/.activities.MainActivity t17} has FLAG_SLIPPERY. Please report this in b/157929241
07-10 19:08:01.880   216   216 I servicemanager: Since 'apexservice' could not be found, trying to start it as a lazy AIDL service
07-10 19:08:01.945   216   216 I BpBinder: onLastStrongRef automatically unlinking death recipients: <uncached descriptor>
07-10 19:08:01.947   216   216 I servicemanager: Tried to unregister apexservice, but there is about to be a client.
07-10 19:08:02.660  8243  8243 W ThreadPoolForeg: type=1400 audit(0.0:163): avc: denied { write } for name="traced_producer" dev="tmpfs" ino=561 scontext=u:r:gmscore_app:s0:c512,c768 tcontext=u:object_r:traced_producer_socket:s0 tclass=sock_file permissive=0 app=com.google.android.gms
07-10 19:08:02.828   561   561 W Looper  : Slow dispatch took 998ms main h=android.hardware.display.DisplayManagerGlobal$DisplayListenerDelegate c=null m=2
07-10 19:08:02.829   561   561 W Looper  : Slow delivery took 1004ms main h=android.hardware.display.DisplayManagerGlobal$DisplayListenerDelegate c=null m=2
07-10 19:08:02.830   561   602 W Looper  : Slow dispatch took 1006ms android.ui h=android.hardware.display.DisplayManagerGlobal$DisplayListenerDelegate c=null m=2
07-10 19:08:02.837   561   561 W Looper  : Drained
07-10 19:08:02.840   561   960 W InputManager-JNI: Input channel object '5be245a com.amaze.filemanager/com.amaze.filemanager.activities.MainActivity (client)' was disposed without first being removed with the input manager!
07-10 19:08:02.844   561  4920 W InputDispatcher: Letterbox_bottom_ActivityRecord{f3b4c48 u0 com.amaze.filemanager/.activities.MainActivity t17} has FLAG_SLIPPERY. Please report this in b/157929241
07-10 19:08:02.879 11491 16527 I ProvidersCache: Provider returned no roots. Possibly naughty: com.google.android.apps.docs.storage
07-10 19:08:02.880   838  1263 W OpenGLRenderer: Failed to choose config with EGL_SWAP_BEHAVIOR_PRESERVED, retrying without...
07-10 19:08:02.880   838  1263 W OpenGLRenderer: Failed to initialize 101010-2 format, error = EGL_SUCCESS
07-10 19:08:02.965   838 10454 I OpenGLRenderer: Davey! duration=1134ms; Flags=0, FrameTimelineVsyncId=14662, IntendedVsync=642393377642, Vsync=642393377642, InputEventId=1975275737, HandleInputStart=642400257300, AnimationStart=642400278500, PerformTraversalsStart=642400399000, DrawStart=643424521700, FrameDeadline=642410044308, FrameInterval=642400243500, FrameStartTime=16666666, SyncQueued=643513384300, SyncStart=643514211800, IssueDrawCommandsStart=643514974900, SwapBuffers=643517024100, FrameCompleted=643528532600, DequeueBufferDuration=6962200, QueueBufferDuration=967800, GpuCompleted=643528532600, SwapBuffersCompleted=643526584900, DisplayPresentTime=8125425577087172619, 
07-10 19:08:02.965   838   838 I OpaEnabledReceiver: Dispatching OPA eligble = false; AGSA = true; OPA enabled = false
07-10 19:08:02.965   838   838 I OpaLayout: Setting opa enabled to false
07-10 19:08:02.965   561  3262 I WindowManager: finishDrawing of orientation change: Window{e69f46 u0 NavigationBar0} 1142ms
07-10 19:08:02.966   838   838 I OpaLayout: Setting opa enabled to false
07-10 19:08:02.968   838   838 I Choreographer: Skipped 67 frames!  The application may be doing too much work on its main thread.
07-10 19:08:03.012   838 10454 I OpenGLRenderer: Davey! duration=1158ms; Flags=0, FrameTimelineVsyncId=14664, IntendedVsync=642410044308, Vsync=643526710930, InputEventId=0, HandleInputStart=643539029900, AnimationStart=643539049500, PerformTraversalsStart=643539206500, DrawStart=643557829700, FrameDeadline=642443377640, FrameInterval=643538998400, FrameStartTime=16666666, SyncQueued=643558031900, SyncStart=643560640900, IssueDrawCommandsStart=643560763900, SwapBuffers=643561356100, FrameCompleted=643571005300, DequeueBufferDuration=7399300, QueueBufferDuration=1034700, GpuCompleted=643563534700, SwapBuffersCompleted=643571005300, DisplayPresentTime=0, 
07-10 19:08:03.031   561  1630 I WindowManager: finishDrawing of orientation change: Window{f21d3d5 u0 StatusBar} 1208ms
07-10 19:08:03.036   838 10454 I OpenGLRenderer: Davey! duration=1186ms; Flags=0, FrameTimelineVsyncId=14664, IntendedVsync=642410044308, Vsync=643526710930, InputEventId=0, HandleInputStart=643539029900, AnimationStart=643539049500, PerformTraversalsStart=643539206500, DrawStart=643583136400, FrameDeadline=642426710974, FrameInterval=643538998400, FrameStartTime=16666666, SyncQueued=643583663900, SyncStart=643588298100, IssueDrawCommandsStart=643588883200, SwapBuffers=643590396500, FrameCompleted=643601036400, DequeueBufferDuration=7453500, QueueBufferDuration=410500, GpuCompleted=643593438500, SwapBuffersCompleted=643601036400, DisplayPresentTime=0, 
07-10 19:08:03.143 15847 15847 I Choreographer: Skipped 77 frames!  The application may be doing too much work on its main thread.
07-10 19:08:03.229  1545  3292 W MediaProvider: isAppCloneUserPair for user 0: false
07-10 19:08:03.253   218   218 I hwservicemanager: getTransport: Cannot find entry android.hardware.graphics.mapper@4.0::IMapper/default in either framework or device VINTF manifest.
07-10 19:08:03.253 16556 16568 I Gralloc4: mapper 4.x is not supported
07-10 19:08:03.313 15847 15847 W View    : requestLayout() improperly called by android.widget.FrameLayout{d516291 V.E...... ......ID 0,147-1080,336 #7f0f00c6 app:id/buttonbarframe} during layout: running second layout pass
07-10 19:08:03.313 15847 15847 W View    : requestLayout() improperly called by android.support.v7.widget.Toolbar{9f70dff V.E...... ......ID 0,0-1080,147 #7f0f0060 app:id/action_bar} during layout: running second layout pass
07-10 19:08:03.344   561  4920 I WindowManager: finishDrawing of relaunch: Window{ae0e8f9 u0 com.amaze.filemanager/com.amaze.filemanager.activities.MainActivity} 1525ms
07-10 19:08:03.360   561   605 I WindowManager: Screen frozen for +1s601ms due to Window{ae0e8f9 u0 com.amaze.filemanager/com.amaze.filemanager.activities.MainActivity}
07-10 19:08:03.363 15847 15863 I OpenGLRenderer: Davey! duration=1486ms; Flags=1, FrameTimelineVsyncId=14666, IntendedVsync=642426710974, Vsync=643710044256, InputEventId=0, HandleInputStart=643713663800, AnimationStart=643713683600, PerformTraversalsStart=643713881400, DrawStart=643887913700, FrameDeadline=642443377640, FrameInterval=643713542300, FrameStartTime=16666666, SyncQueued=643904511800, SyncStart=643905042500, IssueDrawCommandsStart=643905353300, SwapBuffers=643909601900, FrameCompleted=643913720400, DequeueBufferDuration=17800, QueueBufferDuration=624500, GpuCompleted=643913643700, SwapBuffersCompleted=643913720400, DisplayPresentTime=0, 
07-10 19:08:03.381   561   605 W ImageReader_JNI: Unable to acquire a buffer item, very likely client tried to acquire more than maxImages buffers
07-10 19:08:03.427   390   390 W RanchuHwc: validateDisplay: layer 87 CompositionType 1, fallback
07-10 19:08:03.428   390   390 W RanchuHwc: presentDisplay display has no layers to compose, flushing client target buffer.
07-10 19:08:03.442   390   390 W RanchuHwc: validateDisplay: layer 87 CompositionType 1, fallback
07-10 19:08:03.444   390   390 W RanchuHwc: presentDisplay display has no layers to compose, flushing client target buffer.
07-10 19:08:03.459   390   390 W RanchuHwc: validateDisplay: layer 87 CompositionType 1, fallback
07-10 19:08:03.461   390   390 W RanchuHwc: presentDisplay display has no layers to compose, flushing client target buffer.
07-10 19:08:03.464  1545  3703 I MediaProvider: Begin Intent { act=android.intent.action.MEDIA_SCANNER_SCAN_FILE dat=file:///sdcard/screen_2025-07-10_190803.png flg=0x1400010 cmp=com.google.android.providers.media.module/com.android.providers.media.MediaService }
07-10 19:08:03.472  1545  3703 I MediaProvider: End Intent { act=android.intent.action.MEDIA_SCANNER_SCAN_FILE dat=file:///sdcard/screen_2025-07-10_190803.png flg=0x1400010 cmp=com.google.android.providers.media.module/com.android.providers.media.MediaService }
07-10 19:08:03.475   390   390 W RanchuHwc: validateDisplay: layer 87 CompositionType 1, fallback
07-10 19:08:03.476   390   390 W RanchuHwc: presentDisplay display has no layers to compose, flushing client target buffer.
07-10 19:08:03.492   390   390 W RanchuHwc: validateDisplay: layer 87 CompositionType 1, fallback
07-10 19:08:03.494   390   390 W RanchuHwc: presentDisplay display has no layers to compose, flushing client target buffer.
07-10 19:08:03.509   390   390 W RanchuHwc: validateDisplay: layer 92 CompositionType 1, fallback
07-10 19:08:03.511   390   390 W RanchuHwc: presentDisplay display has no layers to compose, flushing client target buffer.
07-10 19:08:03.525   390   390 W RanchuHwc: validateDisplay: layer 92 CompositionType 1, fallback
07-10 19:08:03.527   390   390 W RanchuHwc: presentDisplay display has no layers to compose, flushing client target buffer.
07-10 19:08:03.531  1545  1688 I MediaProvider: Deleted 0 1 0 0 0 0 0 items on external_primary due to com.android.shell
07-10 19:08:03.531  8260  8395 I UriTaskContentObserver: (REDACTED) Throttling content uri change event for %s
07-10 19:08:03.543   390   390 W RanchuHwc: validateDisplay: layer 92 CompositionType 1, fallback
07-10 19:08:03.544   390   390 W RanchuHwc: presentDisplay display has no layers to compose, flushing client target buffer.
07-10 19:08:03.558   390   390 W RanchuHwc: validateDisplay: layer 92 CompositionType 1, fallback
07-10 19:08:03.560   390   390 W RanchuHwc: presentDisplay display has no layers to compose, flushing client target buffer.
07-10 19:08:03.577   390   390 W RanchuHwc: validateDisplay: layer 92 CompositionType 1, fallback
07-10 19:08:03.579   390   390 W RanchuHwc: presentDisplay display has no layers to compose, flushing client target buffer.
07-10 19:08:03.593   390   390 W RanchuHwc: validateDisplay: layer 92 CompositionType 1, fallback
07-10 19:08:03.594   390   390 W RanchuHwc: presentDisplay display has no layers to compose, flushing client target buffer.
07-10 19:08:03.609   390   390 W RanchuHwc: validateDisplay: layer 92 CompositionType 1, fallback
07-10 19:08:03.611   390   390 W RanchuHwc: presentDisplay display has no layers to compose, flushing client target buffer.
07-10 19:08:03.627   390   390 W RanchuHwc: validateDisplay: layer 92 CompositionType 1, fallback
07-10 19:08:03.629   390   390 W RanchuHwc: presentDisplay display has no layers to compose, flushing client target buffer.
07-10 19:08:03.642   390   390 W RanchuHwc: validateDisplay: layer 92 CompositionType 1, fallback
07-10 19:08:03.644   390   390 W RanchuHwc: presentDisplay display has no layers to compose, flushing client target buffer.
07-10 19:08:03.658   390   390 W RanchuHwc: validateDisplay: layer 92 CompositionType 1, fallback
07-10 19:08:03.661   390   390 W RanchuHwc: presentDisplay display has no layers to compose, flushing client target buffer.
07-10 19:08:03.677   390   390 W RanchuHwc: validateDisplay: layer 92 CompositionType 1, fallback
07-10 19:08:03.679   390   390 W RanchuHwc: presentDisplay display has no layers to compose, flushing client target buffer.
07-10 19:08:03.899  1545  1688 W MediaProvider: isAppCloneUserPair for user 0: false
07-10 19:08:03.919   218   218 I hwservicemanager: getTransport: Cannot find entry android.hardware.graphics.mapper@4.0::IMapper/default in either framework or device VINTF manifest.
07-10 19:08:03.920 16618 16620 I Gralloc4: mapper 4.x is not supported
07-10 19:08:04.148  1545  3703 I MediaProvider: Begin Intent { act=android.intent.action.MEDIA_SCANNER_SCAN_FILE dat=file:///sdcard/screen_2025-07-10_190804.png flg=0x1400010 cmp=com.google.android.providers.media.module/com.android.providers.media.MediaService }
07-10 19:08:04.158  1545  3703 I MediaProvider: End Intent { act=android.intent.action.MEDIA_SCANNER_SCAN_FILE dat=file:///sdcard/screen_2025-07-10_190804.png flg=0x1400010 cmp=com.google.android.providers.media.module/com.android.providers.media.MediaService }
07-10 19:08:04.218  1545  1688 I MediaProvider: Deleted 0 1 0 0 0 0 0 items on external_primary due to com.android.shell
07-10 19:08:04.219  8260  8395 I UriTaskContentObserver: (REDACTED) Throttling content uri change event for %s
07-10 19:08:04.410 11491 16658 I ProvidersCache: Provider returned no roots. Possibly naughty: com.google.android.apps.docs.storage
07-10 19:08:04.982 11491 16725 I ProvidersCache: Provider returned no roots. Possibly naughty: com.google.android.apps.docs.storage
07-10 19:08:05.371 11491 16736 I ProvidersCache: Provider returned no roots. Possibly naughty: com.google.android.apps.docs.storage
07-10 19:08:05.454   561   604 I system_server: Explicit concurrent copying GC freed 210921(11MB) AllocSpace objects, 48(1212KB) LOS objects, 45% free, 28MB/52MB, paused 308us,68us total 64.073ms
07-10 19:08:05.456   561   572 W System  : A resource failed to call close. 
07-10 19:08:05.458   561   572 W System  : A resource failed to call close. 
07-10 19:08:05.460   561   572 W System  : A resource failed to call close. 
07-10 19:08:05.599 12115 12115 I Choreographer: Skipped 83 frames!  The application may be doing too much work on its main thread.
07-10 19:08:05.646 11491 16747 I ProvidersCache: Provider returned no roots. Possibly naughty: com.google.android.apps.docs.storage
07-10 19:08:05.793   216   216 I servicemanager: Notifying apexservice they have clients: 1
07-10 19:08:05.794   216   216 I servicemanager: Notifying apexservice they have clients: 0
07-10 19:08:05.797   216   216 I BpBinder: onLastStrongRef automatically unlinking death recipients: <uncached descriptor>
07-10 19:08:06.250  1545  1688 W MediaProvider: isAppCloneUserPair for user 0: false
07-10 19:08:06.268   218   218 I hwservicemanager: getTransport: Cannot find entry android.hardware.graphics.mapper@4.0::IMapper/default in either framework or device VINTF manifest.
07-10 19:08:06.269 16763 16765 I Gralloc4: mapper 4.x is not supported
07-10 19:08:06.496  1545  3703 I MediaProvider: Begin Intent { act=android.intent.action.MEDIA_SCANNER_SCAN_FILE dat=file:///sdcard/screen_2025-07-10_190806.png flg=0x1400010 cmp=com.google.android.providers.media.module/com.android.providers.media.MediaService }
07-10 19:08:06.508  1545  3703 I MediaProvider: End Intent { act=android.intent.action.MEDIA_SCANNER_SCAN_FILE dat=file:///sdcard/screen_2025-07-10_190806.png flg=0x1400010 cmp=com.google.android.providers.media.module/com.android.providers.media.MediaService }
07-10 19:08:06.559  1545  1688 I MediaProvider: Deleted 0 1 0 0 0 0 0 items on external_primary due to com.android.shell
07-10 19:08:06.559  8260  8395 I UriTaskContentObserver: (REDACTED) Throttling content uri change event for %s
07-10 19:08:06.898  1545  1688 W MediaProvider: isAppCloneUserPair for user 0: false
07-10 19:08:06.916   218   218 I hwservicemanager: getTransport: Cannot find entry android.hardware.graphics.mapper@4.0::IMapper/default in either framework or device VINTF manifest.
07-10 19:08:06.916 16800 16802 I Gralloc4: mapper 4.x is not supported
07-10 19:08:07.142  1545  3703 I MediaProvider: Begin Intent { act=android.intent.action.MEDIA_SCANNER_SCAN_FILE dat=file:///sdcard/screen_2025-07-10_190807.png flg=0x1400010 cmp=com.google.android.providers.media.module/com.android.providers.media.MediaService }
07-10 19:08:07.147  1545  3703 I MediaProvider: End Intent { act=android.intent.action.MEDIA_SCANNER_SCAN_FILE dat=file:///sdcard/screen_2025-07-10_190807.png flg=0x1400010 cmp=com.google.android.providers.media.module/com.android.providers.media.MediaService }
07-10 19:08:07.202  1545  1688 I MediaProvider: Deleted 0 1 0 0 0 0 0 items on external_primary due to com.android.shell
07-10 19:08:07.204  8260  8395 I UriTaskContentObserver: (REDACTED) Throttling content uri change event for %s
07-10 19:08:07.452  1554 16836 W ProcessReaper: Memory state is: 125
07-10 19:08:07.555  1545  1688 W MediaProvider: isAppCloneUserPair for user 0: false
07-10 19:08:07.572   218   218 I hwservicemanager: getTransport: Cannot find entry android.hardware.graphics.mapper@4.0::IMapper/default in either framework or device VINTF manifest.
07-10 19:08:07.572 16840 16842 I Gralloc4: mapper 4.x is not supported
07-10 19:08:07.755 11491 16846 I ProvidersCache: Provider returned no roots. Possibly naughty: com.google.android.apps.docs.storage
07-10 19:08:07.787  1545  3703 I MediaProvider: Begin Intent { act=android.intent.action.MEDIA_SCANNER_SCAN_FILE dat=file:///sdcard/screen_2025-07-10_190808.png flg=0x1400010 cmp=com.google.android.providers.media.module/com.android.providers.media.MediaService }
07-10 19:08:07.794  1545  3703 I MediaProvider: End Intent { act=android.intent.action.MEDIA_SCANNER_SCAN_FILE dat=file:///sdcard/screen_2025-07-10_190808.png flg=0x1400010 cmp=com.google.android.providers.media.module/com.android.providers.media.MediaService }
07-10 19:08:07.850  8260  8395 I UriTaskContentObserver: (REDACTED) Throttling content uri change event for %s
07-10 19:08:07.850  1545  1688 I MediaProvider: Deleted 0 1 0 0 0 0 0 items on external_primary due to com.android.shell
07-10 19:08:08.181 11491 16892 I ProvidersCache: Provider returned no roots. Possibly naughty: com.google.android.apps.docs.storage
07-10 19:08:08.185   561   602 W ImageReader_JNI: Unable to acquire a buffer item, very likely client tried to acquire more than maxImages buffers
07-10 19:08:08.199   561   604 I ActivityTaskManager: Config changes=20000480 {1.0 310mcc260mnc [en_US] ldltr sw411dp w866dp h387dp 420dpi nrml long land finger qwerty/v/v dpad/v winConfig={ mBounds=Rect(0, 0 - 2400, 1080) mAppBounds=Rect(126, 0 - 2400, 1080) mMaxBounds=Rect(0, 0 - 2400, 1080) mWindowingMode=fullscreen mDisplayWindowingMode=fullscreen mActivityType=undefined mAlwaysOnTop=undefined mRotation=ROTATION_270} s.473 fontWeightAdjustment=0}
07-10 19:08:08.204   561   604 I WindowManager: Override config changes=20000480 {1.0 310mcc260mnc [en_US] ldltr sw411dp w866dp h387dp 420dpi nrml long land finger qwerty/v/v dpad/v winConfig={ mBounds=Rect(0, 0 - 2400, 1080) mAppBounds=Rect(126, 0 - 2400, 1080) mMaxBounds=Rect(0, 0 - 2400, 1080) mWindowingMode=fullscreen mDisplayWindowingMode=fullscreen mActivityType=undefined mAlwaysOnTop=undefined mRotation=ROTATION_270} s.473 fontWeightAdjustment=0} for displayId=0
07-10 19:08:08.222   561   604 I InputManager-JNI: Viewport [0] to add: local:4619827259835644672, isActive: true
07-10 19:08:08.224   561   673 I InputReader: Reconfiguring input devices, changes=DISPLAY_INFO | 
07-10 19:08:08.224   561   673 I InputReader: Touch device 'virtio_input_multi_touch_7' could not query the properties of its associated display.  The device will be inoperable until the display size becomes available.
07-10 19:08:08.224   561   673 I InputReader: Touch device 'virtio_input_multi_touch_5' could not query the properties of its associated display.  The device will be inoperable until the display size becomes available.
07-10 19:08:08.224   561   673 I InputReader: Touch device 'virtio_input_multi_touch_10' could not query the properties of its associated display.  The device will be inoperable until the display size becomes available.
07-10 19:08:08.225   561   673 I InputReader: Touch device 'virtio_input_multi_touch_2' could not query the properties of its associated display.  The device will be inoperable until the display size becomes available.
07-10 19:08:08.225   561   673 I InputReader: Touch device 'virtio_input_multi_touch_11' could not query the properties of its associated display.  The device will be inoperable until the display size becomes available.
07-10 19:08:08.225   561   673 I InputReader: Touch device 'virtio_input_multi_touch_8' could not query the properties of its associated display.  The device will be inoperable until the display size becomes available.
07-10 19:08:08.225   561   673 I InputReader: Device reconfigured: id=7, name='virtio_input_multi_touch_1', size 1080x2400, orientation 3, mode 1, display id 0
07-10 19:08:08.225   561   673 I InputReader: Touch device 'virtio_input_multi_touch_9' could not query the properties of its associated display.  The device will be inoperable until the display size becomes available.
07-10 19:08:08.225   561   673 I InputReader: Touch device 'virtio_input_multi_touch_3' could not query the properties of its associated display.  The device will be inoperable until the display size becomes available.
07-10 19:08:08.225   561   673 I InputReader: Touch device 'virtio_input_multi_touch_4' could not query the properties of its associated display.  The device will be inoperable until the display size becomes available.
07-10 19:08:08.225   561   673 I InputReader: Touch device 'virtio_input_multi_touch_6' could not query the properties of its associated display.  The device will be inoperable until the display size becomes available.
07-10 19:08:08.228   561  1205 W InputDispatcher: Letterbox_bottom_ActivityRecord{f3b4c48 u0 com.amaze.filemanager/.activities.MainActivity t17} has FLAG_SLIPPERY. Please report this in b/157929241
07-10 19:08:08.245   561  1630 W InputDispatcher: Letterbox_right_ActivityRecord{f3b4c48 u0 com.amaze.filemanager/.activities.MainActivity t17} has FLAG_SLIPPERY. Please report this in b/157929241
07-10 19:08:08.245   561  1630 W InputDispatcher: Letterbox_left_ActivityRecord{f3b4c48 u0 com.amaze.filemanager/.activities.MainActivity t17} has FLAG_SLIPPERY. Please report this in b/157929241
07-10 19:08:08.254   561  1630 W InputManager-JNI: Input channel object 'ae0e8f9 com.amaze.filemanager/com.amaze.filemanager.activities.MainActivity (client)' was disposed without first being removed with the input manager!
07-10 19:08:08.284   838  1263 W OpenGLRenderer: Failed to choose config with EGL_SWAP_BEHAVIOR_PRESERVED, retrying without...
07-10 19:08:08.284   838  1263 W OpenGLRenderer: Failed to initialize 101010-2 format, error = EGL_SUCCESS
07-10 19:08:08.368   561   765 I WindowManager: finishDrawing of orientation change: Window{e69f46 u0 NavigationBar0} 146ms
07-10 19:08:08.424   561  1630 I WindowManager: finishDrawing of orientation change: Window{f21d3d5 u0 StatusBar} 202ms
07-10 19:08:08.547 11491 16931 I ProvidersCache: Provider returned no roots. Possibly naughty: com.google.android.apps.docs.storage
07-10 19:08:08.622 15847 15847 W View    : requestLayout() improperly called by android.widget.FrameLayout{bcd2f15 V.E...... ......ID 0,126-1353,315 #7f0f00c6 app:id/buttonbarframe} during layout: running second layout pass
07-10 19:08:08.622 15847 15847 W View    : requestLayout() improperly called by android.support.v7.widget.Toolbar{261baff V.E...... ......ID 0,0-1353,126 #7f0f0060 app:id/action_bar} during layout: running second layout pass
07-10 19:08:08.639   561  1630 I WindowManager: finishDrawing of relaunch: Window{4b20485 u0 com.amaze.filemanager/com.amaze.filemanager.activities.MainActivity} 419ms
07-10 19:08:08.662   561   605 I WindowManager: Screen frozen for +501ms due to Window{4b20485 u0 com.amaze.filemanager/com.amaze.filemanager.activities.MainActivity}
07-10 19:08:08.681   561   605 W ImageReader_JNI: Unable to acquire a buffer item, very likely client tried to acquire more than maxImages buffers
07-10 19:08:08.727   390   390 W RanchuHwc: validateDisplay: layer 93 CompositionType 1, fallback
07-10 19:08:08.728   390   390 W RanchuHwc: presentDisplay display has no layers to compose, flushing client target buffer.
07-10 19:08:08.743   390   390 W RanchuHwc: validateDisplay: layer 93 CompositionType 1, fallback
07-10 19:08:08.745   390   390 W RanchuHwc: presentDisplay display has no layers to compose, flushing client target buffer.
07-10 19:08:08.760   390   390 W RanchuHwc: validateDisplay: layer 93 CompositionType 1, fallback
07-10 19:08:08.761   390   390 W RanchuHwc: presentDisplay display has no layers to compose, flushing client target buffer.
07-10 19:08:08.775   390   390 W RanchuHwc: validateDisplay: layer 93 CompositionType 1, fallback
07-10 19:08:08.777   390   390 W RanchuHwc: presentDisplay display has no layers to compose, flushing client target buffer.
07-10 19:08:08.793   390   390 W RanchuHwc: validateDisplay: layer 93 CompositionType 1, fallback
07-10 19:08:08.794   390   390 W RanchuHwc: presentDisplay display has no layers to compose, flushing client target buffer.
07-10 19:08:08.810   390   390 W RanchuHwc: validateDisplay: layer 99 CompositionType 1, fallback
07-10 19:08:08.811   390   390 W RanchuHwc: presentDisplay display has no layers to compose, flushing client target buffer.
07-10 19:08:08.815 11491 16955 I ProvidersCache: Provider returned no roots. Possibly naughty: com.google.android.apps.docs.storage
07-10 19:08:08.828   390   390 W RanchuHwc: validateDisplay: layer 99 CompositionType 1, fallback
07-10 19:08:08.830   390   390 W RanchuHwc: presentDisplay display has no layers to compose, flushing client target buffer.
07-10 19:08:08.843   390   390 W RanchuHwc: validateDisplay: layer 99 CompositionType 1, fallback
07-10 19:08:08.844   390   390 W RanchuHwc: presentDisplay display has no layers to compose, flushing client target buffer.
07-10 19:08:08.859   390   390 W RanchuHwc: validateDisplay: layer 99 CompositionType 1, fallback
07-10 19:08:08.860   390   390 W RanchuHwc: presentDisplay display has no layers to compose, flushing client target buffer.
07-10 19:08:08.876   390   390 W RanchuHwc: validateDisplay: layer 99 CompositionType 1, fallback
07-10 19:08:08.878   390   390 W RanchuHwc: presentDisplay display has no layers to compose, flushing client target buffer.
07-10 19:08:08.893   390   390 W RanchuHwc: validateDisplay: layer 99 CompositionType 1, fallback
07-10 19:08:08.894   390   390 W RanchuHwc: presentDisplay display has no layers to compose, flushing client target buffer.
07-10 19:08:08.908   390   390 W RanchuHwc: validateDisplay: layer 99 CompositionType 1, fallback
07-10 19:08:08.910   390   390 W RanchuHwc: presentDisplay display has no layers to compose, flushing client target buffer.
07-10 19:08:08.926   390   390 W RanchuHwc: validateDisplay: layer 99 CompositionType 1, fallback
07-10 19:08:08.927   390   390 W RanchuHwc: presentDisplay display has no layers to compose, flushing client target buffer.
07-10 19:08:08.942   390   390 W RanchuHwc: validateDisplay: layer 99 CompositionType 1, fallback
07-10 19:08:08.944   390   390 W RanchuHwc: presentDisplay display has no layers to compose, flushing client target buffer.
07-10 19:08:08.959   390   390 W RanchuHwc: validateDisplay: layer 99 CompositionType 1, fallback
07-10 19:08:08.961   390   390 W RanchuHwc: presentDisplay display has no layers to compose, flushing client target buffer.
07-10 19:08:08.977   390   390 W RanchuHwc: validateDisplay: layer 99 CompositionType 1, fallback
07-10 19:08:08.979   390   390 W RanchuHwc: presentDisplay display has no layers to compose, flushing client target buffer.
07-10 19:08:09.146 11491 16965 I ProvidersCache: Provider returned no roots. Possibly naughty: com.google.android.apps.docs.storage
07-10 19:08:09.163  8443  8443 I Finsky  : [2] SCH: job service start with id 9342.
07-10 19:08:09.167  8443 15224 I Finsky  : [178] SCH: Satisfied jobs for 9342 are: 12-1
07-10 19:08:09.168  8443 15261 I Finsky  : [188] SCH: Job 12-1 starting
07-10 19:08:09.168  8443  8443 I Finsky  : [2] [ContentSync] job started
07-10 19:08:09.208  8443 16971 I Finsky  : [200] App states replicator found 9 unowned apps
07-10 19:08:09.210  8443 16971 I Finsky  : [200] Completed 0 account content syncs with 0 successful.
07-10 19:08:09.211  8443  8443 I Finsky  : [2] [ContentSync] Installation state replication succeeded.
07-10 19:08:09.211  8443  8443 I Finsky  : [2] SCH: jobFinished: 12-1. TimeElapsed: 43ms.
07-10 19:08:09.224  8443  8515 I Finsky  : [67] SCH: Scheduling phonesky job Id: 1-1337, CT: 1752199248479, Constraints: [{ L: 14399998, D: 50634160, C: CHARGING_NONE, I: IDLE_NONE, N: NET_ANY, B: BATTERY_ANY }]
07-10 19:08:09.224  8443  8515 I Finsky  : [67] SCH: Scheduling phonesky job Id: 10-4, CT: 1752199248159, Constraints: [{ L: 1200000, D: 86400000, C: CHARGING_NONE, I: IDLE_NONE, N: NET_ANY, B: BATTERY_ANY }]
07-10 19:08:09.224  8443  8515 I Finsky  : [67] SCH: Scheduling phonesky job Id: 10-11, CT: 1752199248159, Constraints: [{ L: 600000, D: 86400000, C: CHARGING_NONE, I: IDLE_NONE, N: NET_ANY, B: BATTERY_ANY }]
07-10 19:08:09.224  8443  8515 I Finsky  : [67] SCH: Scheduling phonesky job Id: 10-26, CT: 1752199248160, Constraints: [{ L: 600000, D: 86400000, C: CHARGING_NONE, I: IDLE_NONE, N: NET_ANY, B: BATTERY_ANY }]
07-10 19:08:09.224  8443  8515 I Finsky  : [67] SCH: Scheduling phonesky job Id: 10-123, CT: 1752199248163, Constraints: [{ L: 600000, D: 86400000, C: CHARGING_NONE, I: IDLE_NONE, N: NET_ANY, B: BATTERY_ANY }]
07-10 19:08:09.228  8443  8521 I Finsky  : [70] SCH: Scheduling 1 system job(s)
07-10 19:08:09.229  8443  8521 I Finsky  : [70] SCH: Scheduling system job Id: 9351, L: 158931, D: 50193411, C: false, I: false, N: 1
07-10 19:08:09.234  8443 15261 I Finsky  : [188] SCH: job service finished with id 9342.
07-10 19:08:09.344 12115 12115 I Choreographer: Skipped 45 frames!  The application may be doing too much work on its main thread.
07-10 19:08:09.398 11491 16979 I ProvidersCache: Provider returned no roots. Possibly naughty: com.google.android.apps.docs.storage
07-10 19:08:09.950  1545  1688 W MediaProvider: isAppCloneUserPair for user 0: false
07-10 19:08:09.968   218   218 I hwservicemanager: getTransport: Cannot find entry android.hardware.graphics.mapper@4.0::IMapper/default in either framework or device VINTF manifest.
07-10 19:08:09.968 17003 17005 I Gralloc4: mapper 4.x is not supported
07-10 19:08:10.175  1545  3703 I MediaProvider: Begin Intent { act=android.intent.action.MEDIA_SCANNER_SCAN_FILE dat=file:///sdcard/screen_2025-07-10_190810.png flg=0x1400010 cmp=com.google.android.providers.media.module/com.android.providers.media.MediaService }
07-10 19:08:10.182  1545  3703 I MediaProvider: End Intent { act=android.intent.action.MEDIA_SCANNER_SCAN_FILE dat=file:///sdcard/screen_2025-07-10_190810.png flg=0x1400010 cmp=com.google.android.providers.media.module/com.android.providers.media.MediaService }
07-10 19:08:10.234  1545  1688 I MediaProvider: Deleted 0 1 0 0 0 0 0 items on external_primary due to com.android.shell
07-10 19:08:10.235  8260  8395 I UriTaskContentObserver: (REDACTED) Throttling content uri change event for %s
07-10 19:08:10.568  1545  1688 W MediaProvider: isAppCloneUserPair for user 0: false
07-10 19:08:10.584   218   218 I hwservicemanager: getTransport: Cannot find entry android.hardware.graphics.mapper@4.0::IMapper/default in either framework or device VINTF manifest.
07-10 19:08:10.584 17042 17044 I Gralloc4: mapper 4.x is not supported
07-10 19:08:10.765   561   604 I system_server: Explicit concurrent copying GC freed 193613(11MB) AllocSpace objects, 62(1564KB) LOS objects, 45% free, 28MB/52MB, paused 333us,82us total 74.912ms
07-10 19:08:10.768   561   572 W System  : A resource failed to call close. 
07-10 19:08:10.769   561   572 W System  : A resource failed to call close. 
07-10 19:08:10.802  1545  3703 I MediaProvider: Begin Intent { act=android.intent.action.MEDIA_SCANNER_SCAN_FILE dat=file:///sdcard/screen_2025-07-10_190811.png flg=0x1400010 cmp=com.google.android.providers.media.module/com.android.providers.media.MediaService }
07-10 19:08:10.808  1545  3703 I MediaProvider: End Intent { act=android.intent.action.MEDIA_SCANNER_SCAN_FILE dat=file:///sdcard/screen_2025-07-10_190811.png flg=0x1400010 cmp=com.google.android.providers.media.module/com.android.providers.media.MediaService }
