07-10 19:08:55.035 19926 20018 W ogle.android.g: ClassLoaderContext classpath size mismatch. expected=14, found=5 (DLC[];PCL[base.apk*4200896048:base.apk!classes2.dex*2648861978:base.apk!classes3.dex*867742970:base.apk!classes4.dex*3647326299:base.apk!classes5.dex*1474987778:base.apk!classes6.dex*2774851643:base.apk!classes7.dex*1405854162:base.apk!classes8.dex*818860920:base.apk!classes9.dex*1720315296:base.apk!classes10.dex*3535340176:base.apk!classes11.dex*1720366269:base.apk!classes12.dex*1484636670:base.apk!classes13.dex*1342963717:base.apk!classes14.dex*4198893896]{PCL[/system/framework/org.apache.http.legacy.jar*2058259660]#PCL[/system/framework/com.android.media.remotedisplay.jar*3472798122]#PCL[/system/framework/com.android.location.provider.jar*3633238673]#PCL[/system_ext/framework/androidx.window.sidecar.jar*3539530913]#PCL[/system/framework/org.apache.http.legacy.jar*2058259660]} | DLC[];PCL[/product/app/PrebuiltGmail/PrebuiltGmail.apk*485984387:/product/app/PrebuiltGmail/PrebuiltGmail.apk!classes2.dex*267588118:/product/app/PrebuiltGmail/PrebuiltGmail.apk!classes3.dex*3535727434:/product/app/PrebuiltGmail/PrebuiltGmail.apk!classes4.dex*2046563236:/product/app/PrebuiltGmail/PrebuiltGmail.apk!classes5.dex*3346341622]{PCL[/system/framework/org.apache.http.legacy.jar*2058259660]})
07-10 19:08:55.040  1545  1687 W MediaProvider: isAppCloneUserPair for user 0: false
07-10 19:08:55.072  8260  8309 I FontLog : (REDACTED) Pulling font file for id = %d, cache size = %d
07-10 19:08:55.081   218   218 I hwservicemanager: getTransport: Cannot find entry android.hardware.graphics.mapper@4.0::IMapper/default in either framework or device VINTF manifest.
07-10 19:08:55.082 20015 20044 I Gralloc4: mapper 4.x is not supported
07-10 19:08:55.143  8260  8753 I FontLog : (REDACTED) Pulling font file for id = %d, cache size = %d
07-10 19:08:55.197  8260  8309 W Auth    : [GaiaServicesFlagManager] Services not available! [CONTEXT service_id=343 ]
07-10 19:08:55.209  8260  8309 W Auth    : [GaiaServicesFlagManager] Services not available! [CONTEXT service_id=343 ]
07-10 19:08:55.216  8260  8424 W PhBaseOp: Phenotype API error. Event: # hdjn@ea3feb85, EventCode: COMMIT_CONFIG [CONTEXT service_id=51 ]
07-10 19:08:55.216  8260  8424 W PhBaseOp: ecfi: 29538: Stale snapshot for com.google.android.libraries.communications.conference.device#com.google.android.gm(change count changed - expected 10  but was 9)
07-10 19:08:55.216  8260  8424 W PhBaseOp: 	at echh.d(:com.google.android.gms@252431032@25.24.31 (190800-772615181):1498)
07-10 19:08:55.216  8260  8424 W PhBaseOp: 	at echh.b(:com.google.android.gms@252431032@25.24.31 (190800-772615181):43)
07-10 19:08:55.216  8260  8424 W PhBaseOp: 	at echg.i(:com.google.android.gms@252431032@25.24.31 (190800-772615181):3)
07-10 19:08:55.216  8260  8424 W PhBaseOp: 	at echc.h(:com.google.android.gms@252431032@25.24.31 (190800-772615181):35)
07-10 19:08:55.216  8260  8424 W PhBaseOp: 	at echc.f(:com.google.android.gms@252431032@25.24.31 (190800-772615181):17)
07-10 19:08:55.216  8260  8424 W PhBaseOp: 	at cgjx.fI(:com.google.android.gms@252431032@25.24.31 (190800-772615181):1)
07-10 19:08:55.216  8260  8424 W PhBaseOp: 	at cgkb.run(:com.google.android.gms@252431032@25.24.31 (190800-772615181):140)
07-10 19:08:55.216  8260  8424 W PhBaseOp: 	at fwdb.run(:com.google.android.gms@252431032@25.24.31 (190800-772615181):21)
07-10 19:08:55.216  8260  8424 W PhBaseOp: 	at azcj.c(:com.google.android.gms@252431032@25.24.31 (190800-772615181):50)
07-10 19:08:55.216  8260  8424 W PhBaseOp: 	at azcj.run(:com.google.android.gms@252431032@25.24.31 (190800-772615181):70)
07-10 19:08:55.216  8260  8424 W PhBaseOp: 	at java.util.concurrent.ThreadPoolExecutor.runWorker(ThreadPoolExecutor.java:1167)
07-10 19:08:55.216  8260  8424 W PhBaseOp: 	at java.util.concurrent.ThreadPoolExecutor$Worker.run(ThreadPoolExecutor.java:641)
07-10 19:08:55.216  8260  8424 W PhBaseOp: 	at azhy.run(:com.google.android.gms@252431032@25.24.31 (190800-772615181):8)
07-10 19:08:55.216  8260  8424 W PhBaseOp: 	at java.lang.Thread.run(Thread.java:920)
07-10 19:08:55.219  8260  8424 W AsyncOperation: operation=CommitToConfigurationOperationCall, opStatusCode=29538 [CONTEXT service_id=51 ]
07-10 19:08:55.219  8260  8424 W AsyncOperation: OperationException[Status{statusCode=Stale snapshot for com.google.android.libraries.communications.conference.device#com.google.android.gm(change count changed - expected 10  but was 9), resolution=null}]
07-10 19:08:55.219  8260  8424 W AsyncOperation: 	at echc.h(:com.google.android.gms@252431032@25.24.31 (190800-772615181):65)
07-10 19:08:55.219  8260  8424 W AsyncOperation: 	at echc.f(:com.google.android.gms@252431032@25.24.31 (190800-772615181):17)
07-10 19:08:55.219  8260  8424 W AsyncOperation: 	at cgjx.fI(:com.google.android.gms@252431032@25.24.31 (190800-772615181):1)
07-10 19:08:55.219  8260  8424 W AsyncOperation: 	at cgkb.run(:com.google.android.gms@252431032@25.24.31 (190800-772615181):140)
07-10 19:08:55.219  8260  8424 W AsyncOperation: 	at fwdb.run(:com.google.android.gms@252431032@25.24.31 (190800-772615181):21)
07-10 19:08:55.219  8260  8424 W AsyncOperation: 	at azcj.c(:com.google.android.gms@252431032@25.24.31 (190800-772615181):50)
07-10 19:08:55.219  8260  8424 W AsyncOperation: 	at azcj.run(:com.google.android.gms@252431032@25.24.31 (190800-772615181):70)
07-10 19:08:55.219  8260  8424 W AsyncOperation: 	at java.util.concurrent.ThreadPoolExecutor.runWorker(ThreadPoolExecutor.java:1167)
07-10 19:08:55.219  8260  8424 W AsyncOperation: 	at java.util.concurrent.ThreadPoolExecutor$Worker.run(ThreadPoolExecutor.java:641)
07-10 19:08:55.219  8260  8424 W AsyncOperation: 	at azhy.run(:com.google.android.gms@252431032@25.24.31 (190800-772615181):8)
07-10 19:08:55.219  8260  8424 W AsyncOperation: 	at java.lang.Thread.run(Thread.java:920)
07-10 19:08:55.247 19926 20051 W xhd     : Toggling Chat components off.
07-10 19:08:55.250  8260  8424 I HeterodyneSyncScheduler: (REDACTED) Scheduling Phenotype for a %s(%d, %s) one off with window [%d, %d] in seconds
07-10 19:08:55.251 19926 20051 W xhd     : Toggling Meet components off.
07-10 19:08:55.345  1545  3703 I MediaProvider: Begin Intent { act=android.intent.action.MEDIA_SCANNER_SCAN_FILE dat=file:///sdcard/screen_2025-07-10_190855.png flg=0x1400010 cmp=com.google.android.providers.media.module/com.android.providers.media.MediaService }
07-10 19:08:55.358  1545  3703 I MediaProvider: End Intent { act=android.intent.action.MEDIA_SCANNER_SCAN_FILE dat=file:///sdcard/screen_2025-07-10_190855.png flg=0x1400010 cmp=com.google.android.providers.media.module/com.android.providers.media.MediaService }
07-10 19:08:55.410  1545  1687 I MediaProvider: Deleted 0 1 0 0 0 0 0 items on external_primary due to com.android.shell
07-10 19:08:55.412  8260  8395 I UriTaskContentObserver: (REDACTED) Throttling content uri change event for %s
07-10 19:08:55.758  1545  1687 W MediaProvider: isAppCloneUserPair for user 0: false
07-10 19:08:55.775   218   218 I hwservicemanager: getTransport: Cannot find entry android.hardware.graphics.mapper@4.0::IMapper/default in either framework or device VINTF manifest.
07-10 19:08:55.776 20089 20091 I Gralloc4: mapper 4.x is not supported
07-10 19:08:55.794   216   216 I servicemanager: Notifying apexservice they have clients: 1
07-10 19:08:55.829 11491 20095 I ProvidersCache: Provider returned no roots. Possibly naughty: com.google.android.apps.docs.storage
07-10 19:08:55.899 19926 20018 I FirebaseCrashApiImpl: FirebaseCrashApiImpl created by ClassLoader dalvik.system.DelegateLastClassLoader[DexPathList[[zip file "/data/app/~~KZIU7LafcWeQzeuJ38UO1A==/com.google.android.gms-jY63vTWjC6hgiv57aTKN8g==/split_DynamiteModulesC_installtime.apk"],nativeLibraryDirectories=[/data/app/~~KZIU7LafcWeQzeuJ38UO1A==/com.google.android.gms-jY63vTWjC6hgiv57aTKN8g==/split_DynamiteModulesC_installtime.apk!/lib/x86_64, /data/app/~~KZIU7LafcWeQzeuJ38UO1A==/com.google.android.gms-jY63vTWjC6hgiv57aTKN8g==/split_DynamiteModulesC_installtime.apk!/lib/arm64-v8a, /system/lib64, /system_ext/lib64]]]
07-10 19:08:55.902  8260  8309 W ProviderHelper: Unknown dynamite feature flags
07-10 19:08:55.902  8260 20024 I GmsDebugLogger: [89] flags
07-10 19:08:55.904 19926 20019 I DynamiteModule: Considering local module com.google.android.gms.flags:3 and remote module com.google.android.gms.flags:0
07-10 19:08:55.904 19926 20019 I DynamiteModule: Selected local version of com.google.android.gms.flags
07-10 19:08:55.906 19926 20019 W DynamiteModule: Local module descriptor class for com.google.android.gms.crash not found.
07-10 19:08:55.920 19926 20019 I FirebaseCrashApiImpl: FirebaseCrash reporting API initialized
07-10 19:08:55.920 19926 20019 W FirebaseCrashAnalytics: Unable to log event, missing Google Analytics for Firebase library
07-10 19:08:55.980  1545  3703 I MediaProvider: Begin Intent { act=android.intent.action.MEDIA_SCANNER_SCAN_FILE dat=file:///sdcard/screen_2025-07-10_190856.png flg=0x1400010 cmp=com.google.android.providers.media.module/com.android.providers.media.MediaService }
07-10 19:08:55.985  1545  3703 I MediaProvider: End Intent { act=android.intent.action.MEDIA_SCANNER_SCAN_FILE dat=file:///sdcard/screen_2025-07-10_190856.png flg=0x1400010 cmp=com.google.android.providers.media.module/com.android.providers.media.MediaService }
07-10 19:08:56.048  1545  1687 I MediaProvider: Deleted 0 1 0 0 0 0 0 items on external_primary due to com.android.shell
07-10 19:08:56.049  8260  8395 I UriTaskContentObserver: (REDACTED) Throttling content uri change event for %s
07-10 19:08:56.125 11491 20110 I ProvidersCache: Provider returned no roots. Possibly naughty: com.google.android.apps.docs.storage
07-10 19:08:56.510   561 19313 I BackgroundDexOptService: Pinning optimized code {android, io.github.ylimit.droidbotapp, com.amaze.filemanager}
07-10 19:08:56.646 11491 20173 I ProvidersCache: Provider returned no roots. Possibly naughty: com.google.android.apps.docs.storage
07-10 19:08:56.960 11491 20191 I ProvidersCache: Provider returned no roots. Possibly naughty: com.google.android.apps.docs.storage
07-10 19:08:57.387 11491 20203 I ProvidersCache: Provider returned no roots. Possibly naughty: com.google.android.apps.docs.storage
07-10 19:08:57.690 11491 20214 I ProvidersCache: Provider returned no roots. Possibly naughty: com.google.android.apps.docs.storage
07-10 19:08:58.114  1545  1688 W MediaProvider: isAppCloneUserPair for user 0: false
07-10 19:08:58.130   218   218 I hwservicemanager: getTransport: Cannot find entry android.hardware.graphics.mapper@4.0::IMapper/default in either framework or device VINTF manifest.
07-10 19:08:58.130 20231 20233 I Gralloc4: mapper 4.x is not supported
07-10 19:08:58.326  1545  3703 I MediaProvider: Begin Intent { act=android.intent.action.MEDIA_SCANNER_SCAN_FILE dat=file:///sdcard/screen_2025-07-10_190858.png flg=0x1400010 cmp=com.google.android.providers.media.module/com.android.providers.media.MediaService }
07-10 19:08:58.333  1545  3703 I MediaProvider: End Intent { act=android.intent.action.MEDIA_SCANNER_SCAN_FILE dat=file:///sdcard/screen_2025-07-10_190858.png flg=0x1400010 cmp=com.google.android.providers.media.module/com.android.providers.media.MediaService }
07-10 19:08:58.391  1545  1688 I MediaProvider: Deleted 0 1 0 0 0 0 0 items on external_primary due to com.android.shell
07-10 19:08:58.391  8260  8395 I UriTaskContentObserver: (REDACTED) Throttling content uri change event for %s
07-10 19:08:58.692  1545  1688 W MediaProvider: isAppCloneUserPair for user 0: false
07-10 19:08:58.708   218   218 I hwservicemanager: getTransport: Cannot find entry android.hardware.graphics.mapper@4.0::IMapper/default in either framework or device VINTF manifest.
07-10 19:08:58.708 20270 20272 I Gralloc4: mapper 4.x is not supported
07-10 19:08:58.899  1545  3703 I MediaProvider: Begin Intent { act=android.intent.action.MEDIA_SCANNER_SCAN_FILE dat=file:///sdcard/screen_2025-07-10_190859.png flg=0x1400010 cmp=com.google.android.providers.media.module/com.android.providers.media.MediaService }
07-10 19:08:58.904  1545  3703 I MediaProvider: End Intent { act=android.intent.action.MEDIA_SCANNER_SCAN_FILE dat=file:///sdcard/screen_2025-07-10_190859.png flg=0x1400010 cmp=com.google.android.providers.media.module/com.android.providers.media.MediaService }
07-10 19:08:58.959  1545  1688 I MediaProvider: Deleted 0 1 0 0 0 0 0 items on external_primary due to com.android.shell
07-10 19:08:58.960  8260  8395 I UriTaskContentObserver: (REDACTED) Throttling content uri change event for %s
07-10 19:08:59.276  1545  1688 W MediaProvider: isAppCloneUserPair for user 0: false
07-10 19:08:59.292   218   218 I hwservicemanager: getTransport: Cannot find entry android.hardware.graphics.mapper@4.0::IMapper/default in either framework or device VINTF manifest.
07-10 19:08:59.293 20307 20309 I Gralloc4: mapper 4.x is not supported
07-10 19:08:59.498  1545  3703 I MediaProvider: Begin Intent { act=android.intent.action.MEDIA_SCANNER_SCAN_FILE dat=file:///sdcard/screen_2025-07-10_190859.png flg=0x1400010 cmp=com.google.android.providers.media.module/com.android.providers.media.MediaService }
07-10 19:08:59.505  1545  3703 I MediaProvider: End Intent { act=android.intent.action.MEDIA_SCANNER_SCAN_FILE dat=file:///sdcard/screen_2025-07-10_190859.png flg=0x1400010 cmp=com.google.android.providers.media.module/com.android.providers.media.MediaService }
07-10 19:08:59.557  1545  1688 I MediaProvider: Deleted 0 1 0 0 0 0 0 items on external_primary due to com.android.shell
07-10 19:08:59.558  8260  8395 I UriTaskContentObserver: (REDACTED) Throttling content uri change event for %s
07-10 19:08:59.704  8598  8598 W ThreadPoolForeg: type=1400 audit(0.0:167): avc: denied { write } for name="traced_producer" dev="tmpfs" ino=561 scontext=u:r:gmscore_app:s0:c512,c768 tcontext=u:object_r:traced_producer_socket:s0 tclass=sock_file permissive=0 app=com.google.android.gms
07-10 19:09:00.266 11491 20391 I ProvidersCache: Provider returned no roots. Possibly naughty: com.google.android.apps.docs.storage
07-10 19:09:00.316  8260  8260 W ThreadPoolForeg: type=1400 audit(0.0:168): avc: denied { write } for name="traced_producer" dev="tmpfs" ino=561 scontext=u:r:gmscore_app:s0:c512,c768 tcontext=u:object_r:traced_producer_socket:s0 tclass=sock_file permissive=0 app=com.google.android.gms
07-10 19:09:00.335  8260 20011 I NetworkScheduler.Stats: (REDACTED) Task %s/%s started execution. cause:%s exec_start_elapsed_seconds: %s
07-10 19:09:00.542  8260 19271 I PhenotypeResourceReader: unable to find any Phenotype resource metadata for com.google.android.onetimeinitializer
07-10 19:09:00.588  8260 19271 I PhenotypeResourceReader: unable to find any Phenotype resource metadata for com.google.android.deskclock
07-10 19:09:00.613 11491 20403 I ProvidersCache: Provider returned no roots. Possibly naughty: com.google.android.apps.docs.storage
07-10 19:09:00.673  8260 19271 I PhenotypeResourceReader: unable to find any Phenotype resource metadata for com.google.android.modulemetadata
07-10 19:09:00.698  8260 19271 I PhenotypeResourceReader: unable to find any Phenotype resource metadata for com.google.android.webview
07-10 19:09:00.699  8260 19271 I PhenotypeResourceReader: unable to find any Phenotype resource metadata for com.google.android.syncadapters.contacts
07-10 19:09:00.702  8260 19271 I PhenotypeResourceReader: unable to find any Phenotype resource metadata for com.android.chrome
07-10 19:09:00.785  8260 19271 I PhenotypeResourceReader: unable to find any Phenotype resource metadata for com.google.android.gsf
07-10 19:09:00.787  8260 19271 I PhenotypeResourceReader: unable to find any Phenotype resource metadata for com.google.android.tag
07-10 19:09:00.794  8260  8270 I .gms.persisten: Background young concurrent copying GC freed 241491(12MB) AllocSpace objects, 9(448KB) LOS objects, 36% free, 22MB/34MB, paused 331us,93us total 112.280ms
07-10 19:09:00.794   216   216 I servicemanager: Notifying apexservice they have clients: 0
07-10 19:09:00.801   216   216 I BpBinder: onLastStrongRef automatically unlinking death recipients: <uncached descriptor>
07-10 19:09:00.803  8260 19271 I PhenotypeResourceReader: unable to find any Phenotype resource metadata for com.google.android.partnersetup
07-10 19:09:00.816  8260 19271 I PhenotypeResourceReader: unable to find any Phenotype resource metadata for com.google.android.apps.nexuslauncher
07-10 19:09:00.831  8260 19271 I PhenotypeResourceReader: unable to find any Phenotype resource metadata for com.google.android.feedback
07-10 19:09:00.887  8260 19271 I PhenotypeResourceReader: unable to find any Phenotype resource metadata for com.android.settings
07-10 19:09:00.913  8260 19271 I PhenotypeResourceReader: unable to find any Phenotype resource metadata for com.google.android.apps.wallpaper
07-10 19:09:00.924  8260 19271 I PhenotypeResourceReader: unable to find any Phenotype resource metadata for com.android.systemui
07-10 19:09:01.002 11491 20411 I ProvidersCache: Provider returned no roots. Possibly naughty: com.google.android.apps.docs.storage
07-10 19:09:01.318 11491 20425 I ProvidersCache: Provider returned no roots. Possibly naughty: com.google.android.apps.docs.storage
07-10 19:09:01.330  8260 19271 I HeterodyneSyncer: (REDACTED) Removed %d invalid users
07-10 19:09:01.616  1545  1688 W MediaProvider: isAppCloneUserPair for user 0: false
07-10 19:09:01.650   218   218 I hwservicemanager: getTransport: Cannot find entry android.hardware.graphics.mapper@4.0::IMapper/default in either framework or device VINTF manifest.
07-10 19:09:01.650 20445 20447 I Gralloc4: mapper 4.x is not supported
07-10 19:09:01.684   561   602 W ImageReader_JNI: Unable to acquire a buffer item, very likely client tried to acquire more than maxImages buffers
07-10 19:09:01.731   561   604 I ActivityTaskManager: Config changes=20000000 {1.0 310mcc260mnc [en_US] ldltr sw411dp w866dp h387dp 420dpi nrml long land finger qwerty/v/v dpad/v winConfig={ mBounds=Rect(0, 0 - 2400, 1080) mAppBounds=Rect(0, 0 - 2274, 1080) mMaxBounds=Rect(0, 0 - 2400, 1080) mWindowingMode=fullscreen mDisplayWindowingMode=fullscreen mActivityType=undefined mAlwaysOnTop=undefined mRotation=ROTATION_90} s.716 fontWeightAdjustment=0}
07-10 19:09:01.741   561   604 I WindowManager: Override config changes=20000000 {1.0 310mcc260mnc [en_US] ldltr sw411dp w866dp h387dp 420dpi nrml long land finger qwerty/v/v dpad/v winConfig={ mBounds=Rect(0, 0 - 2400, 1080) mAppBounds=Rect(0, 0 - 2274, 1080) mMaxBounds=Rect(0, 0 - 2400, 1080) mWindowingMode=fullscreen mDisplayWindowingMode=fullscreen mActivityType=undefined mAlwaysOnTop=undefined mRotation=ROTATION_90} s.716 fontWeightAdjustment=0} for displayId=0
07-10 19:09:01.761   561   604 I InputManager-JNI: Viewport [0] to add: local:4619827259835644672, isActive: true
07-10 19:09:01.769   561   673 I InputReader: Reconfiguring input devices, changes=DISPLAY_INFO | 
07-10 19:09:01.769   561   673 I InputReader: Touch device 'virtio_input_multi_touch_7' could not query the properties of its associated display.  The device will be inoperable until the display size becomes available.
07-10 19:09:01.769   561   673 I InputReader: Touch device 'virtio_input_multi_touch_5' could not query the properties of its associated display.  The device will be inoperable until the display size becomes available.
07-10 19:09:01.769   561   673 I InputReader: Touch device 'virtio_input_multi_touch_10' could not query the properties of its associated display.  The device will be inoperable until the display size becomes available.
07-10 19:09:01.769   561   673 I InputReader: Touch device 'virtio_input_multi_touch_2' could not query the properties of its associated display.  The device will be inoperable until the display size becomes available.
07-10 19:09:01.769   561   673 I InputReader: Touch device 'virtio_input_multi_touch_11' could not query the properties of its associated display.  The device will be inoperable until the display size becomes available.
07-10 19:09:01.769   561   673 I InputReader: Touch device 'virtio_input_multi_touch_8' could not query the properties of its associated display.  The device will be inoperable until the display size becomes available.
07-10 19:09:01.777   561   673 I InputReader: Device reconfigured: id=7, name='virtio_input_multi_touch_1', size 1080x2400, orientation 1, mode 1, display id 0
07-10 19:09:01.786   561  2607 W InputDispatcher: Letterbox_right_ActivityRecord{f3b4c48 u0 com.amaze.filemanager/.activities.MainActivity t17} has FLAG_SLIPPERY. Please report this in b/157929241
07-10 19:09:01.786   561  2607 W InputDispatcher: Letterbox_left_ActivityRecord{f3b4c48 u0 com.amaze.filemanager/.activities.MainActivity t17} has FLAG_SLIPPERY. Please report this in b/157929241
07-10 19:09:01.788   561   673 I InputReader: Touch device 'virtio_input_multi_touch_9' could not query the properties of its associated display.  The device will be inoperable until the display size becomes available.
07-10 19:09:01.788   561   673 I InputReader: Touch device 'virtio_input_multi_touch_3' could not query the properties of its associated display.  The device will be inoperable until the display size becomes available.
07-10 19:09:01.790   561   673 I InputReader: Touch device 'virtio_input_multi_touch_4' could not query the properties of its associated display.  The device will be inoperable until the display size becomes available.
07-10 19:09:01.790   561   673 I InputReader: Touch device 'virtio_input_multi_touch_6' could not query the properties of its associated display.  The device will be inoperable until the display size becomes available.
07-10 19:09:01.803   838   838 I OpaEnabledReceiver: Dispatching OPA eligble = false; AGSA = true; OPA enabled = false
07-10 19:09:01.803   561  2607 I WindowManager: finishDrawing of orientation change: Window{e69f46 u0 NavigationBar0} 44ms
07-10 19:09:01.804   838   838 I OpaLayout: Setting opa enabled to false
07-10 19:09:01.804   838   838 I OpaLayout: Setting opa enabled to false
07-10 19:09:01.903  8260  8424 W PhBaseOp: Phenotype API error. Event: # hdjn@283215d2, EventCode: COMMIT_CONFIG [CONTEXT service_id=51 ]
07-10 19:09:01.903  8260  8424 W PhBaseOp: ecfi: 29538: Stale snapshot for com.google.android.libraries.performance.primes#com.google.android.gm(change count changed - expected 7  but was 6)
07-10 19:09:01.903  8260  8424 W PhBaseOp: 	at echh.d(:com.google.android.gms@252431032@25.24.31 (190800-772615181):1498)
07-10 19:09:01.903  8260  8424 W PhBaseOp: 	at echh.b(:com.google.android.gms@252431032@25.24.31 (190800-772615181):43)
07-10 19:09:01.903  8260  8424 W PhBaseOp: 	at echg.i(:com.google.android.gms@252431032@25.24.31 (190800-772615181):3)
07-10 19:09:01.903  8260  8424 W PhBaseOp: 	at echc.h(:com.google.android.gms@252431032@25.24.31 (190800-772615181):35)
07-10 19:09:01.903  8260  8424 W PhBaseOp: 	at echc.f(:com.google.android.gms@252431032@25.24.31 (190800-772615181):17)
07-10 19:09:01.903  8260  8424 W PhBaseOp: 	at cgjx.fI(:com.google.android.gms@252431032@25.24.31 (190800-772615181):1)
07-10 19:09:01.903  8260  8424 W PhBaseOp: 	at cgkb.run(:com.google.android.gms@252431032@25.24.31 (190800-772615181):140)
07-10 19:09:01.903  8260  8424 W PhBaseOp: 	at fwdb.run(:com.google.android.gms@252431032@25.24.31 (190800-772615181):21)
07-10 19:09:01.903  8260  8424 W PhBaseOp: 	at azcj.c(:com.google.android.gms@252431032@25.24.31 (190800-772615181):50)
07-10 19:09:01.903  8260  8424 W PhBaseOp: 	at azcj.run(:com.google.android.gms@252431032@25.24.31 (190800-772615181):70)
07-10 19:09:01.903  8260  8424 W PhBaseOp: 	at java.util.concurrent.ThreadPoolExecutor.runWorker(ThreadPoolExecutor.java:1167)
07-10 19:09:01.903  8260  8424 W PhBaseOp: 	at java.util.concurrent.ThreadPoolExecutor$Worker.run(ThreadPoolExecutor.java:641)
07-10 19:09:01.903  8260  8424 W PhBaseOp: 	at azhy.run(:com.google.android.gms@252431032@25.24.31 (190800-772615181):8)
07-10 19:09:01.903  8260  8424 W PhBaseOp: 	at java.lang.Thread.run(Thread.java:920)
07-10 19:09:01.904  8260  8424 W AsyncOperation: operation=CommitToConfigurationOperationCall, opStatusCode=29538 [CONTEXT service_id=51 ]
07-10 19:09:01.904  8260  8424 W AsyncOperation: OperationException[Status{statusCode=Stale snapshot for com.google.android.libraries.performance.primes#com.google.android.gm(change count changed - expected 7  but was 6), resolution=null}]
07-10 19:09:01.904  8260  8424 W AsyncOperation: 	at echc.h(:com.google.android.gms@252431032@25.24.31 (190800-772615181):65)
07-10 19:09:01.904  8260  8424 W AsyncOperation: 	at echc.f(:com.google.android.gms@252431032@25.24.31 (190800-772615181):17)
07-10 19:09:01.904  8260  8424 W AsyncOperation: 	at cgjx.fI(:com.google.android.gms@252431032@25.24.31 (190800-772615181):1)
07-10 19:09:01.904  8260  8424 W AsyncOperation: 	at cgkb.run(:com.google.android.gms@252431032@25.24.31 (190800-772615181):140)
07-10 19:09:01.904  8260  8424 W AsyncOperation: 	at fwdb.run(:com.google.android.gms@252431032@25.24.31 (190800-772615181):21)
07-10 19:09:01.904  8260  8424 W AsyncOperation: 	at azcj.c(:com.google.android.gms@252431032@25.24.31 (190800-772615181):50)
07-10 19:09:01.904  8260  8424 W AsyncOperation: 	at azcj.run(:com.google.android.gms@252431032@25.24.31 (190800-772615181):70)
07-10 19:09:01.904  8260  8424 W AsyncOperation: 	at java.util.concurrent.ThreadPoolExecutor.runWorker(ThreadPoolExecutor.java:1167)
07-10 19:09:01.904  8260  8424 W AsyncOperation: 	at java.util.concurrent.ThreadPoolExecutor$Worker.run(ThreadPoolExecutor.java:641)
07-10 19:09:01.904  8260  8424 W AsyncOperation: 	at azhy.run(:com.google.android.gms@252431032@25.24.31 (190800-772615181):8)
07-10 19:09:01.904  8260  8424 W AsyncOperation: 	at java.lang.Thread.run(Thread.java:920)
07-10 19:09:01.911   561  2088 I WindowManager: finishDrawing of orientation change: Window{fe562a3 u0 com.amaze.filemanager/com.amaze.filemanager.activities.MainActivity} 152ms
07-10 19:09:01.911 19926 20004 W ProtoDataStoreFlagStore: Failed to commit due to stale snapshot for com.google.android.libraries.performance.primes#com.google.android.gm, triggering flag update.
07-10 19:09:01.911 19926 20004 W ProtoDataStoreFlagStore: aaoq: 29501: 29501: Stale snapshot token
07-10 19:09:01.911 19926 20004 W ProtoDataStoreFlagStore: 	at yzu.a(PG:51)
07-10 19:09:01.911 19926 20004 W ProtoDataStoreFlagStore: 	at awob.c(PG:2)
07-10 19:09:01.911 19926 20004 W ProtoDataStoreFlagStore: 	at awod.run(PG:10)
07-10 19:09:01.911 19926 20004 W ProtoDataStoreFlagStore: 	at awqc.execute(Unknown Source:0)
07-10 19:09:01.911 19926 20004 W ProtoDataStoreFlagStore: 	at awor.m(PG:1)
07-10 19:09:01.911 19926 20004 W ProtoDataStoreFlagStore: 	at awor.i(PG:8)
07-10 19:09:01.911 19926 20004 W ProtoDataStoreFlagStore: 	at awor.setException(Unknown Source:17)
07-10 19:09:01.911 19926 20004 W ProtoDataStoreFlagStore: 	at com.google.common.util.concurrent.SettableFuture.setException(Unknown Source:0)
07-10 19:09:01.911 19926 20004 W ProtoDataStoreFlagStore: 	at wgz.a(PG:4)
07-10 19:09:01.911 19926 20004 W ProtoDataStoreFlagStore: 	at pfi.run(PG:1)
07-10 19:09:01.911 19926 20004 W ProtoDataStoreFlagStore: 	at awqc.execute(Unknown Source:0)
07-10 19:09:01.911 19926 20004 W ProtoDataStoreFlagStore: 	at pfj.a(PG:2)
07-10 19:09:01.911 19926 20004 W ProtoDataStoreFlagStore: 	at pfx.b(PG:5)
07-10 19:09:01.911 19926 20004 W ProtoDataStoreFlagStore: 	at pga.p(PG:4)
07-10 19:09:01.911 19926 20004 W ProtoDataStoreFlagStore: 	at pfy.a(Unknown Source:2)
07-10 19:09:01.911 19926 20004 W ProtoDataStoreFlagStore: 	at orq.F(PG:2)
07-10 19:09:01.911 19926 20004 W ProtoDataStoreFlagStore: 	at orq.E(Unknown Source:1)
07-10 19:09:01.911 19926 20004 W ProtoDataStoreFlagStore: 	at pbs.b(Unknown Source:2)
07-10 19:09:01.911 19926 20004 W ProtoDataStoreFlagStore: 	at pbx.fZ(PG:12)
07-10 19:09:01.911 19926 20004 W ProtoDataStoreFlagStore: 	at gui.onTransact(PG:4)
07-10 19:09:01.911 19926 20004 W ProtoDataStoreFlagStore: 	at android.os.Binder.execTransactInternal(Binder.java:1184)
07-10 19:09:01.911 19926 20004 W ProtoDataStoreFlagStore: 	at android.os.Binder.execTransact(Binder.java:1143)
07-10 19:09:01.911 19926 20004 W ProtoDataStoreFlagStore: Caused by: okp: 29501: Stale snapshot token
07-10 19:09:01.911 19926 20004 W ProtoDataStoreFlagStore: 	... 7 more
07-10 19:09:01.928   561   605 I WindowManager: Screen frozen for +301ms due to Window{fe562a3 u0 com.amaze.filemanager/com.amaze.filemanager.activities.MainActivity}
07-10 19:09:01.955   561   605 W ImageReader_JNI: Unable to acquire a buffer item, very likely client tried to acquire more than maxImages buffers
07-10 19:09:01.965 19926 20458 I FirebaseCrash: Sending crashes
07-10 19:09:01.975   561  1596 W ContentProviderHelper: Slow operation: 125ms so far, now at getContentProviderImpl: before checkContentProviderPermission
07-10 19:09:01.975   561  1596 W ContentProviderHelper: Slow operation: 125ms so far, now at getContentProviderImpl: after checkContentProviderPermission
07-10 19:09:01.975   561  1596 W ContentProviderHelper: Slow operation: 125ms so far, now at getContentProviderImpl: incProviderCountLocked
07-10 19:09:01.975   561  1596 W ContentProviderHelper: Slow operation: 125ms so far, now at getContentProviderImpl: before updateOomAdj
07-10 19:09:01.976   561  1596 W ContentProviderHelper: Slow operation: 126ms so far, now at getContentProviderImpl: after updateOomAdj
07-10 19:09:01.976   561  1596 W ContentProviderHelper: Slow operation: 126ms so far, now at getContentProviderImpl: done!
07-10 19:09:01.983   216   216 I servicemanager: Since 'apexservice' could not be found, trying to start it as a lazy AIDL service
07-10 19:09:01.996  1545  3703 I MediaProvider: Begin Intent { act=android.intent.action.MEDIA_SCANNER_SCAN_FILE dat=file:///sdcard/screen_2025-07-10_190902.png flg=0x1400010 cmp=com.google.android.providers.media.module/com.android.providers.media.MediaService }
07-10 19:09:02.003  1545  3703 I MediaProvider: End Intent { act=android.intent.action.MEDIA_SCANNER_SCAN_FILE dat=file:///sdcard/screen_2025-07-10_190902.png flg=0x1400010 cmp=com.google.android.providers.media.module/com.android.providers.media.MediaService }
07-10 19:09:02.009   561  1857 I WindowManager: finishDrawing of orientation change: Window{f21d3d5 u0 StatusBar} 250ms
07-10 19:09:02.011   390   390 W RanchuHwc: validateDisplay: layer 140 CompositionType 1, fallback
07-10 19:09:02.013   390   390 W RanchuHwc: presentDisplay display has no layers to compose, flushing client target buffer.
07-10 19:09:02.031   390   390 W RanchuHwc: validateDisplay: layer 140 CompositionType 1, fallback
07-10 19:09:02.035   390   390 W RanchuHwc: presentDisplay display has no layers to compose, flushing client target buffer.
07-10 19:09:02.044   390   390 W RanchuHwc: validateDisplay: layer 140 CompositionType 1, fallback
07-10 19:09:02.045   390   390 W RanchuHwc: presentDisplay display has no layers to compose, flushing client target buffer.
07-10 19:09:02.061   390   390 W RanchuHwc: validateDisplay: layer 140 CompositionType 1, fallback
07-10 19:09:02.062   390   390 W RanchuHwc: presentDisplay display has no layers to compose, flushing client target buffer.
07-10 19:09:02.074  1545  1688 I MediaProvider: Deleted 0 1 0 0 0 0 0 items on external_primary due to com.android.shell
07-10 19:09:02.075  8260  8395 I UriTaskContentObserver: (REDACTED) Throttling content uri change event for %s
07-10 19:09:02.077   390   390 W RanchuHwc: validateDisplay: layer 140 CompositionType 1, fallback
07-10 19:09:02.079   390   390 W RanchuHwc: presentDisplay display has no layers to compose, flushing client target buffer.
07-10 19:09:02.094   390   390 W RanchuHwc: validateDisplay: layer 143 CompositionType 1, fallback
07-10 19:09:02.096   390   390 W RanchuHwc: presentDisplay display has no layers to compose, flushing client target buffer.
07-10 19:09:02.104   216   216 I BpBinder: onLastStrongRef automatically unlinking death recipients: <uncached descriptor>
07-10 19:09:02.109   390   390 W RanchuHwc: validateDisplay: layer 144 CompositionType 1, fallback
07-10 19:09:02.109   216   216 I servicemanager: Tried to unregister apexservice, but there is about to be a client.
07-10 19:09:02.111   390   390 W RanchuHwc: presentDisplay display has no layers to compose, flushing client target buffer.
07-10 19:09:02.126   390   390 W RanchuHwc: validateDisplay: layer 146 CompositionType 1, fallback
07-10 19:09:02.128   390   390 W RanchuHwc: presentDisplay display has no layers to compose, flushing client target buffer.
07-10 19:09:02.143   390   390 W RanchuHwc: validateDisplay: layer 146 CompositionType 1, fallback
07-10 19:09:02.145   390   390 W RanchuHwc: presentDisplay display has no layers to compose, flushing client target buffer.
07-10 19:09:02.160 11491 20474 I ProvidersCache: Provider returned no roots. Possibly naughty: com.google.android.apps.docs.storage
07-10 19:09:02.161   390   390 W RanchuHwc: validateDisplay: layer 146 CompositionType 1, fallback
07-10 19:09:02.162   390   390 W RanchuHwc: presentDisplay display has no layers to compose, flushing client target buffer.
07-10 19:09:02.176   390   390 W RanchuHwc: validateDisplay: layer 146 CompositionType 1, fallback
07-10 19:09:02.178   390   390 W RanchuHwc: presentDisplay display has no layers to compose, flushing client target buffer.
07-10 19:09:02.192   390   390 W RanchuHwc: validateDisplay: layer 146 CompositionType 1, fallback
07-10 19:09:02.194   390   390 W RanchuHwc: presentDisplay display has no layers to compose, flushing client target buffer.
07-10 19:09:02.209   390   390 W RanchuHwc: validateDisplay: layer 146 CompositionType 1, fallback
07-10 19:09:02.211   390   390 W RanchuHwc: presentDisplay display has no layers to compose, flushing client target buffer.
07-10 19:09:02.226   390   390 W RanchuHwc: validateDisplay: layer 146 CompositionType 1, fallback
07-10 19:09:02.228   390   390 W RanchuHwc: presentDisplay display has no layers to compose, flushing client target buffer.
07-10 19:09:02.243   390   390 W RanchuHwc: validateDisplay: layer 146 CompositionType 1, fallback
07-10 19:09:02.245   390   390 W RanchuHwc: presentDisplay display has no layers to compose, flushing client target buffer.
07-10 19:09:02.263   390   390 W RanchuHwc: validateDisplay: layer 146 CompositionType 1, fallback
07-10 19:09:02.266   390   390 W RanchuHwc: presentDisplay display has no layers to compose, flushing client target buffer.
07-10 19:09:02.275   390   390 W RanchuHwc: validateDisplay: layer 146 CompositionType 1, fallback
07-10 19:09:02.277   390   390 W RanchuHwc: presentDisplay display has no layers to compose, flushing client target buffer.
07-10 19:09:02.291   390   390 W RanchuHwc: validateDisplay: layer 146 CompositionType 1, fallback
07-10 19:09:02.293   390   390 W RanchuHwc: presentDisplay display has no layers to compose, flushing client target buffer.
07-10 19:09:02.309   390   390 W RanchuHwc: validateDisplay: layer 146 CompositionType 1, fallback
07-10 19:09:02.311   390   390 W RanchuHwc: presentDisplay display has no layers to compose, flushing client target buffer.
07-10 19:09:02.326   390   390 W RanchuHwc: validateDisplay: layer 146 CompositionType 1, fallback
07-10 19:09:02.329   390   390 W RanchuHwc: presentDisplay display has no layers to compose, flushing client target buffer.
07-10 19:09:02.342   390   390 W RanchuHwc: validateDisplay: layer 146 CompositionType 1, fallback
07-10 19:09:02.344   390   390 W RanchuHwc: presentDisplay display has no layers to compose, flushing client target buffer.
07-10 19:09:02.359   390   390 W RanchuHwc: validateDisplay: layer 146 CompositionType 1, fallback
07-10 19:09:02.361   390   390 W RanchuHwc: presentDisplay display has no layers to compose, flushing client target buffer.
07-10 19:09:02.540  1545  1688 W MediaProvider: isAppCloneUserPair for user 0: false
07-10 19:09:02.565   218   218 I hwservicemanager: getTransport: Cannot find entry android.hardware.graphics.mapper@4.0::IMapper/default in either framework or device VINTF manifest.
07-10 19:09:02.565 20508 20511 I Gralloc4: mapper 4.x is not supported
07-10 19:09:02.740  8243  8243 W ThreadPoolForeg: type=1400 audit(0.0:169): avc: denied { write } for name="traced_producer" dev="tmpfs" ino=561 scontext=u:r:gmscore_app:s0:c512,c768 tcontext=u:object_r:traced_producer_socket:s0 tclass=sock_file permissive=0 app=com.google.android.gms
07-10 19:09:02.793  1545  3703 I MediaProvider: Begin Intent { act=android.intent.action.MEDIA_SCANNER_SCAN_FILE dat=file:///sdcard/screen_2025-07-10_190903.png flg=0x1400010 cmp=com.google.android.providers.media.module/com.android.providers.media.MediaService }
07-10 19:09:02.810  1545  3703 I MediaProvider: End Intent { act=android.intent.action.MEDIA_SCANNER_SCAN_FILE dat=file:///sdcard/screen_2025-07-10_190903.png flg=0x1400010 cmp=com.google.android.providers.media.module/com.android.providers.media.MediaService }
07-10 19:09:02.858  1545  1688 I MediaProvider: Deleted 0 1 0 0 0 0 0 items on external_primary due to com.android.shell
07-10 19:09:02.859  8260  8395 I UriTaskContentObserver: (REDACTED) Throttling content uri change event for %s
07-10 19:09:03.193  1545  1688 W MediaProvider: isAppCloneUserPair for user 0: false
07-10 19:09:03.209   218   218 I hwservicemanager: getTransport: Cannot find entry android.hardware.graphics.mapper@4.0::IMapper/default in either framework or device VINTF manifest.
07-10 19:09:03.210 20551 20553 I Gralloc4: mapper 4.x is not supported
07-10 19:09:03.225  8260 19271 I HeterodyneSyncer: (REDACTED) Sync completed. fetchReason: %s, fetchPackageName: %s, syncErrorType: %s, individual sync errors: %s.
07-10 19:09:03.227  8260 19271 I HeterodyneSyncer: (REDACTED) Finished notifying packages after sync. syncLatency: %d
07-10 19:09:03.232  8260 19271 I HeterodyneSyncScheduler: (REDACTED) Scheduling adaptive one off task with window [%d, %d] in seconds
07-10 19:09:03.283  8260 20011 I NetworkScheduler.Stats: (REDACTED) Task %s/%s finished executing. cause:%s result: %s elapsed_millis: %s uptime_millis: %s exec_start_elapsed_seconds: %s
07-10 19:09:03.415  1545  3703 I MediaProvider: Begin Intent { act=android.intent.action.MEDIA_SCANNER_SCAN_FILE dat=file:///sdcard/screen_2025-07-10_190903.png flg=0x1400010 cmp=com.google.android.providers.media.module/com.android.providers.media.MediaService }
07-10 19:09:03.419  1545  3703 I MediaProvider: End Intent { act=android.intent.action.MEDIA_SCANNER_SCAN_FILE dat=file:///sdcard/screen_2025-07-10_190903.png flg=0x1400010 cmp=com.google.android.providers.media.module/com.android.providers.media.MediaService }
07-10 19:09:03.478  1545  1688 I MediaProvider: Deleted 0 1 0 0 0 0 0 items on external_primary due to com.android.shell
07-10 19:09:03.479  8260  8395 I UriTaskContentObserver: (REDACTED) Throttling content uri change event for %s
07-10 19:09:04.032   561   604 I system_server: Explicit concurrent copying GC freed 301617(18MB) AllocSpace objects, 91(2356KB) LOS objects, 45% free, 28MB/52MB, paused 280us,72us total 63.442ms
07-10 19:09:04.037   561   572 W System  : A resource failed to call close. 
07-10 19:09:04.039   561   572 W System  : A resource failed to call close. 
07-10 19:09:04.311 11491 20634 I ProvidersCache: Provider returned no roots. Possibly naughty: com.google.android.apps.docs.storage
07-10 19:09:04.637 11491 20640 I ProvidersCache: Provider returned no roots. Possibly naughty: com.google.android.apps.docs.storage
07-10 19:09:05.463 11491 20661 I ProvidersCache: Provider returned no roots. Possibly naughty: com.google.android.apps.docs.storage
07-10 19:09:05.469  1545  3292 W MediaProvider: isAppCloneUserPair for user 0: false
07-10 19:09:05.488   218   218 I hwservicemanager: getTransport: Cannot find entry android.hardware.graphics.mapper@4.0::IMapper/default in either framework or device VINTF manifest.
07-10 19:09:05.488 20656 20664 I Gralloc4: mapper 4.x is not supported
07-10 19:09:05.685  1545  3703 I MediaProvider: Begin Intent { act=android.intent.action.MEDIA_SCANNER_SCAN_FILE dat=file:///sdcard/screen_2025-07-10_190906.png flg=0x1400010 cmp=com.google.android.providers.media.module/com.android.providers.media.MediaService }
07-10 19:09:05.694  1545  3703 I MediaProvider: End Intent { act=android.intent.action.MEDIA_SCANNER_SCAN_FILE dat=file:///sdcard/screen_2025-07-10_190906.png flg=0x1400010 cmp=com.google.android.providers.media.module/com.android.providers.media.MediaService }
07-10 19:09:05.742  1545  3292 I MediaProvider: Deleted 0 1 0 0 0 0 0 items on external_primary due to com.android.shell
07-10 19:09:05.742  8260  8395 I UriTaskContentObserver: (REDACTED) Throttling content uri change event for %s
07-10 19:09:05.794   216   216 I servicemanager: Notifying apexservice they have clients: 1
07-10 19:09:05.794   216   216 I servicemanager: Notifying apexservice they have clients: 0
07-10 19:09:05.798   216   216 I BpBinder: onLastStrongRef automatically unlinking death recipients: <uncached descriptor>
07-10 19:09:06.075  1545  3292 W MediaProvider: isAppCloneUserPair for user 0: false
07-10 19:09:06.093   218   218 I hwservicemanager: getTransport: Cannot find entry android.hardware.graphics.mapper@4.0::IMapper/default in either framework or device VINTF manifest.
07-10 19:09:06.094 20703 20705 I Gralloc4: mapper 4.x is not supported
07-10 19:09:06.137 11491 20709 I ProvidersCache: Provider returned no roots. Possibly naughty: com.google.android.apps.docs.storage
07-10 19:09:06.332  1545  3703 I MediaProvider: Begin Intent { act=android.intent.action.MEDIA_SCANNER_SCAN_FILE dat=file:///sdcard/screen_2025-07-10_190906.png flg=0x1400010 cmp=com.google.android.providers.media.module/com.android.providers.media.MediaService }
07-10 19:09:06.336  1545  3703 I MediaProvider: End Intent { act=android.intent.action.MEDIA_SCANNER_SCAN_FILE dat=file:///sdcard/screen_2025-07-10_190906.png flg=0x1400010 cmp=com.google.android.providers.media.module/com.android.providers.media.MediaService }
07-10 19:09:06.411  1545  3292 I MediaProvider: Deleted 0 1 0 0 0 0 0 items on external_primary due to com.android.shell
07-10 19:09:06.413  8260  8395 I UriTaskContentObserver: (REDACTED) Throttling content uri change event for %s
07-10 19:09:06.885  1545  3292 W MediaProvider: isAppCloneUserPair for user 0: false
07-10 19:09:06.903   218   218 I hwservicemanager: getTransport: Cannot find entry android.hardware.graphics.mapper@4.0::IMapper/default in either framework or device VINTF manifest.
07-10 19:09:06.904 20746 20750 I Gralloc4: mapper 4.x is not supported
07-10 19:09:07.108  1545  3703 I MediaProvider: Begin Intent { act=android.intent.action.MEDIA_SCANNER_SCAN_FILE dat=file:///sdcard/screen_2025-07-10_190907.png flg=0x1400010 cmp=com.google.android.providers.media.module/com.android.providers.media.MediaService }
07-10 19:09:07.113  1545  3703 I MediaProvider: End Intent { act=android.intent.action.MEDIA_SCANNER_SCAN_FILE dat=file:///sdcard/screen_2025-07-10_190907.png flg=0x1400010 cmp=com.google.android.providers.media.module/com.android.providers.media.MediaService }
07-10 19:09:07.186  8260  8395 I UriTaskContentObserver: (REDACTED) Throttling content uri change event for %s
07-10 19:09:07.191  1545  3292 I MediaProvider: Deleted 0 1 0 0 0 0 0 items on external_primary due to com.android.shell
07-10 19:09:08.173 15847 15847 W SQLiteLog: (28) double-quoted string literal: "1"
07-10 19:09:08.175 15847 15847 W SQLiteLog: (28) double-quoted string literal: "2"
07-10 19:09:08.185 11491 20831 I ProvidersCache: Provider returned no roots. Possibly naughty: com.google.android.apps.docs.storage
07-10 19:09:08.200 15847 15847 W FragmentManager: moveToState: Fragment state for Main{ce90f2f #9 id=0x7f0f0139} not updated inline; expected state 3 found 2
07-10 19:09:08.217 15847 15847 E RecyclerView: No adapter attached; skipping layout
07-10 19:09:08.217 15847 15847 E RecyclerView: No adapter attached; skipping layout
07-10 19:09:08.417 11491 20845 I ProvidersCache: Provider returned no roots. Possibly naughty: com.google.android.apps.docs.storage
07-10 19:09:08.985   561   602 W ImageReader_JNI: Unable to acquire a buffer item, very likely client tried to acquire more than maxImages buffers
07-10 19:09:09.000   561   604 I ActivityTaskManager: Config changes=20000480 {1.0 310mcc260mnc [en_US] ldltr sw411dp w411dp h842dp 420dpi nrml long port finger qwerty/v/v dpad/v winConfig={ mBounds=Rect(0, 0 - 1080, 2400) mAppBounds=Rect(0, 0 - 1080, 2274) mMaxBounds=Rect(0, 0 - 1080, 2400) mWindowingMode=fullscreen mDisplayWindowingMode=fullscreen mActivityType=undefined mAlwaysOnTop=undefined mRotation=ROTATION_0} s.753 fontWeightAdjustment=0}
07-10 19:09:09.009   561   604 I WindowManager: Override config changes=20000480 {1.0 310mcc260mnc [en_US] ldltr sw411dp w411dp h842dp 420dpi nrml long port finger qwerty/v/v dpad/v winConfig={ mBounds=Rect(0, 0 - 1080, 2400) mAppBounds=Rect(0, 0 - 1080, 2274) mMaxBounds=Rect(0, 0 - 1080, 2400) mWindowingMode=fullscreen mDisplayWindowingMode=fullscreen mActivityType=undefined mAlwaysOnTop=undefined mRotation=ROTATION_0} s.753 fontWeightAdjustment=0} for displayId=0
07-10 19:09:09.032   561   604 I InputManager-JNI: Viewport [0] to add: local:4619827259835644672, isActive: true
07-10 19:09:09.035   561   673 I InputReader: Reconfiguring input devices, changes=DISPLAY_INFO | 
07-10 19:09:09.036   561   673 I InputReader: Touch device 'virtio_input_multi_touch_7' could not query the properties of its associated display.  The device will be inoperable until the display size becomes available.
07-10 19:09:09.036   561   673 I InputReader: Touch device 'virtio_input_multi_touch_5' could not query the properties of its associated display.  The device will be inoperable until the display size becomes available.
07-10 19:09:09.036   561   673 I InputReader: Touch device 'virtio_input_multi_touch_10' could not query the properties of its associated display.  The device will be inoperable until the display size becomes available.
07-10 19:09:09.036   561   673 I InputReader: Touch device 'virtio_input_multi_touch_2' could not query the properties of its associated display.  The device will be inoperable until the display size becomes available.
07-10 19:09:09.036   561   673 I InputReader: Touch device 'virtio_input_multi_touch_11' could not query the properties of its associated display.  The device will be inoperable until the display size becomes available.
07-10 19:09:09.036   561   673 I InputReader: Touch device 'virtio_input_multi_touch_8' could not query the properties of its associated display.  The device will be inoperable until the display size becomes available.
07-10 19:09:09.036   561   673 I InputReader: Device reconfigured: id=7, name='virtio_input_multi_touch_1', size 1080x2400, orientation 0, mode 1, display id 0
07-10 19:09:09.036   561   673 I InputReader: Touch device 'virtio_input_multi_touch_9' could not query the properties of its associated display.  The device will be inoperable until the display size becomes available.
07-10 19:09:09.036   561   673 I InputReader: Touch device 'virtio_input_multi_touch_3' could not query the properties of its associated display.  The device will be inoperable until the display size becomes available.
07-10 19:09:09.036   561   673 I InputReader: Touch device 'virtio_input_multi_touch_4' could not query the properties of its associated display.  The device will be inoperable until the display size becomes available.
07-10 19:09:09.036   561   673 I InputReader: Touch device 'virtio_input_multi_touch_6' could not query the properties of its associated display.  The device will be inoperable until the display size becomes available.
07-10 19:09:09.040 11491 20858 I ProvidersCache: Provider returned no roots. Possibly naughty: com.google.android.apps.docs.storage
07-10 19:09:09.047   561  1778 W InputDispatcher: Letterbox_right_ActivityRecord{f3b4c48 u0 com.amaze.filemanager/.activities.MainActivity t17} has FLAG_SLIPPERY. Please report this in b/157929241
07-10 19:09:09.047   561  1778 W InputDispatcher: Letterbox_left_ActivityRecord{f3b4c48 u0 com.amaze.filemanager/.activities.MainActivity t17} has FLAG_SLIPPERY. Please report this in b/157929241
07-10 19:09:09.115   561  1596 W InputManager-JNI: Input channel object 'fe562a3 com.amaze.filemanager/com.amaze.filemanager.activities.MainActivity (client)' was disposed without first being removed with the input manager!
07-10 19:09:09.166   838  1263 W OpenGLRenderer: Failed to choose config with EGL_SWAP_BEHAVIOR_PRESERVED, retrying without...
07-10 19:09:09.166   838  1263 W OpenGLRenderer: Failed to initialize 101010-2 format, error = EGL_SUCCESS
07-10 19:09:09.228 15847 15859 W System  : A resource failed to call close. 
07-10 19:09:09.228 15847 15859 W System  : A resource failed to call close. 
07-10 19:09:09.270   561  1596 I WindowManager: finishDrawing of orientation change: Window{e69f46 u0 NavigationBar0} 239ms
07-10 19:09:09.270   838   838 I OpaEnabledReceiver: Dispatching OPA eligble = false; AGSA = true; OPA enabled = false
07-10 19:09:09.270   838   838 I OpaLayout: Setting opa enabled to false
07-10 19:09:09.270   838   838 I OpaLayout: Setting opa enabled to false
07-10 19:09:09.318 15847 15859 W System  : A resource failed to call close. 
07-10 19:09:09.318 15847 15859 W System  : A resource failed to call close. 
07-10 19:09:09.318 15847 15859 W System  : A resource failed to call close. 
