07-10 19:08:46.734   561   572 W System  : A resource failed to call close. 
07-10 19:08:46.736   561   572 W System  : A resource failed to call close. 
07-10 19:08:46.816  1545  3703 I MediaProvider: Begin Intent { act=android.intent.action.MEDIA_SCANNER_SCAN_FILE dat=file:///sdcard/screen_2025-07-10_190847.png flg=0x1400010 cmp=com.google.android.providers.media.module/com.android.providers.media.MediaService }
07-10 19:08:46.827  1545  3703 I MediaProvider: End Intent { act=android.intent.action.MEDIA_SCANNER_SCAN_FILE dat=file:///sdcard/screen_2025-07-10_190847.png flg=0x1400010 cmp=com.google.android.providers.media.module/com.android.providers.media.MediaService }
07-10 19:08:46.899  8260  8395 I UriTaskContentObserver: (REDACTED) Throttling content uri change event for %s
07-10 19:08:46.900  1545  3292 I MediaProvider: Deleted 0 1 0 0 0 0 0 items on external_primary due to com.android.shell
07-10 19:08:46.991 11491 19423 I ProvidersCache: Provider returned no roots. Possibly naughty: com.google.android.apps.docs.storage
07-10 19:08:47.023 12115 12115 I Choreographer: Skipped 152 frames!  The application may be doing too much work on its main thread.
07-10 19:08:47.364  1545  1688 W MediaProvider: isAppCloneUserPair for user 0: false
07-10 19:08:47.392   218   218 I hwservicemanager: getTransport: Cannot find entry android.hardware.graphics.mapper@4.0::IMapper/default in either framework or device VINTF manifest.
07-10 19:08:47.392 19454 19458 I Gralloc4: mapper 4.x is not supported
07-10 19:08:47.567  1545  3703 I MediaProvider: Begin Intent { act=android.intent.action.MEDIA_SCANNER_SCAN_FILE dat=file:///sdcard/screen_2025-07-10_190847.png flg=0x1400010 cmp=com.google.android.providers.media.module/com.android.providers.media.MediaService }
07-10 19:08:47.602  1545  3703 I MediaProvider: End Intent { act=android.intent.action.MEDIA_SCANNER_SCAN_FILE dat=file:///sdcard/screen_2025-07-10_190847.png flg=0x1400010 cmp=com.google.android.providers.media.module/com.android.providers.media.MediaService }
07-10 19:08:47.634  1545  1688 I MediaProvider: Deleted 0 1 0 0 0 0 0 items on external_primary due to com.android.shell
07-10 19:08:47.636  8260  8395 I UriTaskContentObserver: (REDACTED) Throttling content uri change event for %s
07-10 19:08:48.185   561   602 W ImageReader_JNI: Unable to acquire a buffer item, very likely client tried to acquire more than maxImages buffers
07-10 19:08:48.204   561   604 I ActivityTaskManager: Config changes=20000480 {1.0 310mcc260mnc [en_US] ldltr sw411dp w866dp h387dp 420dpi nrml long land finger qwerty/v/v dpad/v winConfig={ mBounds=Rect(0, 0 - 2400, 1080) mAppBounds=Rect(126, 0 - 2400, 1080) mMaxBounds=Rect(0, 0 - 2400, 1080) mWindowingMode=fullscreen mDisplayWindowingMode=fullscreen mActivityType=undefined mAlwaysOnTop=undefined mRotation=ROTATION_270} s.681 fontWeightAdjustment=0}
07-10 19:08:48.216   561   604 I WindowManager: Override config changes=20000480 {1.0 310mcc260mnc [en_US] ldltr sw411dp w866dp h387dp 420dpi nrml long land finger qwerty/v/v dpad/v winConfig={ mBounds=Rect(0, 0 - 2400, 1080) mAppBounds=Rect(126, 0 - 2400, 1080) mMaxBounds=Rect(0, 0 - 2400, 1080) mWindowingMode=fullscreen mDisplayWindowingMode=fullscreen mActivityType=undefined mAlwaysOnTop=undefined mRotation=ROTATION_270} s.681 fontWeightAdjustment=0} for displayId=0
07-10 19:08:48.235   561   604 I InputManager-JNI: Viewport [0] to add: local:4619827259835644672, isActive: true
07-10 19:08:48.235   561   673 I InputReader: Reconfiguring input devices, changes=DISPLAY_INFO | 
07-10 19:08:48.235   561   673 I InputReader: Touch device 'virtio_input_multi_touch_7' could not query the properties of its associated display.  The device will be inoperable until the display size becomes available.
07-10 19:08:48.235   561   673 I InputReader: Touch device 'virtio_input_multi_touch_5' could not query the properties of its associated display.  The device will be inoperable until the display size becomes available.
07-10 19:08:48.235   561   673 I InputReader: Touch device 'virtio_input_multi_touch_10' could not query the properties of its associated display.  The device will be inoperable until the display size becomes available.
07-10 19:08:48.235   561   673 I InputReader: Touch device 'virtio_input_multi_touch_2' could not query the properties of its associated display.  The device will be inoperable until the display size becomes available.
07-10 19:08:48.235   561   673 I InputReader: Touch device 'virtio_input_multi_touch_11' could not query the properties of its associated display.  The device will be inoperable until the display size becomes available.
07-10 19:08:48.235   561   673 I InputReader: Touch device 'virtio_input_multi_touch_8' could not query the properties of its associated display.  The device will be inoperable until the display size becomes available.
07-10 19:08:48.235   561   673 I InputReader: Device reconfigured: id=7, name='virtio_input_multi_touch_1', size 1080x2400, orientation 3, mode 1, display id 0
07-10 19:08:48.235   561   673 I InputReader: Touch device 'virtio_input_multi_touch_9' could not query the properties of its associated display.  The device will be inoperable until the display size becomes available.
07-10 19:08:48.235   561   673 I InputReader: Touch device 'virtio_input_multi_touch_3' could not query the properties of its associated display.  The device will be inoperable until the display size becomes available.
07-10 19:08:48.235   561   673 I InputReader: Touch device 'virtio_input_multi_touch_4' could not query the properties of its associated display.  The device will be inoperable until the display size becomes available.
07-10 19:08:48.236   561   673 I InputReader: Touch device 'virtio_input_multi_touch_6' could not query the properties of its associated display.  The device will be inoperable until the display size becomes available.
07-10 19:08:48.245   561  1655 W InputDispatcher: Letterbox_bottom_ActivityRecord{f3b4c48 u0 com.amaze.filemanager/.activities.MainActivity t17} has FLAG_SLIPPERY. Please report this in b/157929241
07-10 19:08:48.276   561  1596 W InputManager-JNI: Input channel object '9373b78 com.amaze.filemanager/com.amaze.filemanager.activities.MainActivity (client)' was disposed without first being removed with the input manager!
07-10 19:08:48.377   561  1596 I WindowManager: finishDrawing of orientation change: Window{e69f46 u0 NavigationBar0} 142ms
07-10 19:08:48.464 15847 15857 I aze.filemanage: Background concurrent copying GC freed 447080(16MB) AllocSpace objects, 23(524KB) LOS objects, 49% free, 10062KB/19MB, paused 1.153ms,354us total 121.217ms
07-10 19:08:48.477   561  1596 I WindowManager: finishDrawing of orientation change: Window{f21d3d5 u0 StatusBar} 242ms
07-10 19:08:48.517 15847 15859 W System  : A resource failed to call close. 
07-10 19:08:48.518 15847 15859 W System  : A resource failed to call close. 
07-10 19:08:48.518 15847 15859 W System  : A resource failed to call close. 
07-10 19:08:48.519 15847 15859 W System  : A resource failed to call close. 
07-10 19:08:48.519 15847 15859 W System  : A resource failed to call close. 
07-10 19:08:48.519 15847 15859 W System  : A resource failed to call close. 
07-10 19:08:48.526 15847 15859 W System  : A resource failed to call close. 
07-10 19:08:48.527 15847 15859 W System  : A resource failed to call close. 
07-10 19:08:48.529 15847 15859 W System  : A resource failed to call close. 
07-10 19:08:48.530 15847 15859 W System  : A resource failed to call close. 
07-10 19:08:48.539 15847 15859 W System  : A resource failed to call close. 
07-10 19:08:48.540 15847 15859 W System  : A resource failed to call close. 
07-10 19:08:48.542 15847 15859 W System  : A resource failed to call close. 
07-10 19:08:48.543 15847 15859 W System  : A resource failed to call close. 
07-10 19:08:48.543 15847 15859 W System  : A resource failed to call close. 
07-10 19:08:48.543 15847 15859 W System  : A resource failed to call close. 
07-10 19:08:48.543 15847 15859 W System  : A resource failed to call close. 
07-10 19:08:48.544 15847 15859 W System  : A resource failed to call close. 
07-10 19:08:48.544 15847 15859 W System  : A resource failed to call close. 
07-10 19:08:48.545 15847 15859 W System  : A resource failed to call close. 
07-10 19:08:48.571 15847 15859 W System  : A resource failed to call close. 
07-10 19:08:48.571 15847 15859 W System  : A resource failed to call close. 
07-10 19:08:48.571 15847 15859 W System  : A resource failed to call close. 
07-10 19:08:48.572 15847 15859 W System  : A resource failed to call close. 
07-10 19:08:48.572 15847 15859 W System  : A resource failed to call close. 
07-10 19:08:48.573 15847 15859 W System  : A resource failed to call close. 
07-10 19:08:48.573 15847 15859 W System  : A resource failed to call close. 
07-10 19:08:48.573 15847 15859 W System  : A resource failed to call close. 
07-10 19:08:48.573 15847 15859 W System  : A resource failed to call close. 
07-10 19:08:48.574 15847 15859 W System  : A resource failed to call close. 
07-10 19:08:48.574 15847 15859 W System  : A resource failed to call close. 
07-10 19:08:48.574 15847 15859 W System  : A resource failed to call close. 
07-10 19:08:48.579 15847 15859 W System  : A resource failed to call close. 
07-10 19:08:48.579 15847 15859 W System  : A resource failed to call close. 
07-10 19:08:48.583 15847 15859 W System  : A resource failed to call close. 
07-10 19:08:48.583 15847 15859 W System  : A resource failed to call close. 
07-10 19:08:48.583 15847 15859 W System  : A resource failed to call close. 
07-10 19:08:48.584 15847 15859 W System  : A resource failed to call close. 
07-10 19:08:48.584 15847 15859 W System  : A resource failed to call close. 
07-10 19:08:48.584 15847 15859 W System  : A resource failed to call close. 
07-10 19:08:48.584 15847 15859 W System  : A resource failed to call close. 
07-10 19:08:48.584 15847 15859 W System  : A resource failed to call close. 
07-10 19:08:48.584 15847 15859 W System  : A resource failed to call close. 
07-10 19:08:48.585 15847 15859 W System  : A resource failed to call close. 
07-10 19:08:48.590 15847 15859 W System  : A resource failed to call close. 
07-10 19:08:48.591 15847 15859 W System  : A resource failed to call close. 
07-10 19:08:48.591 15847 15859 W System  : A resource failed to call close. 
07-10 19:08:48.592 15847 15859 W System  : A resource failed to call close. 
07-10 19:08:48.592 15847 15859 W System  : A resource failed to call close. 
07-10 19:08:48.592 15847 15859 W System  : A resource failed to call close. 
07-10 19:08:48.592 15847 15859 W System  : A resource failed to call close. 
07-10 19:08:48.592 15847 15859 W System  : A resource failed to call close. 
07-10 19:08:48.593 15847 15859 W System  : A resource failed to call close. 
07-10 19:08:48.593 15847 15859 W System  : A resource failed to call close. 
07-10 19:08:48.593 15847 15859 W System  : A resource failed to call close. 
07-10 19:08:48.593 15847 15859 W System  : A resource failed to call close. 
07-10 19:08:48.600 15847 15859 W System  : A resource failed to call close. 
07-10 19:08:48.601 15847 15859 W System  : A resource failed to call close. 
07-10 19:08:48.601 15847 15859 W System  : A resource failed to call close. 
07-10 19:08:48.602 15847 15859 W System  : A resource failed to call close. 
07-10 19:08:48.602 15847 15859 W System  : A resource failed to call close. 
07-10 19:08:48.602 15847 15859 W System  : A resource failed to call close. 
07-10 19:08:48.602 15847 15859 W System  : A resource failed to call close. 
07-10 19:08:48.603 15847 15859 W System  : A resource failed to call close. 
07-10 19:08:48.603 15847 15859 W System  : A resource failed to call close. 
07-10 19:08:48.603 15847 15859 W System  : A resource failed to call close. 
07-10 19:08:48.603 15847 15859 W System  : A resource failed to call close. 
07-10 19:08:48.604 15847 15859 W System  : A resource failed to call close. 
07-10 19:08:48.605 15847 15859 W System  : A resource failed to call close. 
07-10 19:08:48.605 15847 15859 W System  : A resource failed to call close. 
07-10 19:08:48.606 15847 15859 W System  : A resource failed to call close. 
07-10 19:08:48.606 15847 15859 W System  : A resource failed to call close. 
07-10 19:08:48.606 15847 15859 W System  : A resource failed to call close. 
07-10 19:08:48.606 15847 15859 W System  : A resource failed to call close. 
07-10 19:08:48.757 15847 15847 I Choreographer: Skipped 30 frames!  The application may be doing too much work on its main thread.
07-10 19:08:48.834 19541 19541 W dex2oat64: Unexpected CPU variant for X86 using defaults: x86_64
07-10 19:08:48.835 19541 19541 W dex2oat64: Mismatch between dex2oat instruction set features to use (ISA: X86_64 Feature string: -ssse3,-sse4.1,-sse4.2,-avx,-avx2,-popcnt) and those from CPP defines (ISA: X86_64 Feature string: ssse3,sse4.1,sse4.2,-avx,-avx2,popcnt) for the command line:
07-10 19:08:48.835 19541 19541 W dex2oat64: /apex/com.android.art/bin/dex2oat64 --zip-fd=7 --zip-location=service-connectivity.jar --oat-fd=8 --oat-location=/data/dalvik-cache/x86_64/apex@com.android.tethering@javalib@service-connectivity.jar@classes.dex --input-vdex-fd=-1 --output-vdex-fd=9 --swap-fd=10 --classpath-dir=/apex/com.android.tethering/javalib --class-loader-context=PCL[];PCL[/system/framework/com.android.location.provider.jar:/system/framework/services.jar:/system/framework/ethernet-service.jar:/apex/com.android.appsearch/javalib/service-appsearch.jar:/apex/com.android.media/javalib/service-media-s.jar:/apex/com.android.permission/javalib/service-permission.jar] --compact-dex-level=none --instruction-set=x86_64 --instruction-set-features=default --instruction-set-variant=x86_64 --compiler-filter=verify --compilation-reason=post-boot --max-image-block-size=524288 --resolve-startup-const-strings=true --generate-mini-debug-info --runtime-arg -Xms64m --runtime-arg -Xmx512m
07-10 19:08:48.835 19541 19541 I dex2oat64: /apex/com.android.art/bin/dex2oat64 --input-vdex-fd=-1 --output-vdex-fd=9 --classpath-dir=/apex/com.android.tethering/javalib --class-loader-context=PCL[];PCL[/system/framework/com.android.location.provider.jar:/system/framework/services.jar:/system/framework/ethernet-service.jar:/apex/com.android.appsearch/javalib/service-appsearch.jar:/apex/com.android.media/javalib/service-media-s.jar:/apex/com.android.permission/javalib/service-permission.jar] --compact-dex-level=none --compiler-filter=verify --compilation-reason=post-boot --max-image-block-size=524288 --resolve-startup-const-strings=true --generate-mini-debug-info
07-10 19:08:48.846 15847 15847 W View    : requestLayout() improperly called by android.widget.FrameLayout{1fd6b79 V.E...... ......ID 0,126-1353,315 #7f0f00c6 app:id/buttonbarframe} during layout: running second layout pass
07-10 19:08:48.846 15847 15847 W View    : requestLayout() improperly called by android.support.v7.widget.Toolbar{e9b1fc3 V.E...... ......ID 0,0-1353,126 #7f0f0060 app:id/action_bar} during layout: running second layout pass
07-10 19:08:48.865   561  1778 I WindowManager: finishDrawing of relaunch: Window{fe562a3 u0 com.amaze.filemanager/com.amaze.filemanager.activities.MainActivity} 635ms
07-10 19:08:48.878   561   605 I WindowManager: Screen frozen for +718ms due to Window{fe562a3 u0 com.amaze.filemanager/com.amaze.filemanager.activities.MainActivity}
07-10 19:08:48.892   561   602 W Looper  : Slow delivery took 308ms android.ui h=android.view.GestureDetector$GestureHandler c=null m=1
07-10 19:08:48.892   561   602 W Looper  : Drained
07-10 19:08:48.893   838   838 I KeyButtonView: Back button event: ACTION_DOWN
07-10 19:08:48.903   561   605 W ImageReader_JNI: Unable to acquire a buffer item, very likely client tried to acquire more than maxImages buffers
07-10 19:08:48.961   390   390 W RanchuHwc: validateDisplay: layer 133 CompositionType 1, fallback
07-10 19:08:48.963   390   390 W RanchuHwc: presentDisplay display has no layers to compose, flushing client target buffer.
07-10 19:08:48.969   838   838 I KeyButtonView: Back button event: ACTION_UP
07-10 19:08:48.971   561   602 E RemoteAugmentedAutofillService: Bad service name for flags 1048704: com.google.android.as/com.google.android.apps.miphone.aiai.app.AiAiAugmentedAutofillService
07-10 19:08:48.976   390   390 W RanchuHwc: validateDisplay: layer 133 CompositionType 1, fallback
07-10 19:08:48.978   390   390 W RanchuHwc: presentDisplay display has no layers to compose, flushing client target buffer.
07-10 19:08:48.981   418   418 I android.hardware.vibrator-service.example: Vibrator perform
07-10 19:08:48.982   418 19566 I android.hardware.vibrator-service.example: Starting perform on another thread
07-10 19:08:48.993   390   390 W RanchuHwc: validateDisplay: layer 133 CompositionType 1, fallback
07-10 19:08:48.995   390   390 W RanchuHwc: presentDisplay display has no layers to compose, flushing client target buffer.
07-10 19:08:49.010   390   390 W RanchuHwc: validateDisplay: layer 133 CompositionType 1, fallback
07-10 19:08:49.011   390   390 W RanchuHwc: presentDisplay display has no layers to compose, flushing client target buffer.
07-10 19:08:49.013 11491 19570 I ProvidersCache: Provider returned no roots. Possibly naughty: com.google.android.apps.docs.storage
07-10 19:08:49.026   390   390 W RanchuHwc: validateDisplay: layer 133 CompositionType 1, fallback
07-10 19:08:49.028   390   390 W RanchuHwc: presentDisplay display has no layers to compose, flushing client target buffer.
07-10 19:08:49.043   390   390 W RanchuHwc: validateDisplay: layer 139 CompositionType 1, fallback
07-10 19:08:49.044   390   390 W RanchuHwc: presentDisplay display has no layers to compose, flushing client target buffer.
07-10 19:08:49.059   390   390 W RanchuHwc: validateDisplay: layer 139 CompositionType 1, fallback
07-10 19:08:49.061   390   390 W RanchuHwc: presentDisplay display has no layers to compose, flushing client target buffer.
07-10 19:08:49.076   390   390 W RanchuHwc: validateDisplay: layer 139 CompositionType 1, fallback
07-10 19:08:49.077   390   390 W RanchuHwc: presentDisplay display has no layers to compose, flushing client target buffer.
07-10 19:08:49.083   418 19566 I android.hardware.vibrator-service.example: Notifying perform complete
07-10 19:08:49.088   418   418 I android.hardware.vibrator-service.example: Vibrator off
07-10 19:08:49.093   390   390 W RanchuHwc: validateDisplay: layer 139 CompositionType 1, fallback
07-10 19:08:49.095   390   390 W RanchuHwc: presentDisplay display has no layers to compose, flushing client target buffer.
07-10 19:08:49.109   390   390 W RanchuHwc: validateDisplay: layer 139 CompositionType 1, fallback
07-10 19:08:49.111   390   390 W RanchuHwc: presentDisplay display has no layers to compose, flushing client target buffer.
07-10 19:08:49.115 19541 19541 I dex2oat64: dex2oat took 282.524ms (305.121ms cpu) (threads: 6) arena alloc=0B (0B) java alloc=521KB (534064B) native alloc=1440KB (1475072B) free=1127KB (1154608B)
07-10 19:08:49.127   390   390 W RanchuHwc: validateDisplay: layer 139 CompositionType 1, fallback
07-10 19:08:49.128   390   390 W RanchuHwc: presentDisplay display has no layers to compose, flushing client target buffer.
07-10 19:08:49.142   390   390 W RanchuHwc: validateDisplay: layer 139 CompositionType 1, fallback
07-10 19:08:49.144   390   390 W RanchuHwc: presentDisplay display has no layers to compose, flushing client target buffer.
07-10 19:08:49.160 19579 19579 W dex2oat64: Unexpected CPU variant for X86 using defaults: x86_64
07-10 19:08:49.160 19579 19579 W dex2oat64: Mismatch between dex2oat instruction set features to use (ISA: X86_64 Feature string: -ssse3,-sse4.1,-sse4.2,-avx,-avx2,-popcnt) and those from CPP defines (ISA: X86_64 Feature string: ssse3,sse4.1,sse4.2,-avx,-avx2,popcnt) for the command line:
07-10 19:08:49.160 19579 19579 W dex2oat64: /apex/com.android.art/bin/dex2oat64 --zip-fd=7 --zip-location=service-scheduling.jar --oat-fd=8 --oat-location=/data/dalvik-cache/x86_64/apex@com.android.scheduling@javalib@service-scheduling.jar@classes.dex --input-vdex-fd=-1 --output-vdex-fd=9 --swap-fd=10 --classpath-dir=/apex/com.android.scheduling/javalib --class-loader-context=PCL[];PCL[/system/framework/com.android.location.provider.jar:/system/framework/services.jar:/system/framework/ethernet-service.jar:/apex/com.android.appsearch/javalib/service-appsearch.jar:/apex/com.android.media/javalib/service-media-s.jar:/apex/com.android.permission/javalib/service-permission.jar] --compact-dex-level=none --instruction-set=x86_64 --instruction-set-features=default --instruction-set-variant=x86_64 --compiler-filter=verify --compilation-reason=post-boot --max-image-block-size=524288 --resolve-startup-const-strings=true --generate-mini-debug-info --runtime-arg -Xms64m --runtime-arg -Xmx512m
07-10 19:08:49.160   390   390 W RanchuHwc: validateDisplay: layer 139 CompositionType 1, fallback
07-10 19:08:49.161 19579 19579 I dex2oat64: /apex/com.android.art/bin/dex2oat64 --input-vdex-fd=-1 --output-vdex-fd=9 --classpath-dir=/apex/com.android.scheduling/javalib --class-loader-context=PCL[];PCL[/system/framework/com.android.location.provider.jar:/system/framework/services.jar:/system/framework/ethernet-service.jar:/apex/com.android.appsearch/javalib/service-appsearch.jar:/apex/com.android.media/javalib/service-media-s.jar:/apex/com.android.permission/javalib/service-permission.jar] --compact-dex-level=none --compiler-filter=verify --compilation-reason=post-boot --max-image-block-size=524288 --resolve-startup-const-strings=true --generate-mini-debug-info
07-10 19:08:49.162   390   390 W RanchuHwc: presentDisplay display has no layers to compose, flushing client target buffer.
07-10 19:08:49.176   390   390 W RanchuHwc: validateDisplay: layer 139 CompositionType 1, fallback
07-10 19:08:49.178   390   390 W RanchuHwc: presentDisplay display has no layers to compose, flushing client target buffer.
07-10 19:08:49.192   390   390 W RanchuHwc: validateDisplay: layer 139 CompositionType 1, fallback
07-10 19:08:49.194   390   390 W RanchuHwc: presentDisplay display has no layers to compose, flushing client target buffer.
07-10 19:08:49.210   390   390 W RanchuHwc: validateDisplay: layer 139 CompositionType 1, fallback
07-10 19:08:49.212   390   390 W RanchuHwc: presentDisplay display has no layers to compose, flushing client target buffer.
07-10 19:08:49.236 19579 19579 I dex2oat64: dex2oat took 76.958ms (67.616ms cpu) (threads: 6) arena alloc=0B (0B) java alloc=98KB (101168B) native alloc=1405KB (1438960B) free=1051KB (1077024B)
07-10 19:08:49.281 11491 19592 I ProvidersCache: Provider returned no roots. Possibly naughty: com.google.android.apps.docs.storage
07-10 19:08:49.284 19594 19594 W dex2oat64: Unexpected CPU variant for X86 using defaults: x86_64
07-10 19:08:49.285 19594 19594 W dex2oat64: Mismatch between dex2oat instruction set features to use (ISA: X86_64 Feature string: -ssse3,-sse4.1,-sse4.2,-avx,-avx2,-popcnt) and those from CPP defines (ISA: X86_64 Feature string: ssse3,sse4.1,sse4.2,-avx,-avx2,popcnt) for the command line:
07-10 19:08:49.285 19594 19594 W dex2oat64: /apex/com.android.art/bin/dex2oat64 --zip-fd=7 --zip-location=service-wifi.jar --oat-fd=8 --oat-location=/data/dalvik-cache/x86_64/apex@com.android.wifi@javalib@service-wifi.jar@classes.dex --input-vdex-fd=-1 --output-vdex-fd=9 --swap-fd=10 --classpath-dir=/apex/com.android.wifi/javalib --class-loader-context=PCL[];PCL[/system/framework/com.android.location.provider.jar:/system/framework/services.jar:/system/framework/ethernet-service.jar:/apex/com.android.appsearch/javalib/service-appsearch.jar:/apex/com.android.media/javalib/service-media-s.jar:/apex/com.android.permission/javalib/service-permission.jar] --compact-dex-level=none --instruction-set=x86_64 --instruction-set-features=default --instruction-set-variant=x86_64 --compiler-filter=verify --compilation-reason=post-boot --max-image-block-size=524288 --resolve-startup-const-strings=true --generate-mini-debug-info --runtime-arg -Xms64m --runtime-arg -Xmx512m
07-10 19:08:49.285 19594 19594 I dex2oat64: /apex/com.android.art/bin/dex2oat64 --input-vdex-fd=-1 --output-vdex-fd=9 --classpath-dir=/apex/com.android.wifi/javalib --class-loader-context=PCL[];PCL[/system/framework/com.android.location.provider.jar:/system/framework/services.jar:/system/framework/ethernet-service.jar:/apex/com.android.appsearch/javalib/service-appsearch.jar:/apex/com.android.media/javalib/service-media-s.jar:/apex/com.android.permission/javalib/service-permission.jar] --compact-dex-level=none --compiler-filter=verify --compilation-reason=post-boot --max-image-block-size=524288 --resolve-startup-const-strings=true --generate-mini-debug-info
07-10 19:08:49.619 11491 19607 I ProvidersCache: Provider returned no roots. Possibly naughty: com.google.android.apps.docs.storage
07-10 19:08:49.875 11491 19623 I ProvidersCache: Provider returned no roots. Possibly naughty: com.google.android.apps.docs.storage
07-10 19:08:50.166 19594 19594 I dex2oat64: dex2oat took 883.009ms (3.298s cpu) (threads: 6) arena alloc=0B (0B) java alloc=1191KB (1220080B) native alloc=1627KB (1666736B) free=3834KB (3926752B)
07-10 19:08:50.188 19645 19645 W dex2oat64: Unexpected CPU variant for X86 using defaults: x86_64
07-10 19:08:50.188 19645 19645 W dex2oat64: Mismatch between dex2oat instruction set features to use (ISA: X86_64 Feature string: -ssse3,-sse4.1,-sse4.2,-avx,-avx2,-popcnt) and those from CPP defines (ISA: X86_64 Feature string: ssse3,sse4.1,sse4.2,-avx,-avx2,popcnt) for the command line:
07-10 19:08:50.188 19645 19645 W dex2oat64: /apex/com.android.art/bin/dex2oat64 --zip-fd=7 --zip-location=service-statsd.jar --oat-fd=8 --oat-location=/data/dalvik-cache/x86_64/apex@com.android.os.statsd@javalib@service-statsd.jar@classes.dex --input-vdex-fd=-1 --output-vdex-fd=9 --swap-fd=10 --classpath-dir=/apex/com.android.os.statsd/javalib --class-loader-context=PCL[];PCL[/system/framework/com.android.location.provider.jar:/system/framework/services.jar:/system/framework/ethernet-service.jar:/apex/com.android.appsearch/javalib/service-appsearch.jar:/apex/com.android.media/javalib/service-media-s.jar:/apex/com.android.permission/javalib/service-permission.jar] --compact-dex-level=none --instruction-set=x86_64 --instruction-set-features=default --instruction-set-variant=x86_64 --compiler-filter=verify --compilation-reason=post-boot --max-image-block-size=524288 --resolve-startup-const-strings=true --generate-mini-debug-info --runtime-arg -Xms64m --runtime-arg -Xmx512m
07-10 19:08:50.188 19645 19645 I dex2oat64: /apex/com.android.art/bin/dex2oat64 --input-vdex-fd=-1 --output-vdex-fd=9 --classpath-dir=/apex/com.android.os.statsd/javalib --class-loader-context=PCL[];PCL[/system/framework/com.android.location.provider.jar:/system/framework/services.jar:/system/framework/ethernet-service.jar:/apex/com.android.appsearch/javalib/service-appsearch.jar:/apex/com.android.media/javalib/service-media-s.jar:/apex/com.android.permission/javalib/service-permission.jar] --compact-dex-level=none --compiler-filter=verify --compilation-reason=post-boot --max-image-block-size=524288 --resolve-startup-const-strings=true --generate-mini-debug-info
07-10 19:08:50.197 11491 19653 I ProvidersCache: Provider returned no roots. Possibly naughty: com.google.android.apps.docs.storage
07-10 19:08:50.246 19645 19645 I dex2oat64: dex2oat took 58.609ms (45.700ms cpu) (threads: 6) arena alloc=0B (0B) java alloc=98KB (101056B) native alloc=1411KB (1444880B) free=1049KB (1075104B)
07-10 19:08:50.248  1545  1688 W MediaProvider: isAppCloneUserPair for user 0: false
07-10 19:08:50.268   218   218 I hwservicemanager: getTransport: Cannot find entry android.hardware.graphics.mapper@4.0::IMapper/default in either framework or device VINTF manifest.
07-10 19:08:50.268 19647 19664 I Gralloc4: mapper 4.x is not supported
07-10 19:08:50.463 11491 19673 I ProvidersCache: Provider returned no roots. Possibly naughty: com.google.android.apps.docs.storage
07-10 19:08:50.485  1545  3703 I MediaProvider: Begin Intent { act=android.intent.action.MEDIA_SCANNER_SCAN_FILE dat=file:///sdcard/screen_2025-07-10_190850.png flg=0x1400010 cmp=com.google.android.providers.media.module/com.android.providers.media.MediaService }
07-10 19:08:50.494  1545  3703 I MediaProvider: End Intent { act=android.intent.action.MEDIA_SCANNER_SCAN_FILE dat=file:///sdcard/screen_2025-07-10_190850.png flg=0x1400010 cmp=com.google.android.providers.media.module/com.android.providers.media.MediaService }
07-10 19:08:50.554  1545  1688 I MediaProvider: Deleted 0 1 0 0 0 0 0 items on external_primary due to com.android.shell
07-10 19:08:50.557  8260  8395 I UriTaskContentObserver: (REDACTED) Throttling content uri change event for %s
07-10 19:08:50.950  1545  1688 W MediaProvider: isAppCloneUserPair for user 0: false
07-10 19:08:50.973   218   218 I hwservicemanager: getTransport: Cannot find entry android.hardware.graphics.mapper@4.0::IMapper/default in either framework or device VINTF manifest.
07-10 19:08:50.974 19721 19723 I Gralloc4: mapper 4.x is not supported
07-10 19:08:50.998 12115 12115 I Choreographer: Skipped 66 frames!  The application may be doing too much work on its main thread.
07-10 19:08:51.007   561   604 I system_server: Explicit concurrent copying GC freed 202144(10MB) AllocSpace objects, 45(1152KB) LOS objects, 45% free, 28MB/52MB, paused 566us,164us total 91.805ms
07-10 19:08:51.012   561   572 W System  : A resource failed to call close. 
07-10 19:08:51.015   561   572 W System  : A resource failed to call close. 
07-10 19:08:51.183  1545  3703 I MediaProvider: Begin Intent { act=android.intent.action.MEDIA_SCANNER_SCAN_FILE dat=file:///sdcard/screen_2025-07-10_190851.png flg=0x1400010 cmp=com.google.android.providers.media.module/com.android.providers.media.MediaService }
07-10 19:08:51.202  1545  3703 I MediaProvider: End Intent { act=android.intent.action.MEDIA_SCANNER_SCAN_FILE dat=file:///sdcard/screen_2025-07-10_190851.png flg=0x1400010 cmp=com.google.android.providers.media.module/com.android.providers.media.MediaService }
07-10 19:08:51.256  8260  8395 I UriTaskContentObserver: (REDACTED) Throttling content uri change event for %s
07-10 19:08:51.256  1545  1688 I MediaProvider: Deleted 0 1 0 0 0 0 0 items on external_primary due to com.android.shell
07-10 19:08:51.667  1545  1688 W MediaProvider: isAppCloneUserPair for user 0: false
07-10 19:08:51.692   218   218 I hwservicemanager: getTransport: Cannot find entry android.hardware.graphics.mapper@4.0::IMapper/default in either framework or device VINTF manifest.
07-10 19:08:51.692 19760 19762 I Gralloc4: mapper 4.x is not supported
07-10 19:08:51.999   216   216 I servicemanager: Since 'apexservice' could not be found, trying to start it as a lazy AIDL service
07-10 19:08:52.008  1545  3703 I MediaProvider: Begin Intent { act=android.intent.action.MEDIA_SCANNER_SCAN_FILE dat=file:///sdcard/screen_2025-07-10_190852.png flg=0x1400010 cmp=com.google.android.providers.media.module/com.android.providers.media.MediaService }
07-10 19:08:52.013  1545  3703 W ExifInterface: Invalid image: ExifInterface got an unsupported image format file(ExifInterface supports JPEG and some RAW image formats only) or a corrupted JPEG file to ExifInterface.
07-10 19:08:52.013  1545  3703 W ExifInterface: java.io.EOFException
07-10 19:08:52.013  1545  3703 W ExifInterface: 	at android.media.ExifInterface$ByteOrderedDataInputStream.readShort(ExifInterface.java:4995)
07-10 19:08:52.013  1545  3703 W ExifInterface: 	at android.media.ExifInterface.readByteOrder(ExifInterface.java:3977)
07-10 19:08:52.013  1545  3703 W ExifInterface: 	at android.media.ExifInterface.parseTiffHeaders(ExifInterface.java:3997)
07-10 19:08:52.013  1545  3703 W ExifInterface: 	at android.media.ExifInterface.getRawAttributes(ExifInterface.java:2963)
07-10 19:08:52.013  1545  3703 W ExifInterface: 	at android.media.ExifInterface.loadAttributes(ExifInterface.java:2024)
07-10 19:08:52.013  1545  3703 W ExifInterface: 	at android.media.ExifInterface.<init>(ExifInterface.java:1641)
07-10 19:08:52.013  1545  3703 W ExifInterface: 	at android.media.ExifInterface.<init>(ExifInterface.java:1592)
07-10 19:08:52.013  1545  3703 W ExifInterface: 	at com.android.providers.media.scan.ModernMediaScanner.scanItemImage(ModernMediaScanner.java:1367)
07-10 19:08:52.013  1545  3703 W ExifInterface: 	at com.android.providers.media.scan.ModernMediaScanner.scanItem(ModernMediaScanner.java:1003)
07-10 19:08:52.013  1545  3703 W ExifInterface: 	at com.android.providers.media.scan.ModernMediaScanner.access$1200(ModernMediaScanner.java:146)
07-10 19:08:52.013  1545  3703 W ExifInterface: 	at com.android.providers.media.scan.ModernMediaScanner$Scan.visitFile(ModernMediaScanner.java:801)
07-10 19:08:52.013  1545  3703 W ExifInterface: 	at com.android.providers.media.scan.ModernMediaScanner$Scan.visitFile(ModernMediaScanner.java:320)
07-10 19:08:52.013  1545  3703 W ExifInterface: 	at java.nio.file.Files.walkFileTree(Files.java:2670)
07-10 19:08:52.013  1545  3703 W ExifInterface: 	at java.nio.file.Files.walkFileTree(Files.java:2742)
07-10 19:08:52.013  1545  3703 W ExifInterface: 	at com.android.providers.media.scan.ModernMediaScanner$Scan.walkFileTree(ModernMediaScanner.java:439)
07-10 19:08:52.013  1545  3703 W ExifInterface: 	at com.android.providers.media.scan.ModernMediaScanner$Scan.runInternal(ModernMediaScanner.java:402)
07-10 19:08:52.013  1545  3703 W ExifInterface: 	at com.android.providers.media.scan.ModernMediaScanner$Scan.run(ModernMediaScanner.java:391)
07-10 19:08:52.013  1545  3703 W ExifInterface: 	at com.android.providers.media.scan.ModernMediaScanner.scanFile(ModernMediaScanner.java:263)
07-10 19:08:52.013  1545  3703 W ExifInterface: 	at com.android.providers.media.MediaProvider.scanFile(MediaProvider.java:1273)
07-10 19:08:52.013  1545  3703 W ExifInterface: 	at com.android.providers.media.MediaProvider.scanFile(MediaProvider.java:1269)
07-10 19:08:52.013  1545  3703 W ExifInterface: 	at com.android.providers.media.MediaService.onScanFile(MediaService.java:215)
07-10 19:08:52.013  1545  3703 W ExifInterface: 	at com.android.providers.media.MediaService.onHandleWork(MediaService.java:85)
07-10 19:08:52.013  1545  3703 W ExifInterface: 	at androidx.core.app.JobIntentService$CommandProcessor.doInBackground(JobIntentService.java:396)
07-10 19:08:52.013  1545  3703 W ExifInterface: 	at androidx.core.app.JobIntentService$CommandProcessor.doInBackground(JobIntentService.java:387)
07-10 19:08:52.013  1545  3703 W ExifInterface: 	at android.os.AsyncTask$3.call(AsyncTask.java:394)
07-10 19:08:52.013  1545  3703 W ExifInterface: 	at java.util.concurrent.FutureTask.run(FutureTask.java:266)
07-10 19:08:52.013  1545  3703 W ExifInterface: 	at java.util.concurrent.ThreadPoolExecutor.runWorker(ThreadPoolExecutor.java:1167)
07-10 19:08:52.013  1545  3703 W ExifInterface: 	at java.util.concurrent.ThreadPoolExecutor$Worker.run(ThreadPoolExecutor.java:641)
07-10 19:08:52.013  1545  3703 W ExifInterface: 	at java.lang.Thread.run(Thread.java:920)
07-10 19:08:52.019  1545  3703 I MediaProvider: End Intent { act=android.intent.action.MEDIA_SCANNER_SCAN_FILE dat=file:///sdcard/screen_2025-07-10_190852.png flg=0x1400010 cmp=com.google.android.providers.media.module/com.android.providers.media.MediaService }
07-10 19:08:52.088  1545  3292 I MediaProvider: Deleted 0 1 0 0 0 0 0 items on external_primary due to com.android.shell
07-10 19:08:52.091  8260  8395 I UriTaskContentObserver: (REDACTED) Throttling content uri change event for %s
07-10 19:08:52.140   216   216 I BpBinder: onLastStrongRef automatically unlinking death recipients: <uncached descriptor>
07-10 19:08:52.142   216   216 I servicemanager: Tried to unregister apexservice, but there is about to be a client.
07-10 19:08:52.418 11491 19810 I ProvidersCache: Provider returned no roots. Possibly naughty: com.google.android.apps.docs.storage
07-10 19:08:52.668 11491 19837 I ProvidersCache: Provider returned no roots. Possibly naughty: com.google.android.apps.docs.storage
07-10 19:08:52.984 11491 19863 I ProvidersCache: Provider returned no roots. Possibly naughty: com.google.android.apps.docs.storage
07-10 19:08:53.248 11491 19871 I ProvidersCache: Provider returned no roots. Possibly naughty: com.google.android.apps.docs.storage
07-10 19:08:53.540   561 19313 W system_server: ClassLoaderContext shared library size mismatch. Expected=1, found=0 (PCL[]{PCL[/vendor/framework/androidx.camera.extensions.impl.jar*2178592659]} | PCL[])
07-10 19:08:53.800 11491 19877 I ProvidersCache: Provider returned no roots. Possibly naughty: com.google.android.apps.docs.storage
07-10 19:08:54.191   561   658 W DeviceIdleController: motion timeout went off and device isn't stationary
07-10 19:08:54.214   561   613 I ActivityManager: Start proc 19898:android.process.acore/u0a59 for content provider {com.android.providers.contacts/com.android.providers.contacts.ContactsProvider2}
07-10 19:08:54.220 19898 19898 W d.process.acor: Unexpected CPU variant for X86 using defaults: x86_64
07-10 19:08:54.226 19898 19898 E d.process.acor: Not starting debugger since process cannot load the jdwp agent.
07-10 19:08:54.255  1545  3292 W MediaProvider: isAppCloneUserPair for user 0: false
07-10 19:08:54.272   218   218 I hwservicemanager: getTransport: Cannot find entry android.hardware.graphics.mapper@4.0::IMapper/default in either framework or device VINTF manifest.
07-10 19:08:54.273 19894 19913 I Gralloc4: mapper 4.x is not supported
07-10 19:08:54.317 19898 19898 I ContactsPerf: VoicemailContentProvider.onCreate start
07-10 19:08:54.323 19898 19898 I ContactsPerf: VoicemailContentProvider.onCreate finish
07-10 19:08:54.352   561 19313 I PackageDexOptimizer: Running dexopt (dexoptNeeded=1) on: /data/app/~~VPnwrRzHBHmD50ZRZSKfcg==/io.github.ylimit.droidbotapp-tAtf41fZuBU0mD0HW8aLaw==/base.apk pkg=io.github.ylimit.droidbotapp isa=x86_64 dexoptFlags=boot_complete,debuggable,public,enable_hidden_api_checks targetFilter=extract oatDir=/data/app/~~VPnwrRzHBHmD50ZRZSKfcg==/io.github.ylimit.droidbotapp-tAtf41fZuBU0mD0HW8aLaw==/oat classLoaderContext=PCL[]{}
07-10 19:08:54.369 19898 19898 I ContactsDatabaseHelper: updateUseStrictPhoneNumberComparison: US
07-10 19:08:54.372 19917 19917 W dex2oat64: Unexpected CPU variant for X86 using defaults: x86_64
07-10 19:08:54.373 19917 19917 W dex2oat64: Mismatch between dex2oat instruction set features to use (ISA: X86_64 Feature string: -ssse3,-sse4.1,-sse4.2,-avx,-avx2,-popcnt) and those from CPP defines (ISA: X86_64 Feature string: ssse3,sse4.1,sse4.2,-avx,-avx2,popcnt) for the command line:
07-10 19:08:54.373 19917 19917 W dex2oat64: /apex/com.android.art/bin/dex2oat64 --zip-fd=7 --zip-location=base.apk --oat-fd=8 --oat-location=/data/app/~~VPnwrRzHBHmD50ZRZSKfcg==/io.github.ylimit.droidbotapp-tAtf41fZuBU0mD0HW8aLaw==/oat/x86_64/base.odex --input-vdex-fd=-1 --output-vdex-fd=9 --swap-fd=10 --classpath-dir=/data/app/~~VPnwrRzHBHmD50ZRZSKfcg==/io.github.ylimit.droidbotapp-tAtf41fZuBU0mD0HW8aLaw== --class-loader-context=PCL[]{} --compact-dex-level=none --instruction-set=x86_64 --instruction-set-features=default --instruction-set-variant=x86_64 --compiler-filter=extract --compilation-reason=post-boot --max-image-block-size=524288 --resolve-startup-const-strings=true --debuggable --generate-mini-debug-info --runtime-arg -Xtarget-sdk-version:33 --runtime-arg -Xhidden-api-policy:enabled --runtime-arg -Xms64m --runtime-arg -Xmx512m
07-10 19:08:54.373 19917 19917 I dex2oat64: /apex/com.android.art/bin/dex2oat64 --input-vdex-fd=-1 --output-vdex-fd=9 --classpath-dir=/data/app/~~VPnwrRzHBHmD50ZRZSKfcg==/io.github.ylimit.droidbotapp-tAtf41fZuBU0mD0HW8aLaw== --class-loader-context=PCL[]{} --compact-dex-level=none --compiler-filter=extract --compilation-reason=post-boot --max-image-block-size=524288 --resolve-startup-const-strings=true --debuggable --generate-mini-debug-info
07-10 19:08:54.393 19898 19915 I CallLogProvider: Syncing call composer pics -- source user=0, isShadow=true, forAllUser=false
07-10 19:08:54.393 19898 19915 I CallLogProvider: Fetching list of Uris to sync
07-10 19:08:54.408 19898 19915 I CallLogProvider: Will sync following Uris:[]
07-10 19:08:54.408 19898 19915 I CallLogProvider: Syncing call composer pics -- got []
07-10 19:08:54.431 19898 19920 I ContactLocale: AddressBook Labels [[en_US]]: [, A, B, C, D, E, F, G, H, I, J, K, L, M, N, O, P, Q, R, S, T, U, V, W, X, Y, Z, , , , , , , , , , , , , , , , , , , , , , , , , , , , , , , , , , , , , , , , , , , , , , , , , , , , , , , , , , , , , , , , , , , , , , , , , , , , , , , , , , , , , , , , , , , , , , , , , , , , , , , , , , , , , , , , , , , , , , , , , , , , , , , , , , , , , , , , , , , , , , , , , , , , , , , , , , , , , , , , , , , , , , , , , , , , , , , , , , , , , , , , , , , #, ]
07-10 19:08:54.476   561   613 I ActivityManager: Start proc 19926:com.google.android.gm/u0a121 for content provider {com.google.android.gm/com.android.exchange.provider.ExchangeDirectoryProvider}
07-10 19:08:54.484 19926 19926 W ogle.android.g: Unexpected CPU variant for X86 using defaults: x86_64
07-10 19:08:54.488 19926 19926 E ogle.android.g: Not starting debugger since process cannot load the jdwp agent.
07-10 19:08:54.505  1545  3703 I MediaProvider: Begin Intent { act=android.intent.action.MEDIA_SCANNER_SCAN_FILE dat=file:///sdcard/screen_2025-07-10_190854.png flg=0x1400010 cmp=com.google.android.providers.media.module/com.android.providers.media.MediaService }
07-10 19:08:54.510 19917 19917 I dex2oat64: dex2oat took 138.806ms (103.169ms cpu) (threads: 6) arena alloc=0B (0B) java alloc=16KB (16384B) native alloc=718KB (735744B) free=1046KB (1071312B)
07-10 19:08:54.515  1545  3703 I MediaProvider: End Intent { act=android.intent.action.MEDIA_SCANNER_SCAN_FILE dat=file:///sdcard/screen_2025-07-10_190854.png flg=0x1400010 cmp=com.google.android.providers.media.module/com.android.providers.media.MediaService }
07-10 19:08:54.575  1545  3292 I MediaProvider: Deleted 0 1 0 0 0 0 0 items on external_primary due to com.android.shell
07-10 19:08:54.577  8260  8395 I UriTaskContentObserver: (REDACTED) Throttling content uri change event for %s
07-10 19:08:54.637   561 19313 I PackageDexOptimizer: Running dexopt (dexoptNeeded=1) on: /data/app/~~-JJQkMiKzPggkGFKB8kXwg==/com.amaze.filemanager-cYt6kSOKp0nI-g1tHCKELA==/base.apk pkg=com.amaze.filemanager isa=x86_64 dexoptFlags=boot_complete,debuggable,public,enable_hidden_api_checks targetFilter=extract oatDir=/data/app/~~-JJQkMiKzPggkGFKB8kXwg==/com.amaze.filemanager-cYt6kSOKp0nI-g1tHCKELA==/oat classLoaderContext=PCL[]{PCL[/system/framework/android.test.base.jar]#PCL[/system/framework/org.apache.http.legacy.jar]}
07-10 19:08:54.656 19954 19954 W dex2oat64: Unexpected CPU variant for X86 using defaults: x86_64
07-10 19:08:54.657 19954 19954 W dex2oat64: Mismatch between dex2oat instruction set features to use (ISA: X86_64 Feature string: -ssse3,-sse4.1,-sse4.2,-avx,-avx2,-popcnt) and those from CPP defines (ISA: X86_64 Feature string: ssse3,sse4.1,sse4.2,-avx,-avx2,popcnt) for the command line:
07-10 19:08:54.657 19954 19954 W dex2oat64: /apex/com.android.art/bin/dex2oat64 --zip-fd=7 --zip-location=base.apk --oat-fd=8 --oat-location=/data/app/~~-JJQkMiKzPggkGFKB8kXwg==/com.amaze.filemanager-cYt6kSOKp0nI-g1tHCKELA==/oat/x86_64/base.odex --input-vdex-fd=-1 --output-vdex-fd=9 --swap-fd=10 --classpath-dir=/data/app/~~-JJQkMiKzPggkGFKB8kXwg==/com.amaze.filemanager-cYt6kSOKp0nI-g1tHCKELA== --class-loader-context=PCL[]{PCL[/system/framework/android.test.base.jar]#PCL[/system/framework/org.apache.http.legacy.jar]} --compact-dex-level=none --instruction-set=x86_64 --instruction-set-features=default --instruction-set-variant=x86_64 --compiler-filter=extract --compilation-reason=post-boot --max-image-block-size=524288 --resolve-startup-const-strings=true --debuggable --generate-mini-debug-info --runtime-arg -Xtarget-sdk-version:23 --runtime-arg -Xhidden-api-policy:enabled --runtime-arg -Xms64m --runtime-arg -Xmx512m
07-10 19:08:54.657 19954 19954 I dex2oat64: /apex/com.android.art/bin/dex2oat64 --input-vdex-fd=-1 --output-vdex-fd=9 --classpath-dir=/data/app/~~-JJQkMiKzPggkGFKB8kXwg==/com.amaze.filemanager-cYt6kSOKp0nI-g1tHCKELA== --class-loader-context=PCL[]{PCL[/system/framework/android.test.base.jar]#PCL[/system/framework/org.apache.http.legacy.jar]} --compact-dex-level=none --compiler-filter=extract --compilation-reason=post-boot --max-image-block-size=524288 --resolve-startup-const-strings=true --debuggable --generate-mini-debug-info
07-10 19:08:54.774   561  1655 W PermissionManagerService: Datasource android.content.AttributionSource@4933befc protecting data with platform defined runtime permission android.permission.READ_CONTACTS while not having android.permission.UPDATE_APP_OPS_STATS
07-10 19:08:54.775 19954 19954 I dex2oat64: dex2oat took 118.805ms (91.659ms cpu) (threads: 6) arena alloc=0B (0B) java alloc=16KB (16384B) native alloc=695KB (712160B) free=1162KB (1190448B)
07-10 19:08:54.788  8243  9229 I PeopleGalProvider: Gal directories started.
07-10 19:08:54.793  8243  9229 I PeopleGalProvider: Method 1 completed.
07-10 19:08:54.793  8243  9229 I PeopleGalProvider: Method 1 finished successfully.
07-10 19:08:54.796 19926 19982 W ogle.android.g: Accessing hidden field Ljava/util/Collections$SynchronizedCollection;->mutex:Ljava/lang/Object; (max-target-o, reflection, denied)
07-10 19:08:54.796 19926 19982 W ogle.android.g: Accessing hidden method Ljava/util/Collections$SynchronizedSet;-><init>(Ljava/util/Set;Ljava/lang/Object;)V (max-target-o, reflection, denied)
07-10 19:08:54.796 19926 19982 W ogle.android.g: Accessing hidden method Ljava/util/Collections$SynchronizedCollection;-><init>(Ljava/util/Collection;Ljava/lang/Object;)V (max-target-o, reflection, denied)
07-10 19:08:54.799 19898 19920 I ContactDirectoryManager: deleted 0 stale rows which don't have any relevant directory
07-10 19:08:54.799 19898 19920 I ContactDirectoryManager: Discovered 0 contact directories in 333ms
07-10 19:08:54.824  8260  8395 I UriTaskContentObserver: (REDACTED) Throttling content uri change event for %s
07-10 19:08:54.876  8260 17350 I NetworkScheduler.Stats: (REDACTED) Task %s/%s started execution. cause:%s exec_start_elapsed_seconds: %s
07-10 19:08:54.878  8260 19271 I NetworkScheduler.Stats: (REDACTED) Task %s/%s finished executing. cause:%s result: %s elapsed_millis: %s uptime_millis: %s exec_start_elapsed_seconds: %s
07-10 19:08:54.923 19926 20000 I org.webrtc.Logging: CrashStartupListener: Checking conference crashes for 0 account(s).
07-10 19:08:54.938  8260  9391 W ProviderHelper: Unknown dynamite feature flags
07-10 19:08:54.943  8260 20024 I GmsDebugLogger: [89] flags
07-10 19:08:54.946 19926 20018 W System  : ClassLoader referenced unknown path: 
07-10 19:08:54.982 19926 20018 W DynamiteModule: Local module descriptor class for com.google.android.gms.crash not found.
07-10 19:08:54.987  8260  9091 I FontLog : (REDACTED) Received query %s, URI %s
07-10 19:08:54.994  8260  9091 I FontLog : (REDACTED) Query [%s] resolved to %s
07-10 19:08:54.996 19926 20018 W ogle.android.g: ClassLoaderContext classpath size mismatch. expected=14, found=0 (DLC[];PCL[base.apk*4200896048:base.apk!classes2.dex*2648861978:base.apk!classes3.dex*867742970:base.apk!classes4.dex*3647326299:base.apk!classes5.dex*1474987778:base.apk!classes6.dex*2774851643:base.apk!classes7.dex*1405854162:base.apk!classes8.dex*818860920:base.apk!classes9.dex*1720315296:base.apk!classes10.dex*3535340176:base.apk!classes11.dex*1720366269:base.apk!classes12.dex*1484636670:base.apk!classes13.dex*1342963717:base.apk!classes14.dex*4198893896]{PCL[/system/framework/org.apache.http.legacy.jar*2058259660]#PCL[/system/framework/com.android.media.remotedisplay.jar*3472798122]#PCL[/system/framework/com.android.location.provider.jar*3633238673]#PCL[/system_ext/framework/androidx.window.sidecar.jar*3539530913]#PCL[/system/framework/org.apache.http.legacy.jar*2058259660]} | DLC[];PCL[])
07-10 19:08:55.023 19926 19926 W Gmail   : AccountUtils:For b/73513912, load account content://com.google.android.gm.sapi/account.-2137146394 from MailAppProvider. Is account valid result: 1.
07-10 19:08:55.027 19926 19926 W Gmail   : AccountUtils:For b/73513912, load account content://com.google.android.gm.email.provider/account.-437561172?suppress_combined%3Dtrue from MailAppProvider. Is account valid result: 1.
07-10 19:08:55.033  8260  9091 I FontLog : (REDACTED) Fetch %s end status %s
