--------- beginning of main
07-10 19:07:42.483  9248  9248 I GoogleInputMethodService: GoogleInputMethodService.onFinishInput():3420 
07-10 19:07:42.487   561  1595 W InputManager-JNI: Input channel object '718f0e3 InputMethod (client)' was disposed without first being removed with the input manager!
07-10 19:07:42.495  9248  9248 I NormalModeController: NormalModeController.getKeyboardBodyViewHolderPaddingBottom():109 currentPrimeKeyboardType:SOFT systemPaddingBottom:-1
07-10 19:07:42.496  9248  9248 I AbstractOpenableExtension: AbstractOpenableExtension.maybeDestroyExistingKeyboardGroupManager():514 Destroy existing keyboard group manager in fci
07-10 19:07:42.497  9248  9248 I AbstractOpenableExtension: AbstractOpenableExtension.maybeDestroyExistingKeyboardGroupManager():514 Destroy existing keyboard group manager in eyj
07-10 19:07:42.504  9248  9248 I AbstractOpenableExtension: AbstractOpenableExtension.maybeDestroyExistingKeyboardGroupManager():514 Destroy existing keyboard group manager in fau
07-10 19:07:42.505  9248  9248 I KeyboardViewController: KeyboardViewController.clearSubViewControllerInternal():411 Clears keyboard sub view controller for keyboardType: null, viewType: HEADER, viewId: 2131428269(#0x7f0b03ad),which has not been set.
07-10 19:07:42.508  9248 15264 I JapaneseMozcExtension: JapaneseMozcExtension.onDestroyServiceInternal():81 onDestroyServiceInternal()
07-10 19:07:42.508  9248  9248 I AbstractOpenableExtension: AbstractOpenableExtension$3.onSuccess():527 KeyboardGroupManager destroyed in fci.
--------- beginning of system
07-10 19:07:42.509   561  2086 I ActivityManager: Killing 1894:android.process.acore/u0a59 (adj 975): empty #17
07-10 19:07:42.512  9248  9248 I AbstractOpenableExtension: AbstractOpenableExtension$3.onSuccess():527 KeyboardGroupManager destroyed in eyj.
07-10 19:07:42.515  9248  9248 I AbstractOpenableExtension: AbstractOpenableExtension$3.onSuccess():527 KeyboardGroupManager destroyed in fau.
07-10 19:07:42.522   368   368 I Zygote  : Process 1894 exited due to signal 9 (Killed)
07-10 19:07:42.551   561   614 I libprocessgroup: Successfully killed process cgroup uid 10059 pid 1894 in 41ms
07-10 19:07:42.747   561   602 E RemoteAugmentedAutofillService: Bad service name for flags 1048704: com.google.android.as/com.google.android.apps.miphone.aiai.app.AiAiAugmentedAutofillService
07-10 19:07:42.841  9990  9990 I abb     : StartCommandInProcess(73657474696e67730067657400676c6f settings.get.glo [truncated])
07-10 19:07:42.840   561   561 W Binder:561_7: type=1400 audit(0.0:153): avc: denied { getopt } for scontext=u:r:system_server:s0 tcontext=u:r:shell:s0 tclass=unix_stream_socket permissive=0
07-10 19:07:42.840   561   561 W Binder:561_7: type=1400 audit(0.0:154): avc: denied { getopt } for scontext=u:r:system_server:s0 tcontext=u:r:shell:s0 tclass=unix_stream_socket permissive=0
07-10 19:07:42.840   561   561 W Binder:561_7: type=1400 audit(0.0:155): avc: denied { getopt } for scontext=u:r:system_server:s0 tcontext=u:r:shell:s0 tclass=unix_stream_socket permissive=0
07-10 19:07:42.884   561   561 W Binder:561_7: type=1400 audit(0.0:156): avc: denied { getopt } for scontext=u:r:system_server:s0 tcontext=u:r:shell:s0 tclass=unix_stream_socket permissive=0
07-10 19:07:42.915   561   633 I PackageManager: Integrity check passed for file:///data/app/vmdl1937359594.tmp
07-10 19:07:42.939  1545  1571 I MediaProvider: Invalidating LocalCallingIdentity cache for package com.amaze.filemanager. Reason: op android:read_external_storage
07-10 19:07:42.941  1545  1571 I MediaProvider: Invalidating LocalCallingIdentity cache for package com.amaze.filemanager. Reason: op android:read_external_storage
07-10 19:07:42.941  1545  1571 I MediaProvider: Invalidating LocalCallingIdentity cache for package com.amaze.filemanager. Reason: op android:read_external_storage
07-10 19:07:42.942  1545  1571 I MediaProvider: Invalidating LocalCallingIdentity cache for package com.amaze.filemanager. Reason: op android:read_external_storage
07-10 19:07:42.946   493   575 E installd: Couldn't opendir /data/app/vmdl1937359594.tmp: No such file or directory
07-10 19:07:42.946   493   575 E installd: Failed to delete /data/app/vmdl1937359594.tmp: No such file or directory
07-10 19:07:42.944   561   561 W Binder:561_7: type=1400 audit(0.0:157): avc: denied { getopt } for scontext=u:r:system_server:s0 tcontext=u:r:shell:s0 tclass=unix_stream_socket permissive=0
07-10 19:07:42.952  1545  1545 I MediaProvider: Invalidating LocalCallingIdentity cache for package com.amaze.filemanager. Reason: package android.intent.action.PACKAGE_ADDED
07-10 19:07:42.944   561   561 W Binder:561_7: type=1400 audit(0.0:158): avc: denied { getopt } for scontext=u:r:system_server:s0 tcontext=u:r:shell:s0 tclass=unix_stream_socket permissive=0
07-10 19:07:42.956   561   667 I RoleService: Granting default roles...
07-10 19:07:42.968  7276  7276 I Finsky:background: [2] aeba - Received: android.intent.action.PACKAGE_ADDED, [jqhdxhQhJWn_RE1wcyaAYCyD6PV7TEyGw7JdWxZ9pTk]
07-10 19:07:42.969  1554  1554 I GsaVoiceInteractionSrv: O received Intent { act=android.intent.action.PACKAGE_ADDED dat=package:com.amaze.filemanager flg=0x4000010 (has extras) }
07-10 19:07:42.976   561   673 I InputReader: Reconfiguring input devices, changes=KEYBOARD_LAYOUTS | 
07-10 19:07:42.979   561   561 I Telecom : DefaultDialerCache: Refreshing default dialer for user 0: now com.android.dialer: DDC.oR@ARE
07-10 19:07:42.980  8443  8443 I Finsky  : [2] aebl - Received: android.intent.action.PACKAGE_ADDED, [jqhdxhQhJWn_RE1wcyaAYCyD6PV7TEyGw7JdWxZ9pTk]
07-10 19:07:42.987  8443  8521 I Finsky  : [70] AIM: AppInfoManager-Perf > OnDeviceAppInfo > cacheHitCount=0, cacheMissCount=1. Missed  in cache (limit 10) : [com.amaze.filemanager]
07-10 19:07:42.988  8443  8521 I Finsky  : [70] AIM: Got app ownership map. App counts: . Unique apps: 0
07-10 19:07:42.989   561  1595 W BroadcastQueue: Background execution not allowed: receiving Intent { act=android.intent.action.PACKAGE_ADDED dat=package:com.amaze.filemanager flg=0x4000010 (has extras) } to com.google.android.packageinstaller/com.android.packageinstaller.PackageInstalledReceiver
07-10 19:07:42.991  8443  8521 E Finsky  : [70] [Counters] attempted to use a non-positive increment for: 4752
07-10 19:07:42.996  8443  8521 E Finsky  : [70] [Counters] attempted to use a non-positive increment for: 4753
07-10 19:07:42.999   561   612 W BroadcastQueue: Background execution not allowed: receiving Intent { act=android.intent.action.PACKAGE_ADDED dat=package:com.amaze.filemanager flg=0x4000010 (has extras) } to com.android.vending/com.google.android.finsky.packagemonitor.impl.PackageMonitorReceiverImpl$RegisteredReceiver
07-10 19:07:43.001  8443  8443 I Finsky  : [2] DTU: Received onPackageAdded, replacing: false
07-10 19:07:43.003  8443 15224 I Finsky  : [178] SCH: Received scheduling request: Id: 12-1, Constraints: [{ L: 15000, D: 86400000, C: CHARGING_NONE, I: IDLE_NONE, N: NET_ANY, B: BATTERY_ANY }]
07-10 19:07:43.012  8443  8443 I Finsky  : [2] Do not start WearSupportService due to Wear service optimization
07-10 19:07:43.016   561   611 W PackageManager: Failed registering loading progress callback. Package is fully loaded.
07-10 19:07:43.017  8443  8443 I Finsky  : [2] Clearing split related stale data.
07-10 19:07:43.020   561   612 W BroadcastQueue: Background execution not allowed: receiving Intent { act=android.intent.action.PACKAGE_ADDED dat=package:com.amaze.filemanager flg=0x4000010 (has extras) } to com.android.vending/com.google.android.finsky.packagemonitor.backgroundimpl.BackgroundPackageMonitorReceiverImpl$RegisteredReceiver
07-10 19:07:43.025 11491 15622 I ProvidersCache: Provider returned no roots. Possibly naughty: com.google.android.apps.docs.storage
07-10 19:07:43.026   561   612 W BroadcastQueue: Background execution not allowed: receiving Intent { act=android.intent.action.PACKAGE_ADDED dat=package:com.amaze.filemanager flg=0x4000010 (has extras) } to com.google.android.gms/.chimera.GmsIntentOperationService$PersistentTrustedReceiver
07-10 19:07:43.027   561   612 W BroadcastQueue: Background execution not allowed: receiving Intent { act=android.intent.action.PACKAGE_ADDED dat=package:com.amaze.filemanager flg=0x4000010 (has extras) } to com.google.android.gms/.games.chimera.GamesSystemBroadcastReceiverProxy
07-10 19:07:43.027   561   612 W BroadcastQueue: Background execution not allowed: receiving Intent { act=android.intent.action.PACKAGE_ADDED dat=package:com.amaze.filemanager flg=0x4000010 (has extras) } to com.google.android.gms/.gass.chimera.PackageChangeBroadcastReceiver
07-10 19:07:43.027   561   612 W BroadcastQueue: Background execution not allowed: receiving Intent { act=android.intent.action.PACKAGE_ADDED dat=package:com.amaze.filemanager flg=0x4000010 (has extras) } to com.google.android.googlequicksearchbox/com.google.android.apps.gsa.googlequicksearchbox.GelStubAppWatcher
07-10 19:07:43.028   856 15626 W Role    : Cannot get ApplicationInfo for default holder: com.google.android.contacts
07-10 19:07:43.029   856 14613 I PermissionControllerServiceImpl: Updating user sensitive for uid 10153
07-10 19:07:43.033  8443  8521 I Finsky  : [70] AIM: AppInfoManager-Perf > ItemModel > CacheSize=0, cacheHitCount=0, cacheMissCount=1, total appsWithNoServerDataCount=0. Missed  in cache (limit 10) : [com.amaze.filemanager]
07-10 19:07:43.033  8443  8521 I Finsky  : [70] AIM: AppInfoManager-Perf > ItemModel > ItemStore Called 1 apps cacheOptions = USE_CACHE
07-10 19:07:43.042   856 15626 W Role    : Cannot get ApplicationInfo for default holder: com.google.android.as
07-10 19:07:43.043  7276 15629 I Finsky:background: [147] Wrote row to frosting DB: 255
07-10 19:07:43.054  8443  8494 I Finsky  : [47] SCH: Received scheduling request: Id: 37-12, Constraints: [{ L: 0, D: 0, C: CHARGING_NONE, I: IDLE_NONE, N: NET_NONE, B: BATTERY_ANY }]
07-10 19:07:43.060  8443  8521 I Finsky  : [70] AIM: ItemModel fetch - unauth(1), auth()
07-10 19:07:43.063  7276 15629 I Finsky:background: [147] Wrote row to frosting DB: 256
07-10 19:07:43.066   561   630 E VerityUtils: Failed to measure fs-verity, errno 1: /data/app/~~-JJQkMiKzPggkGFKB8kXwg==/com.amaze.filemanager-cYt6kSOKp0nI-g1tHCKELA==/base.apk
07-10 19:07:43.085  8243 15639 I Auth    : (REDACTED) [SupervisedAccountIntentOperationV2] onHandleIntent: %s
07-10 19:07:43.086  8260 15638 I FontLog : (REDACTED) Package %s has no metadata
07-10 19:07:43.087  8243 15644 I Dck     : (REDACTED) disableDckSupport: %s
07-10 19:07:43.087  8243 15644 W Dck     : [WirelessCapabilitiesFeatures] wccSysProp: 0 [CONTEXT service_id=289 ]
07-10 19:07:43.087  8243 15644 I Dck     : [WirelessCapabilitiesFeatures] wccMendel: 3 [CONTEXT service_id=289 ]
07-10 19:07:43.087  8243 15644 I Dck     : [WirelessCapabilitiesFeatures] deviceWccOverride: false [CONTEXT service_id=289 ]
07-10 19:07:43.087  8243 15644 I Dck     : [WirelessCapabilitiesFeatures] replaceSupportedWccWithWccOverride: true [CONTEXT service_id=289 ]
07-10 19:07:43.087  8243 15644 I Dck     : [WirelessCapabilitiesFeatures] wccOverride: not set [CONTEXT service_id=289 ]
07-10 19:07:43.087  8243 15644 I Dck     : (REDACTED) [WirelessCapabilitiesFeatures] wcc: %s
07-10 19:07:43.087  8243 15644 I Dck     : Dck module condition - hasWccSupport: false [CONTEXT service_id=289 ]
07-10 19:07:43.088  8443  8509 I Finsky  : [61] SCH: Scheduling phonesky job Id: 37-12, CT: 1752199663058, Constraints: [{ L: 0, D: 0, C: CHARGING_NONE, I: IDLE_NONE, N: NET_NONE, B: BATTERY_ANY }, { L: 0, D: 0, C: CHARGING_NONE, I: IDLE_NONE, N: NET_NONE, B: BATTERY_ANY }]
07-10 19:07:43.090  8260 15636 W NetworkScheduler: Unexpected forwarded intent: Intent { act=android.intent.action.PACKAGE_ADDED dat=package:com.amaze.filemanager flg=0x4000010 pkg=com.google.android.gms cmp=com.google.android.gms/.chimera.PersistentIntentOperationService (has extras) }
07-10 19:07:43.090  8243 15644 I Dck     : Dck module condition - downloadAllowed: false [CONTEXT service_id=289 ]
07-10 19:07:43.090  8243 15644 W Dck     : Dck module not eligible for asynchronous downloading [CONTEXT service_id=289 ]
07-10 19:07:43.090  8260 15646 W GCM     : Unexpected forwarded intent: Intent { act=android.intent.action.PACKAGE_ADDED dat=package:com.amaze.filemanager flg=0x4000010 pkg=com.google.android.gms cmp=com.google.android.gms/.chimera.PersistentIntentOperationService (has extras) }
07-10 19:07:43.091  8243 15640 I Blockstore: (REDACTED) [DataStoreImpl] Clearing Blockstore Data for package %s
07-10 19:07:43.091  8243 15640 I Blockstore: [DataStoreImpl] Keyless data not found or its IsLastInstallationData = false. [CONTEXT service_id=258 ]
07-10 19:07:43.095  8243 15640 I NearbyDiscovery: (REDACTED) processGrantSlicePermission: %s
07-10 19:07:43.100  8443  8509 I Finsky  : [61] SCH: Scheduling 1 system job(s)
07-10 19:07:43.101  8443  8509 I Finsky  : [61] SCH: Scheduling expedited system job 9341
07-10 19:07:43.115  8443  8515 E Finsky  : [67] [Counters] attempted to use a non-positive increment for: 4751
07-10 19:07:43.122  8443  8443 I Finsky  : [2] SCH: job service start with id 9341.
07-10 19:07:43.123  8443  8523 I Finsky  : [72] SCH: Scheduling phonesky job Id: 12-1, CT: 1752199663003, Constraints: [{ L: 15000, D: 86400000, C: CHARGING_NONE, I: IDLE_NONE, N: NET_ANY, B: BATTERY_ANY }]
07-10 19:07:43.130   561   570 I system_server: Background concurrent copying GC freed 101417(6985KB) AllocSpace objects, 45(1952KB) LOS objects, 44% free, 29MB/53MB, paused 573us,93us total 184.351ms
07-10 19:07:43.131  8443 15224 I Finsky  : [178] SCH: Satisfied jobs for 9341 are: 37-12
07-10 19:07:43.132  8443 15261 I Finsky  : [188] SCH: Job 37-12 starting
07-10 19:07:43.132  8443  8443 I Finsky  : [2] Received an install/uninstall event for package com.amaze.filemanager
07-10 19:07:43.132  8443  8443 I Finsky  : [2] SCH: jobFinished: 37-12. TimeElapsed: 1ms.
07-10 19:07:43.134  8443  8515 I Finsky  : [67] SCH: Scheduling 1 system job(s)
07-10 19:07:43.134  8443  8521 I Finsky  : [70] Not an active Cubes user. Ignoring package install/uninstall event.
07-10 19:07:43.135  8443  8515 I Finsky  : [67] SCH: Scheduling system job Id: 9342, L: 14869, D: 50219505, C: false, I: false, N: 1
07-10 19:07:43.145  8443  8506 I Finsky  : [58] [ContentSync] finished, scheduled=true
07-10 19:07:43.149   856 15626 W Role    : Cannot get ApplicationInfo for default holder: com.google.android.as
07-10 19:07:43.151   856 15626 W Role    : Cannot get ApplicationInfo for default holder: com.google.android.as
07-10 19:07:43.153  8443  8515 I Finsky  : [67] SCH: Scheduling phonesky job Id: 26-1414141414, CT: 1752199249134, Constraints: [{ L: 900000, D: 1800000, C: CHARGING_NONE, I: IDLE_NONE, N: NET_NONE, B: BATTERY_ANY }]
07-10 19:07:43.154   561   572 W System  : A resource failed to call close. 
07-10 19:07:43.158  8443  8509 I Finsky  : [61] SCH: Scheduling 1 system job(s)
07-10 19:07:43.158  8443  8509 I Finsky  : [61] SCH: Scheduling system job Id: 9350, L: 485976, D: 1385976, C: false, I: false, N: 0
07-10 19:07:43.166  8443 15261 I Finsky  : [188] SCH: job service finished with id 9341.
07-10 19:07:43.183  8243  9392 I Icing   : IndexChimeraService.getServiceInterface callingPackage=com.google.android.gms componentName=AppsCorpus serviceId=36
07-10 19:07:43.201  8243  9340 I Icing   : Usage reports ok 0, Failed Usage reports 0, indexed 0, rejected 0
07-10 19:07:43.202  8243  9393 I Icing   : IndexChimeraService.getServiceInterface callingPackage=com.google.android.gms componentName=null serviceId=30
07-10 19:07:43.220  8243  9340 I Icing   : Usage reports ok 0, Failed Usage reports 0, indexed 0, rejected 0
07-10 19:07:43.221  8243  9340 I Icing   : Indexing com.google.android.gms-apps from com.google.android.gms
07-10 19:07:43.225  8243  9340 I Icing   : Indexing done com.google.android.gms-apps
07-10 19:07:43.236   856 15626 W Role    : Cannot get ApplicationInfo for default holder: com.google.android.as
07-10 19:07:43.274   856 15626 W Role    : Cannot get ApplicationInfo for default holder: com.google.android.as
07-10 19:07:43.275   561  3262 I ActivityManager: Background started FGS: Allowed [callingPackage: com.google.android.apps.wellbeing; callingUid: 10099; uidState: BTOP; intent: Intent { cmp=com.google.android.apps.wellbeing/com.google.apps.tiktok.concurrent.InternalForegroundService (has extras) }; code:BACKGROUND_ACTIVITY_PERMISSION; tempAllowListReason:<null>; targetSdkVersion:30; callerTargetSdkVersion:30; startForegroundCount:0; bindFromPackage:null]
07-10 19:07:43.276   856 15626 W Role    : Cannot get ApplicationInfo for default holder: com.google.android.as
07-10 19:07:43.279   561   612 I ActivityManager: Deferring FGS notification in legacy app com.google.android.apps.wellbeing/u0a99 : Notification(channel=app_limit_updates shortcut=null contentView=null vibrate=null sound=null defaults=0x0 flags=0x162 color=0xff0b57d0 category=service vis=PRIVATE)
07-10 19:07:45.130  1545  3292 W MediaProvider: isAppCloneUserPair for user 0: false
07-10 19:07:45.149   218   218 I hwservicemanager: getTransport: Cannot find entry android.hardware.graphics.mapper@4.0::IMapper/default in either framework or device VINTF manifest.
07-10 19:07:45.149 15676 15678 I Gralloc4: mapper 4.x is not supported
07-10 19:07:45.181  8260 15273 I NetworkScheduler.Stats: (REDACTED) Task %s/%s started execution. cause:%s exec_start_elapsed_seconds: %s
07-10 19:07:45.187  8260 12042 I NetworkScheduler.Stats: (REDACTED) Task %s/%s finished executing. cause:%s result: %s elapsed_millis: %s uptime_millis: %s exec_start_elapsed_seconds: %s
07-10 19:07:45.695  1545  3703 I MediaProvider: Begin Intent { act=android.intent.action.MEDIA_SCANNER_SCAN_FILE dat=file:///sdcard/screen_2025-07-10_190745.png flg=0x1400010 cmp=com.google.android.providers.media.module/com.android.providers.media.MediaService }
07-10 19:07:45.701  1545  3703 I MediaProvider: End Intent { act=android.intent.action.MEDIA_SCANNER_SCAN_FILE dat=file:///sdcard/screen_2025-07-10_190745.png flg=0x1400010 cmp=com.google.android.providers.media.module/com.android.providers.media.MediaService }
07-10 19:07:45.762  1545  3292 I MediaProvider: Deleted 0 1 0 0 0 0 0 items on external_primary due to com.android.shell
07-10 19:07:45.762  8260  8395 I UriTaskContentObserver: (REDACTED) Throttling content uri change event for %s
07-10 19:07:45.943   561  1596 I ActivityManager: Force stopping com.amaze.filemanager appid=10153 user=0: from pid 15706
07-10 19:07:45.978   561   602 I ActivityTaskManager: START u0 {act=android.intent.action.MAIN cat=[android.intent.category.HOME] flg=0x10000100 cmp=com.google.android.apps.nexuslauncher/.NexusLauncherActivity (has extras)} from uid 0
07-10 19:07:45.984   561  1205 W ActivityManager: Unable to start service Intent { act=android.service.smartspace.SmartspaceService cmp=com.google.android.as/com.google.android.apps.miphone.aiai.app.AiAiSmartspaceService } U=0: not found
07-10 19:07:45.984   561  1205 W RemoteSmartspaceService: could not bind to Intent { act=android.service.smartspace.SmartspaceService cmp=com.google.android.as/com.google.android.apps.miphone.aiai.app.AiAiSmartspaceService } using flags 67112961
07-10 19:07:45.984   561   561 W ActivityManager: Unbind failed: could not find connection for android.app.LoadedApk$ServiceDispatcher$InnerConnection@3d0b0a3
07-10 19:07:47.180  1545  3292 W MediaProvider: isAppCloneUserPair for user 0: false
07-10 19:07:47.202   218   218 I hwservicemanager: getTransport: Cannot find entry android.hardware.graphics.mapper@4.0::IMapper/default in either framework or device VINTF manifest.
07-10 19:07:47.202 15730 15733 I Gralloc4: mapper 4.x is not supported
07-10 19:07:47.505  1545  3703 I MediaProvider: Begin Intent { act=android.intent.action.MEDIA_SCANNER_SCAN_FILE dat=file:///sdcard/screen_2025-07-10_190747.png flg=0x1400010 cmp=com.google.android.providers.media.module/com.android.providers.media.MediaService }
07-10 19:07:47.520  1545  3703 I MediaProvider: End Intent { act=android.intent.action.MEDIA_SCANNER_SCAN_FILE dat=file:///sdcard/screen_2025-07-10_190747.png flg=0x1400010 cmp=com.google.android.providers.media.module/com.android.providers.media.MediaService }
07-10 19:07:47.583  1545  3292 I MediaProvider: Deleted 0 1 0 0 0 0 0 items on external_primary due to com.android.shell
07-10 19:07:47.585  8260  8395 I UriTaskContentObserver: (REDACTED) Throttling content uri change event for %s
07-10 19:07:47.972  1545  3292 W MediaProvider: isAppCloneUserPair for user 0: false
07-10 19:07:47.989   218   218 I hwservicemanager: getTransport: Cannot find entry android.hardware.graphics.mapper@4.0::IMapper/default in either framework or device VINTF manifest.
07-10 19:07:47.989 15777 15779 I Gralloc4: mapper 4.x is not supported
07-10 19:07:48.266  1545  3703 I MediaProvider: Begin Intent { act=android.intent.action.MEDIA_SCANNER_SCAN_FILE dat=file:///sdcard/screen_2025-07-10_190748.png flg=0x1400010 cmp=com.google.android.providers.media.module/com.android.providers.media.MediaService }
07-10 19:07:48.272  1545  3703 I MediaProvider: End Intent { act=android.intent.action.MEDIA_SCANNER_SCAN_FILE dat=file:///sdcard/screen_2025-07-10_190748.png flg=0x1400010 cmp=com.google.android.providers.media.module/com.android.providers.media.MediaService }
07-10 19:07:48.333  1545  3292 I MediaProvider: Deleted 0 1 0 0 0 0 0 items on external_primary due to com.android.shell
07-10 19:07:48.335  8260  8395 I UriTaskContentObserver: (REDACTED) Throttling content uri change event for %s
07-10 19:07:48.689  1545  3292 W MediaProvider: isAppCloneUserPair for user 0: false
07-10 19:07:48.704   218   218 I hwservicemanager: getTransport: Cannot find entry android.hardware.graphics.mapper@4.0::IMapper/default in either framework or device VINTF manifest.
07-10 19:07:48.704 15815 15817 I Gralloc4: mapper 4.x is not supported
07-10 19:07:48.972  1545  3703 I MediaProvider: Begin Intent { act=android.intent.action.MEDIA_SCANNER_SCAN_FILE dat=file:///sdcard/screen_2025-07-10_190749.png flg=0x1400010 cmp=com.google.android.providers.media.module/com.android.providers.media.MediaService }
07-10 19:07:48.979  1545  3703 I MediaProvider: End Intent { act=android.intent.action.MEDIA_SCANNER_SCAN_FILE dat=file:///sdcard/screen_2025-07-10_190749.png flg=0x1400010 cmp=com.google.android.providers.media.module/com.android.providers.media.MediaService }
07-10 19:07:49.043  8260  8395 I UriTaskContentObserver: (REDACTED) Throttling content uri change event for %s
07-10 19:07:49.043  1545  3292 I MediaProvider: Deleted 0 1 0 0 0 0 0 items on external_primary due to com.android.shell
07-10 19:07:49.239   561  1205 I ActivityTaskManager: START u0 {act=android.intent.action.MAIN cat=[android.intent.category.LAUNCHER] flg=0x10000000 cmp=com.amaze.filemanager/.activities.MainActivity} from uid 2000
07-10 19:07:49.240   561  1205 W ActivityTaskManager: Can't find TaskDisplayArea to determine support for multi window. Task id=17 attached=false
07-10 19:07:49.257   561   613 I ActivityManager: Start proc 15847:com.amaze.filemanager/u0a153 for pre-top-activity {com.amaze.filemanager/com.amaze.filemanager.activities.MainActivity}
07-10 19:07:49.260 15847 15847 I aze.filemanage: Late-enabling -Xcheck:jni
07-10 19:07:49.277 15847 15847 W aze.filemanage: Unexpected CPU variant for X86 using defaults: x86_64
07-10 19:07:49.285  1795  1809 I adbd    : jdwp connection from 15847
07-10 19:07:49.355  1554  1554 I GsaVoiceInteractionSrv: Handling ACTION_STOP_HOTWORD
07-10 19:07:49.355  1554  1554 E HwDetectorWithState: a: 3
07-10 19:07:49.452   561  4920 I ActivityTaskManager: START u0 {act=android.content.pm.action.REQUEST_PERMISSIONS pkg=com.google.android.permissioncontroller cmp=com.google.android.permissioncontroller/com.android.permissioncontroller.permission.ui.GrantPermissionsActivity (has extras)} from uid 10153
07-10 19:07:49.486 15847 15847 W aze.filemanage: Accessing hidden method Landroid/view/View;->computeFitSystemWindows(Landroid/graphics/Rect;Landroid/graphics/Rect;)Z (unsupported, reflection, allowed)
07-10 19:07:49.487 15847 15847 W aze.filemanage: Accessing hidden method Landroid/view/ViewGroup;->makeOptionalFitsSystemWindows()V (unsupported, reflection, allowed)
07-10 19:07:49.598   561   604 I ActivityTaskManager: Config changes=20000480 {1.0 310mcc260mnc [en_US] ldltr sw411dp w866dp h387dp 420dpi nrml long land finger qwerty/v/v dpad/v winConfig={ mBounds=Rect(0, 0 - 2400, 1080) mAppBounds=Rect(126, 0 - 2400, 1080) mMaxBounds=Rect(0, 0 - 2400, 1080) mWindowingMode=fullscreen mDisplayWindowingMode=fullscreen mActivityType=undefined mAlwaysOnTop=undefined mRotation=ROTATION_270} s.369 fontWeightAdjustment=0}
07-10 19:07:49.611   561   604 I WindowManager: Override config changes=20000480 {1.0 310mcc260mnc [en_US] ldltr sw411dp w866dp h387dp 420dpi nrml long land finger qwerty/v/v dpad/v winConfig={ mBounds=Rect(0, 0 - 2400, 1080) mAppBounds=Rect(126, 0 - 2400, 1080) mMaxBounds=Rect(0, 0 - 2400, 1080) mWindowingMode=fullscreen mDisplayWindowingMode=fullscreen mActivityType=undefined mAlwaysOnTop=undefined mRotation=ROTATION_270} s.369 fontWeightAdjustment=0} for displayId=0
07-10 19:07:49.611   561  3262 W ActivityManager: Unable to start service Intent { act=android.service.smartspace.SmartspaceService cmp=com.google.android.as/com.google.android.apps.miphone.aiai.app.AiAiSmartspaceService } U=0: not found
07-10 19:07:49.611   561  3262 W RemoteSmartspaceService: could not bind to Intent { act=android.service.smartspace.SmartspaceService cmp=com.google.android.as/com.google.android.apps.miphone.aiai.app.AiAiSmartspaceService } using flags 67112961
07-10 19:07:49.613   561   561 W ActivityManager: Unbind failed: could not find connection for android.app.LoadedApk$ServiceDispatcher$InnerConnection@a558f1c
07-10 19:07:49.638   561   604 I InputManager-JNI: Viewport [0] to add: local:4619827259835644672, isActive: true
07-10 19:07:49.644   561   673 I InputReader: Reconfiguring input devices, changes=DISPLAY_INFO | 
07-10 19:07:49.644   561   673 I InputReader: Touch device 'virtio_input_multi_touch_7' could not query the properties of its associated display.  The device will be inoperable until the display size becomes available.
07-10 19:07:49.644   561   673 I InputReader: Touch device 'virtio_input_multi_touch_5' could not query the properties of its associated display.  The device will be inoperable until the display size becomes available.
07-10 19:07:49.645   561   673 I InputReader: Touch device 'virtio_input_multi_touch_10' could not query the properties of its associated display.  The device will be inoperable until the display size becomes available.
07-10 19:07:49.645   561   673 I InputReader: Touch device 'virtio_input_multi_touch_2' could not query the properties of its associated display.  The device will be inoperable until the display size becomes available.
07-10 19:07:49.645   561   673 I InputReader: Touch device 'virtio_input_multi_touch_11' could not query the properties of its associated display.  The device will be inoperable until the display size becomes available.
07-10 19:07:49.645   561   673 I InputReader: Touch device 'virtio_input_multi_touch_8' could not query the properties of its associated display.  The device will be inoperable until the display size becomes available.
07-10 19:07:49.645   561   673 I InputReader: Device reconfigured: id=7, name='virtio_input_multi_touch_1', size 1080x2400, orientation 3, mode 1, display id 0
07-10 19:07:49.645   561   673 I InputReader: Touch device 'virtio_input_multi_touch_9' could not query the properties of its associated display.  The device will be inoperable until the display size becomes available.
07-10 19:07:49.645   561   673 I InputReader: Touch device 'virtio_input_multi_touch_3' could not query the properties of its associated display.  The device will be inoperable until the display size becomes available.
07-10 19:07:49.645   561   673 I InputReader: Touch device 'virtio_input_multi_touch_4' could not query the properties of its associated display.  The device will be inoperable until the display size becomes available.
07-10 19:07:49.645   561   673 I InputReader: Touch device 'virtio_input_multi_touch_6' could not query the properties of its associated display.  The device will be inoperable until the display size becomes available.
07-10 19:07:49.750   838  1263 W OpenGLRenderer: Failed to choose config with EGL_SWAP_BEHAVIOR_PRESERVED, retrying without...
07-10 19:07:49.750   838  1263 W OpenGLRenderer: Failed to initialize 101010-2 format, error = EGL_SUCCESS
07-10 19:07:49.963   561   604 W ActivityTaskManager: Activity top resumed state loss timeout for ActivityRecord{f3b4c48 u0 com.amaze.filemanager/.activities.MainActivity t17}
07-10 19:07:49.965   561   604 W ActivityTaskManager: Activity pause timeout for ActivityRecord{f3b4c48 u0 com.amaze.filemanager/.activities.MainActivity t17}
07-10 19:07:49.966   561   604 W ActivityTaskManager: Tried to set launchTime (0) < mLastActivityLaunchTime (562146)
07-10 19:07:50.137 15847 15847 W FragmentManager: moveToState: Fragment state for Main{931f46a #1 id=0x7f0f0139} not updated inline; expected state 3 found 2
07-10 19:07:50.136 15847 15847 W com.amaze.filemanager: type=1400 audit(0.0:160): avc: denied { read } for comm=4173796E635461736B202332 name="/" dev="dm-4" ino=2 scontext=u:r:untrusted_app_25:s0:c512,c768 tcontext=u:object_r:rootfs:s0 tclass=dir permissive=0 app=com.amaze.filemanager
07-10 19:07:50.195   452   549 W ServiceManager: Permission failure: android.permission.ACCESS_SURFACE_FLINGER from uid=10153 pid=15847
07-10 19:07:50.195   452   549 W ServiceManager: Permission failure: android.permission.ROTATE_SURFACE_FLINGER from uid=10153 pid=15847
07-10 19:07:50.204   218   218 I hwservicemanager: getTransport: Cannot find entry android.hardware.configstore@1.0::ISurfaceFlingerConfigs/default in either framework or device VINTF manifest.
07-10 19:07:50.205 15847 15867 W OpenGLRenderer: Failed to choose config with EGL_SWAP_BEHAVIOR_PRESERVED, retrying without...
07-10 19:07:50.205 15847 15867 W OpenGLRenderer: Failed to initialize 101010-2 format, error = EGL_SUCCESS
07-10 19:07:50.216 15847 15847 E RecyclerView: No adapter attached; skipping layout
07-10 19:07:50.217 15847 15847 E RecyclerView: No adapter attached; skipping layout
07-10 19:07:50.231 15847 15847 W View    : requestLayout() improperly called by android.widget.FrameLayout{4893c9d V.E...... ......ID 0,126-1353,315 #7f0f00c6 app:id/buttonbarframe} during layout: running second layout pass
07-10 19:07:50.231 15847 15847 W View    : requestLayout() improperly called by android.support.v7.widget.Toolbar{65f09b1 V.E...... ......ID 0,0-1353,126 #7f0f0060 app:id/action_bar} during layout: running second layout pass
07-10 19:07:50.233 15847 15847 E RecyclerView: No adapter attached; skipping layout
07-10 19:07:50.234 15847 15847 E RecyclerView: No adapter attached; skipping layout
07-10 19:07:50.260  8260  8311 I Wear_Controller: Wearable module requires a companion app to be installed.
07-10 19:07:50.260  8260  8311 I WearableService: onCreate: Wearable Services not starting. Wear is not available on this device.
07-10 19:07:50.264   452   549 E HWComposer: getSupportedContentTypes: getSupportedContentTypes failed for display 4619827259835644672: Unsupported (8)
07-10 19:07:50.264  8260  8274 W WearableService: onGetService: Wear is not available on this device.
07-10 19:07:50.265   218   218 I hwservicemanager: getTransport: Cannot find entry android.hardware.graphics.mapper@4.0::IMapper/default in either framework or device VINTF manifest.
07-10 19:07:50.266  8260 15273 I NetworkScheduler.Stats: (REDACTED) Task %s/%s started execution. cause:%s exec_start_elapsed_seconds: %s
07-10 19:07:50.266 15847 15867 I Gralloc4: mapper 4.x is not supported
07-10 19:07:50.269   218   218 I hwservicemanager: getTransport: Cannot find entry android.hardware.graphics.allocator@4.0::IAllocator/default in either framework or device VINTF manifest.
07-10 19:07:50.269 15847 15867 W Gralloc4: allocator 4.x is not supported
07-10 19:07:50.280  8243  8411 I SelfRptRegSyncer: No unsupervised accounts found, so self reporting is off. [CONTEXT service_id=284 ]
07-10 19:07:50.297  8260 12042 W NetworkScheduler.ATC: Called cancelTask for already completed task com.google.android.gms/.findmydevice.spot.sync.SelfReportingRegistrationAndOwnerKeySyncService{u=0 tag="FMD_SPOT_OF_SRRS" trigger=window{start=300s,end=360s,earliest=-64s,latest=-4s} requirements=[NET_CONNECTED,PREFERRED_NET_UNMETERED,PREFERRED_CHARGING] attributes=[PERSISTED] scheduled=-364s last_run=0s exec_window_multiplier=1.0000 jid=N/A status=ACTIVE retries=0 client_lib=GMS_TASK_SCHEDULER-252431000} :1 [CONTEXT service_id=218 ]
07-10 19:07:50.299  8260 12042 I NetworkScheduler.Stats: (REDACTED) Task %s/%s finished executing. cause:%s result: %s elapsed_millis: %s uptime_millis: %s exec_start_elapsed_seconds: %s
07-10 19:07:50.369   561   601 I ActivityTaskManager: Displayed com.google.android.permissioncontroller/com.android.permissioncontroller.permission.ui.GrantPermissionsActivity: +1s126ms
07-10 19:07:50.515  1545  1688 W MediaProvider: isAppCloneUserPair for user 0: false
07-10 19:07:50.535 15847 15847 W aze.filemanage: Accessing hidden field Landroid/view/View;->mAccessibilityDelegate:Landroid/view/View$AccessibilityDelegate; (unsupported, reflection, allowed)
07-10 19:07:50.539   218   218 I hwservicemanager: getTransport: Cannot find entry android.hardware.graphics.mapper@4.0::IMapper/default in either framework or device VINTF manifest.
07-10 19:07:50.539 15911 15913 I Gralloc4: mapper 4.x is not supported
07-10 19:07:50.655   561   765 W InputManager-JNI: Input channel object 'b41fe51 Splash Screen com.amaze.filemanager (client)' was disposed without first being removed with the input manager!
07-10 19:07:50.725  1545  3703 I MediaProvider: Begin Intent { act=android.intent.action.MEDIA_SCANNER_SCAN_FILE dat=file:///sdcard/screen_2025-07-10_190751.png flg=0x1400010 cmp=com.google.android.providers.media.module/com.android.providers.media.MediaService }
07-10 19:07:50.731  1545  3703 I MediaProvider: End Intent { act=android.intent.action.MEDIA_SCANNER_SCAN_FILE dat=file:///sdcard/screen_2025-07-10_190751.png flg=0x1400010 cmp=com.google.android.providers.media.module/com.android.providers.media.MediaService }
07-10 19:07:50.799  1545  1688 I MediaProvider: Deleted 0 1 0 0 0 0 0 items on external_primary due to com.android.shell
07-10 19:07:50.801  8260  8395 I UriTaskContentObserver: (REDACTED) Throttling content uri change event for %s
07-10 19:07:51.155  1545  1688 W MediaProvider: isAppCloneUserPair for user 0: false
07-10 19:07:51.176   218   218 I hwservicemanager: getTransport: Cannot find entry android.hardware.graphics.mapper@4.0::IMapper/default in either framework or device VINTF manifest.
07-10 19:07:51.176 15950 15952 I Gralloc4: mapper 4.x is not supported
07-10 19:07:51.285 15847 15859 W System  : A resource failed to call close. 
07-10 19:07:51.285 15847 15859 W System  : A resource failed to call close. 
07-10 19:07:51.285 15847 15859 W System  : A resource failed to call close. 
07-10 19:07:51.285 15847 15859 W System  : A resource failed to call close. 
07-10 19:07:51.285 15847 15859 W System  : A resource failed to call close. 
07-10 19:07:51.285 15847 15859 W System  : A resource failed to call close. 
07-10 19:07:51.285 15847 15859 W System  : A resource failed to call close. 
07-10 19:07:51.358  1545  3703 I MediaProvider: Begin Intent { act=android.intent.action.MEDIA_SCANNER_SCAN_FILE dat=file:///sdcard/screen_2025-07-10_190751.png flg=0x1400010 cmp=com.google.android.providers.media.module/com.android.providers.media.MediaService }
07-10 19:07:51.364  1545  3703 I MediaProvider: End Intent { act=android.intent.action.MEDIA_SCANNER_SCAN_FILE dat=file:///sdcard/screen_2025-07-10_190751.png flg=0x1400010 cmp=com.google.android.providers.media.module/com.android.providers.media.MediaService }
07-10 19:07:51.418  1545  1688 I MediaProvider: Deleted 0 1 0 0 0 0 0 items on external_primary due to com.android.shell
07-10 19:07:51.418  8260  8395 I UriTaskContentObserver: (REDACTED) Throttling content uri change event for %s
07-10 19:07:51.778  1545  1688 W MediaProvider: isAppCloneUserPair for user 0: false
07-10 19:07:51.798   218   218 I hwservicemanager: getTransport: Cannot find entry android.hardware.graphics.mapper@4.0::IMapper/default in either framework or device VINTF manifest.
07-10 19:07:51.799 15989 15994 I Gralloc4: mapper 4.x is not supported
07-10 19:07:52.000  1545  3703 I MediaProvider: Begin Intent { act=android.intent.action.MEDIA_SCANNER_SCAN_FILE dat=file:///sdcard/screen_2025-07-10_190752.png flg=0x1400010 cmp=com.google.android.providers.media.module/com.android.providers.media.MediaService }
07-10 19:07:52.005  1545  3703 I MediaProvider: End Intent { act=android.intent.action.MEDIA_SCANNER_SCAN_FILE dat=file:///sdcard/screen_2025-07-10_190752.png flg=0x1400010 cmp=com.google.android.providers.media.module/com.android.providers.media.MediaService }
07-10 19:07:52.065  1545  1688 I MediaProvider: Deleted 0 1 0 0 0 0 0 items on external_primary due to com.android.shell
07-10 19:07:52.066  8260  8395 I UriTaskContentObserver: (REDACTED) Throttling content uri change event for %s
07-10 19:07:54.071  1545  1688 W MediaProvider: isAppCloneUserPair for user 0: false
07-10 19:07:54.089   218   218 I hwservicemanager: getTransport: Cannot find entry android.hardware.graphics.mapper@4.0::IMapper/default in either framework or device VINTF manifest.
07-10 19:07:54.089 16088 16090 I Gralloc4: mapper 4.x is not supported
07-10 19:07:54.290  1545  3703 I MediaProvider: Begin Intent { act=android.intent.action.MEDIA_SCANNER_SCAN_FILE dat=file:///sdcard/screen_2025-07-10_190754.png flg=0x1400010 cmp=com.google.android.providers.media.module/com.android.providers.media.MediaService }
07-10 19:07:54.300  1545  3703 I MediaProvider: End Intent { act=android.intent.action.MEDIA_SCANNER_SCAN_FILE dat=file:///sdcard/screen_2025-07-10_190754.png flg=0x1400010 cmp=com.google.android.providers.media.module/com.android.providers.media.MediaService }
07-10 19:07:54.350  1545  1688 I MediaProvider: Deleted 0 1 0 0 0 0 0 items on external_primary due to com.android.shell
07-10 19:07:54.350  8260  8395 I UriTaskContentObserver: (REDACTED) Throttling content uri change event for %s
07-10 19:07:54.662  1545  1688 W MediaProvider: isAppCloneUserPair for user 0: false
07-10 19:07:54.677   218   218 I hwservicemanager: getTransport: Cannot find entry android.hardware.graphics.mapper@4.0::IMapper/default in either framework or device VINTF manifest.
07-10 19:07:54.677 16127 16129 I Gralloc4: mapper 4.x is not supported
07-10 19:07:54.857  1545  3703 I MediaProvider: Begin Intent { act=android.intent.action.MEDIA_SCANNER_SCAN_FILE dat=file:///sdcard/screen_2025-07-10_190755.png flg=0x1400010 cmp=com.google.android.providers.media.module/com.android.providers.media.MediaService }
07-10 19:07:54.862  1545  3703 I MediaProvider: End Intent { act=android.intent.action.MEDIA_SCANNER_SCAN_FILE dat=file:///sdcard/screen_2025-07-10_190755.png flg=0x1400010 cmp=com.google.android.providers.media.module/com.android.providers.media.MediaService }
07-10 19:07:54.920  1545  1688 I MediaProvider: Deleted 0 1 0 0 0 0 0 items on external_primary due to com.android.shell
07-10 19:07:54.921  8260  8395 I UriTaskContentObserver: (REDACTED) Throttling content uri change event for %s
07-10 19:07:55.164   561   572 W System  : A resource failed to call release. 
07-10 19:07:55.192 11491 16162 I ProvidersCache: Provider returned no roots. Possibly naughty: com.google.android.apps.docs.storage
07-10 19:07:55.317  1545  1688 W MediaProvider: isAppCloneUserPair for user 0: false
07-10 19:07:55.334   218   218 I hwservicemanager: getTransport: Cannot find entry android.hardware.graphics.mapper@4.0::IMapper/default in either framework or device VINTF manifest.
07-10 19:07:55.334 16173 16175 I Gralloc4: mapper 4.x is not supported
07-10 19:07:55.541  1545  3703 I MediaProvider: Begin Intent { act=android.intent.action.MEDIA_SCANNER_SCAN_FILE dat=file:///sdcard/screen_2025-07-10_190755.png flg=0x1400010 cmp=com.google.android.providers.media.module/com.android.providers.media.MediaService }
07-10 19:07:55.545  1545  3703 I MediaProvider: End Intent { act=android.intent.action.MEDIA_SCANNER_SCAN_FILE dat=file:///sdcard/screen_2025-07-10_190755.png flg=0x1400010 cmp=com.google.android.providers.media.module/com.android.providers.media.MediaService }
07-10 19:07:55.618  1545  1688 I MediaProvider: Deleted 0 1 0 0 0 0 0 items on external_primary due to com.android.shell
07-10 19:07:55.618  8260  8395 I UriTaskContentObserver: (REDACTED) Throttling content uri change event for %s
07-10 19:07:55.782 11491 16201 I ProvidersCache: Provider returned no roots. Possibly naughty: com.google.android.apps.docs.storage
07-10 19:07:55.795   216   216 I servicemanager: Notifying apexservice they have clients: 0
07-10 19:07:55.798   216   216 I BpBinder: onLastStrongRef automatically unlinking death recipients: <uncached descriptor>
07-10 19:07:57.084   400   400 E android.hardware.power.stats@1.0-service-mock: Failed to getEnergyData
07-10 19:07:57.587   561   602 W ImageReader_JNI: Unable to acquire a buffer item, very likely client tried to acquire more than maxImages buffers
07-10 19:07:57.601   561   604 I ActivityTaskManager: Config changes=20000000 {1.0 310mcc260mnc [en_US] ldltr sw411dp w866dp h387dp 420dpi nrml long land finger qwerty/v/v dpad/v winConfig={ mBounds=Rect(0, 0 - 2400, 1080) mAppBounds=Rect(0, 0 - 2274, 1080) mMaxBounds=Rect(0, 0 - 2400, 1080) mWindowingMode=fullscreen mDisplayWindowingMode=fullscreen mActivityType=undefined mAlwaysOnTop=undefined mRotation=ROTATION_90} s.403 fontWeightAdjustment=0}
07-10 19:07:57.605   561   604 I WindowManager: Override config changes=20000000 {1.0 310mcc260mnc [en_US] ldltr sw411dp w866dp h387dp 420dpi nrml long land finger qwerty/v/v dpad/v winConfig={ mBounds=Rect(0, 0 - 2400, 1080) mAppBounds=Rect(0, 0 - 2274, 1080) mMaxBounds=Rect(0, 0 - 2400, 1080) mWindowingMode=fullscreen mDisplayWindowingMode=fullscreen mActivityType=undefined mAlwaysOnTop=undefined mRotation=ROTATION_90} s.403 fontWeightAdjustment=0} for displayId=0
07-10 19:07:57.620   561   604 I InputManager-JNI: Viewport [0] to add: local:4619827259835644672, isActive: true
07-10 19:07:57.621 11491 16276 I ProvidersCache: Provider returned no roots. Possibly naughty: com.google.android.apps.docs.storage
07-10 19:07:57.625   561   673 I InputReader: Reconfiguring input devices, changes=DISPLAY_INFO | 
07-10 19:07:57.625   561   673 I InputReader: Touch device 'virtio_input_multi_touch_7' could not query the properties of its associated display.  The device will be inoperable until the display size becomes available.
07-10 19:07:57.625   561   673 I InputReader: Touch device 'virtio_input_multi_touch_5' could not query the properties of its associated display.  The device will be inoperable until the display size becomes available.
07-10 19:07:57.625   561   673 I InputReader: Touch device 'virtio_input_multi_touch_10' could not query the properties of its associated display.  The device will be inoperable until the display size becomes available.
07-10 19:07:57.625   561   673 I InputReader: Touch device 'virtio_input_multi_touch_2' could not query the properties of its associated display.  The device will be inoperable until the display size becomes available.
07-10 19:07:57.625   561   673 I InputReader: Touch device 'virtio_input_multi_touch_11' could not query the properties of its associated display.  The device will be inoperable until the display size becomes available.
07-10 19:07:57.625   561   673 I InputReader: Touch device 'virtio_input_multi_touch_8' could not query the properties of its associated display.  The device will be inoperable until the display size becomes available.
07-10 19:07:57.625   561   673 I InputReader: Device reconfigured: id=7, name='virtio_input_multi_touch_1', size 1080x2400, orientation 1, mode 1, display id 0
07-10 19:07:57.625   561   673 I InputReader: Touch device 'virtio_input_multi_touch_9' could not query the properties of its associated display.  The device will be inoperable until the display size becomes available.
07-10 19:07:57.625   561   673 I InputReader: Touch device 'virtio_input_multi_touch_3' could not query the properties of its associated display.  The device will be inoperable until the display size becomes available.
07-10 19:07:57.625   561   673 I InputReader: Touch device 'virtio_input_multi_touch_4' could not query the properties of its associated display.  The device will be inoperable until the display size becomes available.
07-10 19:07:57.625   561   673 I InputReader: Touch device 'virtio_input_multi_touch_6' could not query the properties of its associated display.  The device will be inoperable until the display size becomes available.
07-10 19:07:57.642   561  3262 W InputDispatcher: Letterbox_right_ActivityRecord{f3b4c48 u0 com.amaze.filemanager/.activities.MainActivity t17} has FLAG_SLIPPERY. Please report this in b/157929241
07-10 19:07:57.643   561  3262 W InputDispatcher: Letterbox_left_ActivityRecord{f3b4c48 u0 com.amaze.filemanager/.activities.MainActivity t17} has FLAG_SLIPPERY. Please report this in b/157929241
07-10 19:07:57.655   561  1630 I WindowManager: finishDrawing of orientation change: Window{e69f46 u0 NavigationBar0} 36ms
07-10 19:07:57.659   838   838 I OpaEnabledReceiver: Dispatching OPA eligble = false; AGSA = true; OPA enabled = false
07-10 19:07:57.659   838   838 I OpaLayout: Setting opa enabled to false
07-10 19:07:57.659   838   838 I OpaLayout: Setting opa enabled to false
07-10 19:07:57.670   561  1630 I WindowManager: finishDrawing of orientation change: Window{98ffb7f u0 com.google.android.permissioncontroller/com.android.permissioncontroller.permission.ui.GrantPermissionsActivity} 52ms
07-10 19:07:57.701  1545  1688 W MediaProvider: isAppCloneUserPair for user 0: false
07-10 19:07:57.752   218   218 I hwservicemanager: getTransport: Cannot find entry android.hardware.graphics.mapper@4.0::IMapper/default in either framework or device VINTF manifest.
07-10 19:07:57.752 16280 16282 I Gralloc4: mapper 4.x is not supported
07-10 19:07:57.773   561  1630 I WindowManager: finishDrawing of orientation change: Window{f21d3d5 u0 StatusBar} 155ms
07-10 19:07:57.819   561  3262 I WindowManager: finishDrawing of orientation change: Window{5be245a u0 com.amaze.filemanager/com.amaze.filemanager.activities.MainActivity} 200ms
07-10 19:07:57.827   561   605 I WindowManager: Screen frozen for +266ms due to Window{5be245a u0 com.amaze.filemanager/com.amaze.filemanager.activities.MainActivity}
07-10 19:07:57.895   561   605 W ImageReader_JNI: Unable to acquire a buffer item, very likely client tried to acquire more than maxImages buffers
07-10 19:07:57.942   390   390 W RanchuHwc: validateDisplay: layer 78 CompositionType 1, fallback
07-10 19:07:57.944   390   390 W RanchuHwc: presentDisplay display has no layers to compose, flushing client target buffer.
07-10 19:07:57.960   390   390 W RanchuHwc: validateDisplay: layer 78 CompositionType 1, fallback
07-10 19:07:57.962   390   390 W RanchuHwc: presentDisplay display has no layers to compose, flushing client target buffer.
07-10 19:07:57.977   390   390 W RanchuHwc: validateDisplay: layer 78 CompositionType 1, fallback
07-10 19:07:57.979   390   390 W RanchuHwc: presentDisplay display has no layers to compose, flushing client target buffer.
07-10 19:07:57.992   390   390 W RanchuHwc: validateDisplay: layer 78 CompositionType 1, fallback
07-10 19:07:57.994   390   390 W RanchuHwc: presentDisplay display has no layers to compose, flushing client target buffer.
07-10 19:07:58.013   390   390 W RanchuHwc: validateDisplay: layer 83 CompositionType 1, fallback
07-10 19:07:58.015   390   390 W RanchuHwc: presentDisplay display has no layers to compose, flushing client target buffer.
07-10 19:07:58.027   390   390 W RanchuHwc: validateDisplay: layer 83 CompositionType 1, fallback
07-10 19:07:58.029   390   390 W RanchuHwc: presentDisplay display has no layers to compose, flushing client target buffer.
07-10 19:07:58.040  1545  3703 I MediaProvider: Begin Intent { act=android.intent.action.MEDIA_SCANNER_SCAN_FILE dat=file:///sdcard/screen_2025-07-10_190758.png flg=0x1400010 cmp=com.google.android.providers.media.module/com.android.providers.media.MediaService }
07-10 19:07:58.046   390   390 W RanchuHwc: validateDisplay: layer 84 CompositionType 1, fallback
07-10 19:07:58.047   390   390 W RanchuHwc: presentDisplay display has no layers to compose, flushing client target buffer.
07-10 19:07:58.049  1545  3703 I MediaProvider: End Intent { act=android.intent.action.MEDIA_SCANNER_SCAN_FILE dat=file:///sdcard/screen_2025-07-10_190758.png flg=0x1400010 cmp=com.google.android.providers.media.module/com.android.providers.media.MediaService }
07-10 19:07:58.061   390   390 W RanchuHwc: validateDisplay: layer 86 CompositionType 1, fallback
07-10 19:07:58.063   390   390 W RanchuHwc: presentDisplay display has no layers to compose, flushing client target buffer.
07-10 19:07:58.077   390   390 W RanchuHwc: validateDisplay: layer 86 CompositionType 1, fallback
