07-11 00:57:13.160  1545 21500 W MediaProvider: isAppCloneUserPair for user 0: false
07-11 00:57:13.175   218   218 I hwservicemanager: getTransport: Cannot find entry android.hardware.graphics.mapper@4.0::IMapper/default in either framework or device VINTF manifest.
07-11 00:57:13.175  8788  8796 I Gralloc4: mapper 4.x is not supported
07-11 00:57:13.387  1545  3703 I MediaProvider: Begin Intent { act=android.intent.action.MEDIA_SCANNER_SCAN_FILE dat=file:///sdcard/screen_2025-07-11_005715.png flg=0x1400010 cmp=com.google.android.providers.media.module/com.android.providers.media.MediaService }
07-11 00:57:13.393  1545  3703 W ExifInterface: Invalid image: ExifInterface got an unsupported image format file(ExifInterface supports JPEG and some RAW image formats only) or a corrupted JPEG file to ExifInterface.
07-11 00:57:13.393  1545  3703 W ExifInterface: java.io.IOException: Encountered corrupt PNG file.
07-11 00:57:13.393  1545  3703 W ExifInterface: 	at android.media.ExifInterface.getPngAttributes(ExifInterface.java:3432)
07-11 00:57:13.393  1545  3703 W ExifInterface: 	at android.media.ExifInterface.loadAttributes(ExifInterface.java:2009)
07-11 00:57:13.393  1545  3703 W ExifInterface: 	at android.media.ExifInterface.<init>(ExifInterface.java:1641)
07-11 00:57:13.393  1545  3703 W ExifInterface: 	at android.media.ExifInterface.<init>(ExifInterface.java:1592)
07-11 00:57:13.393  1545  3703 W ExifInterface: 	at com.android.providers.media.scan.ModernMediaScanner.scanItemImage(ModernMediaScanner.java:1367)
07-11 00:57:13.393  1545  3703 W ExifInterface: 	at com.android.providers.media.scan.ModernMediaScanner.scanItem(ModernMediaScanner.java:1003)
07-11 00:57:13.393  1545  3703 W ExifInterface: 	at com.android.providers.media.scan.ModernMediaScanner.access$1200(ModernMediaScanner.java:146)
07-11 00:57:13.393  1545  3703 W ExifInterface: 	at com.android.providers.media.scan.ModernMediaScanner$Scan.visitFile(ModernMediaScanner.java:801)
07-11 00:57:13.393  1545  3703 W ExifInterface: 	at com.android.providers.media.scan.ModernMediaScanner$Scan.visitFile(ModernMediaScanner.java:320)
07-11 00:57:13.393  1545  3703 W ExifInterface: 	at java.nio.file.Files.walkFileTree(Files.java:2670)
07-11 00:57:13.393  1545  3703 W ExifInterface: 	at java.nio.file.Files.walkFileTree(Files.java:2742)
07-11 00:57:13.393  1545  3703 W ExifInterface: 	at com.android.providers.media.scan.ModernMediaScanner$Scan.walkFileTree(ModernMediaScanner.java:439)
07-11 00:57:13.393  1545  3703 W ExifInterface: 	at com.android.providers.media.scan.ModernMediaScanner$Scan.runInternal(ModernMediaScanner.java:402)
07-11 00:57:13.393  1545  3703 W ExifInterface: 	at com.android.providers.media.scan.ModernMediaScanner$Scan.run(ModernMediaScanner.java:391)
07-11 00:57:13.393  1545  3703 W ExifInterface: 	at com.android.providers.media.scan.ModernMediaScanner.scanFile(ModernMediaScanner.java:263)
07-11 00:57:13.393  1545  3703 W ExifInterface: 	at com.android.providers.media.MediaProvider.scanFile(MediaProvider.java:1273)
07-11 00:57:13.393  1545  3703 W ExifInterface: 	at com.android.providers.media.MediaProvider.scanFile(MediaProvider.java:1269)
07-11 00:57:13.393  1545  3703 W ExifInterface: 	at com.android.providers.media.MediaService.onScanFile(MediaService.java:215)
07-11 00:57:13.393  1545  3703 W ExifInterface: 	at com.android.providers.media.MediaService.onHandleWork(MediaService.java:85)
07-11 00:57:13.393  1545  3703 W ExifInterface: 	at androidx.core.app.JobIntentService$CommandProcessor.doInBackground(JobIntentService.java:396)
07-11 00:57:13.393  1545  3703 W ExifInterface: 	at androidx.core.app.JobIntentService$CommandProcessor.doInBackground(JobIntentService.java:387)
07-11 00:57:13.393  1545  3703 W ExifInterface: 	at android.os.AsyncTask$3.call(AsyncTask.java:394)
07-11 00:57:13.393  1545  3703 W ExifInterface: 	at java.util.concurrent.FutureTask.run(FutureTask.java:266)
07-11 00:57:13.393  1545  3703 W ExifInterface: 	at java.util.concurrent.ThreadPoolExecutor.runWorker(ThreadPoolExecutor.java:1167)
07-11 00:57:13.393  1545  3703 W ExifInterface: 	at java.util.concurrent.ThreadPoolExecutor$Worker.run(ThreadPoolExecutor.java:641)
07-11 00:57:13.393  1545  3703 W ExifInterface: 	at java.lang.Thread.run(Thread.java:920)
07-11 00:57:13.398  1545  3703 I MediaProvider: End Intent { act=android.intent.action.MEDIA_SCANNER_SCAN_FILE dat=file:///sdcard/screen_2025-07-11_005715.png flg=0x1400010 cmp=com.google.android.providers.media.module/com.android.providers.media.MediaService }
07-11 00:57:13.447  1545  1688 I MediaProvider: Deleted 0 1 0 0 0 0 0 items on external_primary due to com.android.shell
07-11 00:57:13.448  8260  8395 I UriTaskContentObserver: (REDACTED) Throttling content uri change event for %s
07-11 00:57:15.208  7019  8908 I ProvidersCache: Provider returned no roots. Possibly naughty: com.google.android.apps.docs.storage
07-11 00:57:15.425  1545  1687 W MediaProvider: isAppCloneUserPair for user 0: false
07-11 00:57:15.442   218   218 I hwservicemanager: getTransport: Cannot find entry android.hardware.graphics.mapper@4.0::IMapper/default in either framework or device VINTF manifest.
07-11 00:57:15.442  8923  8925 I Gralloc4: mapper 4.x is not supported
07-11 00:57:15.646  1545  3703 I MediaProvider: Begin Intent { act=android.intent.action.MEDIA_SCANNER_SCAN_FILE dat=file:///sdcard/screen_2025-07-11_005717.png flg=0x1400010 cmp=com.google.android.providers.media.module/com.android.providers.media.MediaService }
07-11 00:57:15.651  1545  3703 I MediaProvider: End Intent { act=android.intent.action.MEDIA_SCANNER_SCAN_FILE dat=file:///sdcard/screen_2025-07-11_005717.png flg=0x1400010 cmp=com.google.android.providers.media.module/com.android.providers.media.MediaService }
07-11 00:57:15.702  1545  3292 I MediaProvider: Deleted 0 1 0 0 0 0 0 items on external_primary due to com.android.shell
07-11 00:57:15.703  8260  8395 I UriTaskContentObserver: (REDACTED) Throttling content uri change event for %s
07-11 00:57:15.877  7019  8951 I ProvidersCache: Provider returned no roots. Possibly naughty: com.google.android.apps.docs.storage
07-11 00:57:16.020  1545 21500 W MediaProvider: isAppCloneUserPair for user 0: false
07-11 00:57:16.038   218   218 I hwservicemanager: getTransport: Cannot find entry android.hardware.graphics.mapper@4.0::IMapper/default in either framework or device VINTF manifest.
07-11 00:57:16.038  8966  8968 I Gralloc4: mapper 4.x is not supported
07-11 00:57:16.256  1545  3703 I MediaProvider: Begin Intent { act=android.intent.action.MEDIA_SCANNER_SCAN_FILE dat=file:///sdcard/screen_2025-07-11_005717.png flg=0x1400010 cmp=com.google.android.providers.media.module/com.android.providers.media.MediaService }
07-11 00:57:16.260  1545  3703 I MediaProvider: End Intent { act=android.intent.action.MEDIA_SCANNER_SCAN_FILE dat=file:///sdcard/screen_2025-07-11_005717.png flg=0x1400010 cmp=com.google.android.providers.media.module/com.android.providers.media.MediaService }
07-11 00:57:16.312  1545 21499 I MediaProvider: Deleted 0 1 0 0 0 0 0 items on external_primary due to com.android.shell
07-11 00:57:16.313  8260  8395 I UriTaskContentObserver: (REDACTED) Throttling content uri change event for %s
07-11 00:57:16.371  7019  8984 I ProvidersCache: Provider returned no roots. Possibly naughty: com.google.android.apps.docs.storage
07-11 00:57:16.523  6951  7183 I PlayCommon: [94] Preparing logs for uploading
07-11 00:57:16.526  6951  7183 I PlayCommon: [94] Connecting to server for timestamp: https://play.googleapis.com/play/log/timestamp
07-11 00:57:16.625  6951  7183 W PlayCommon: [94] No account for auth token provided
07-11 00:57:16.625  6951  7183 I PlayCommon: [94] Connecting to server: https://play.googleapis.com/play/log?format=raw&proto_v2=true
07-11 00:57:16.626  1545  3292 W MediaProvider: isAppCloneUserPair for user 0: false
07-11 00:57:16.640   218   218 I hwservicemanager: getTransport: Cannot find entry android.hardware.graphics.mapper@4.0::IMapper/default in either framework or device VINTF manifest.
07-11 00:57:16.641  9014  9016 I Gralloc4: mapper 4.x is not supported
07-11 00:57:16.690  6951  7183 I PlayCommon: [94] Successfully uploaded logs.
07-11 00:57:16.845  1545  3703 I MediaProvider: Begin Intent { act=android.intent.action.MEDIA_SCANNER_SCAN_FILE dat=file:///sdcard/screen_2025-07-11_005718.png flg=0x1400010 cmp=com.google.android.providers.media.module/com.android.providers.media.MediaService }
07-11 00:57:16.851  1545  3703 I MediaProvider: End Intent { act=android.intent.action.MEDIA_SCANNER_SCAN_FILE dat=file:///sdcard/screen_2025-07-11_005718.png flg=0x1400010 cmp=com.google.android.providers.media.module/com.android.providers.media.MediaService }
07-11 00:57:16.899  1545  1688 I MediaProvider: Deleted 0 1 0 0 0 0 0 items on external_primary due to com.android.shell
07-11 00:57:16.900  8260  8395 I UriTaskContentObserver: (REDACTED) Throttling content uri change event for %s
07-11 00:57:17.200   561   572 W System  : A resource failed to call close. 
07-11 00:57:17.438  8243  8243 W ThreadPoolForeg: type=1400 audit(0.0:1080): avc: denied { write } for name="traced_producer" dev="tmpfs" ino=561 scontext=u:r:gmscore_app:s0:c512,c768 tcontext=u:object_r:traced_producer_socket:s0 tclass=sock_file permissive=0 app=com.google.android.gms
07-11 00:57:18.790  7019  9144 I ProvidersCache: Provider returned no roots. Possibly naughty: com.google.android.apps.docs.storage
07-11 00:57:18.841  1545  1688 W MediaProvider: isAppCloneUserPair for user 0: false
07-11 00:57:18.855   218   218 I hwservicemanager: getTransport: Cannot find entry android.hardware.graphics.mapper@4.0::IMapper/default in either framework or device VINTF manifest.
07-11 00:57:18.856  9147  9149 I Gralloc4: mapper 4.x is not supported
07-11 00:57:19.003  1545  3703 I MediaProvider: Begin Intent { act=android.intent.action.MEDIA_SCANNER_SCAN_FILE dat=file:///sdcard/screen_2025-07-11_005720.png flg=0x1400010 cmp=com.google.android.providers.media.module/com.android.providers.media.MediaService }
07-11 00:57:19.007  1545  3703 I MediaProvider: End Intent { act=android.intent.action.MEDIA_SCANNER_SCAN_FILE dat=file:///sdcard/screen_2025-07-11_005720.png flg=0x1400010 cmp=com.google.android.providers.media.module/com.android.providers.media.MediaService }
07-11 00:57:19.057  1545 21500 I MediaProvider: Deleted 0 1 0 0 0 0 0 items on external_primary due to com.android.shell
07-11 00:57:19.059  8260  8395 I UriTaskContentObserver: (REDACTED) Throttling content uri change event for %s
07-11 00:57:19.309  7019  9190 I ProvidersCache: Provider returned no roots. Possibly naughty: com.google.android.apps.docs.storage
07-11 00:57:19.397  1545  3292 W MediaProvider: isAppCloneUserPair for user 0: false
07-11 00:57:19.411   218   218 I hwservicemanager: getTransport: Cannot find entry android.hardware.graphics.mapper@4.0::IMapper/default in either framework or device VINTF manifest.
07-11 00:57:19.412  9200  9204 I Gralloc4: mapper 4.x is not supported
07-11 00:57:19.557  1545  3703 I MediaProvider: Begin Intent { act=android.intent.action.MEDIA_SCANNER_SCAN_FILE dat=file:///sdcard/screen_2025-07-11_005721.png flg=0x1400010 cmp=com.google.android.providers.media.module/com.android.providers.media.MediaService }
07-11 00:57:19.561  1545  3703 I MediaProvider: End Intent { act=android.intent.action.MEDIA_SCANNER_SCAN_FILE dat=file:///sdcard/screen_2025-07-11_005721.png flg=0x1400010 cmp=com.google.android.providers.media.module/com.android.providers.media.MediaService }
07-11 00:57:19.619  8260  8395 I UriTaskContentObserver: (REDACTED) Throttling content uri change event for %s
07-11 00:57:19.619  1545  1687 I MediaProvider: Deleted 0 1 0 0 0 0 0 items on external_primary due to com.android.shell
07-11 00:57:19.932  1545 21500 W MediaProvider: isAppCloneUserPair for user 0: false
07-11 00:57:19.938  7019  9274 I ProvidersCache: Provider returned no roots. Possibly naughty: com.google.android.apps.docs.storage
07-11 00:57:19.946   218   218 I hwservicemanager: getTransport: Cannot find entry android.hardware.graphics.mapper@4.0::IMapper/default in either framework or device VINTF manifest.
07-11 00:57:19.946  9265  9277 I Gralloc4: mapper 4.x is not supported
07-11 00:57:20.101  1545  3703 I MediaProvider: Begin Intent { act=android.intent.action.MEDIA_SCANNER_SCAN_FILE dat=file:///sdcard/screen_2025-07-11_005721.png flg=0x1400010 cmp=com.google.android.providers.media.module/com.android.providers.media.MediaService }
07-11 00:57:20.106  1545  3703 I MediaProvider: End Intent { act=android.intent.action.MEDIA_SCANNER_SCAN_FILE dat=file:///sdcard/screen_2025-07-11_005721.png flg=0x1400010 cmp=com.google.android.providers.media.module/com.android.providers.media.MediaService }
07-11 00:57:20.153  1545 21499 I MediaProvider: Deleted 0 1 0 0 0 0 0 items on external_primary due to com.android.shell
07-11 00:57:20.154  8260  8395 I UriTaskContentObserver: (REDACTED) Throttling content uri change event for %s
07-11 00:57:21.569  7612  7612 I AssistStructure: Flattened final assist data: 19936 bytes, containing 1 windows, 215 views
07-11 00:57:21.673   561   561 E RemoteAugmentedAutofillService: Bad service name for flags 1048704: com.google.android.as/com.google.android.apps.miphone.aiai.app.AiAiAugmentedAutofillService
07-11 00:57:21.676   452  1218 W ServiceManager: Permission failure: android.permission.ACCESS_SURFACE_FLINGER from uid=10157 pid=7255
07-11 00:57:21.677   452  1218 W ServiceManager: Permission failure: android.permission.ROTATE_SURFACE_FLINGER from uid=10157 pid=7255
07-11 00:57:21.711   218   218 I hwservicemanager: getTransport: Cannot find entry android.hardware.configstore@1.0::ISurfaceFlingerConfigs/default in either framework or device VINTF manifest.
07-11 00:57:21.712  7255  7350 W OpenGLRenderer: Failed to choose config with EGL_SWAP_BEHAVIOR_PRESERVED, retrying without...
07-11 00:57:21.712  7255  7350 W OpenGLRenderer: Failed to initialize 101010-2 format, error = EGL_SUCCESS
07-11 00:57:21.749   452  1218 E HWComposer: getSupportedContentTypes: getSupportedContentTypes failed for display 4619827259835644672: Unsupported (8)
07-11 00:57:21.750   218   218 I hwservicemanager: getTransport: Cannot find entry android.hardware.graphics.mapper@4.0::IMapper/default in either framework or device VINTF manifest.
07-11 00:57:21.750  7255  7350 I Gralloc4: mapper 4.x is not supported
07-11 00:57:21.752   218   218 I hwservicemanager: getTransport: Cannot find entry android.hardware.graphics.allocator@4.0::IAllocator/default in either framework or device VINTF manifest.
07-11 00:57:21.752  7255  7350 W Gralloc4: allocator 4.x is not supported
07-11 00:57:22.120  1545  1687 W MediaProvider: isAppCloneUserPair for user 0: false
07-11 00:57:22.133   218   218 I hwservicemanager: getTransport: Cannot find entry android.hardware.graphics.mapper@4.0::IMapper/default in either framework or device VINTF manifest.
07-11 00:57:22.133  9424  9427 I Gralloc4: mapper 4.x is not supported
07-11 00:57:22.143   561  2079 W UriGrantsManagerService: No permission grants found for com.google.android.apps.photos
07-11 00:57:22.143   561  2079 W UriGrantsManagerService: No permission grants found for com.google.android.apps.photos
07-11 00:57:22.176   561   765 W UriGrantsManagerService: No permission grants found for com.google.android.apps.photos
07-11 00:57:22.177   561   765 W UriGrantsManagerService: No permission grants found for com.google.android.apps.photos
07-11 00:57:22.196   561  2079 W UriGrantsManagerService: No permission grants found for com.google.android.apps.photos
07-11 00:57:22.196   561   765 W UriGrantsManagerService: No permission grants found for com.google.android.apps.photos
07-11 00:57:22.274  1545  3703 I MediaProvider: Begin Intent { act=android.intent.action.MEDIA_SCANNER_SCAN_FILE dat=file:///sdcard/screen_2025-07-11_005724.png flg=0x1400010 cmp=com.google.android.providers.media.module/com.android.providers.media.MediaService }
07-11 00:57:22.281  1545  3703 I MediaProvider: End Intent { act=android.intent.action.MEDIA_SCANNER_SCAN_FILE dat=file:///sdcard/screen_2025-07-11_005724.png flg=0x1400010 cmp=com.google.android.providers.media.module/com.android.providers.media.MediaService }
07-11 00:57:22.304  7019  9437 I ProvidersCache: Provider returned no roots. Possibly naughty: com.google.android.apps.docs.storage
07-11 00:57:22.328  1545  1688 I MediaProvider: Deleted 0 1 0 0 0 0 0 items on external_primary due to com.android.shell
07-11 00:57:22.329  8260  8395 I UriTaskContentObserver: (REDACTED) Throttling content uri change event for %s
07-11 00:57:22.509  8260  4217 I NetworkScheduler.Stats: (REDACTED) Task %s/%s started execution. cause:%s exec_start_elapsed_seconds: %s
07-11 00:57:22.512  8260  7442 I NetworkScheduler.Stats: (REDACTED) Task %s/%s finished executing. cause:%s result: %s elapsed_millis: %s uptime_millis: %s exec_start_elapsed_seconds: %s
07-11 00:57:22.556  8243  9467 I GmscoreIpa: Starting mediastore instant index [CONTEXT service_id=255 ]
07-11 00:57:22.649  1545 21499 W MediaProvider: isAppCloneUserPair for user 0: false
07-11 00:57:22.664   218   218 I hwservicemanager: getTransport: Cannot find entry android.hardware.graphics.mapper@4.0::IMapper/default in either framework or device VINTF manifest.
07-11 00:57:22.664  9475  9477 I Gralloc4: mapper 4.x is not supported
07-11 00:57:22.803  1545  3703 I MediaProvider: Begin Intent { act=android.intent.action.MEDIA_SCANNER_SCAN_FILE dat=file:///sdcard/screen_2025-07-11_005724.png flg=0x1400010 cmp=com.google.android.providers.media.module/com.android.providers.media.MediaService }
07-11 00:57:22.808  1545  3703 I MediaProvider: End Intent { act=android.intent.action.MEDIA_SCANNER_SCAN_FILE dat=file:///sdcard/screen_2025-07-11_005724.png flg=0x1400010 cmp=com.google.android.providers.media.module/com.android.providers.media.MediaService }
07-11 00:57:22.852  7019  9486 I ProvidersCache: Provider returned no roots. Possibly naughty: com.google.android.apps.docs.storage
07-11 00:57:22.857  1545  3292 I MediaProvider: Deleted 0 1 0 0 0 0 0 items on external_primary due to com.android.shell
07-11 00:57:22.858  8260  8395 I UriTaskContentObserver: (REDACTED) Throttling content uri change event for %s
07-11 00:57:23.175  1545  1687 W MediaProvider: isAppCloneUserPair for user 0: false
07-11 00:57:23.190   218   218 I hwservicemanager: getTransport: Cannot find entry android.hardware.graphics.mapper@4.0::IMapper/default in either framework or device VINTF manifest.
07-11 00:57:23.190  9518  9520 I Gralloc4: mapper 4.x is not supported
07-11 00:57:23.328  1545  3703 I MediaProvider: Begin Intent { act=android.intent.action.MEDIA_SCANNER_SCAN_FILE dat=file:///sdcard/screen_2025-07-11_005725.png flg=0x1400010 cmp=com.google.android.providers.media.module/com.android.providers.media.MediaService }
07-11 00:57:23.332  1545  3703 I MediaProvider: End Intent { act=android.intent.action.MEDIA_SCANNER_SCAN_FILE dat=file:///sdcard/screen_2025-07-11_005725.png flg=0x1400010 cmp=com.google.android.providers.media.module/com.android.providers.media.MediaService }
07-11 00:57:23.381  8260  8395 I UriTaskContentObserver: (REDACTED) Throttling content uri change event for %s
07-11 00:57:23.381  1545 21500 I MediaProvider: Deleted 0 1 0 0 0 0 0 items on external_primary due to com.android.shell
07-11 00:57:23.498  7019  9544 I ProvidersCache: Provider returned no roots. Possibly naughty: com.google.android.apps.docs.storage
07-11 00:57:25.304  1545  3292 W MediaProvider: isAppCloneUserPair for user 0: false
07-11 00:57:25.321   218   218 I hwservicemanager: getTransport: Cannot find entry android.hardware.graphics.mapper@4.0::IMapper/default in either framework or device VINTF manifest.
07-11 00:57:25.321  9627  9630 I Gralloc4: mapper 4.x is not supported
07-11 00:57:25.467  1545  3703 I MediaProvider: Begin Intent { act=android.intent.action.MEDIA_SCANNER_SCAN_FILE dat=file:///sdcard/screen_2025-07-11_005727.png flg=0x1400010 cmp=com.google.android.providers.media.module/com.android.providers.media.MediaService }
07-11 00:57:25.476  1545  3703 I MediaProvider: End Intent { act=android.intent.action.MEDIA_SCANNER_SCAN_FILE dat=file:///sdcard/screen_2025-07-11_005727.png flg=0x1400010 cmp=com.google.android.providers.media.module/com.android.providers.media.MediaService }
07-11 00:57:25.519  1545  1688 I MediaProvider: Deleted 0 1 0 0 0 0 0 items on external_primary due to com.android.shell
07-11 00:57:25.520  8260  8395 I UriTaskContentObserver: (REDACTED) Throttling content uri change event for %s
07-11 00:57:25.756  7019  9662 I ProvidersCache: Provider returned no roots. Possibly naughty: com.google.android.apps.docs.storage
07-11 00:57:25.850  1545 21500 W MediaProvider: isAppCloneUserPair for user 0: false
07-11 00:57:25.866   218   218 I hwservicemanager: getTransport: Cannot find entry android.hardware.graphics.mapper@4.0::IMapper/default in either framework or device VINTF manifest.
07-11 00:57:25.866  9673  9675 I Gralloc4: mapper 4.x is not supported
07-11 00:57:26.009  1545  3703 I MediaProvider: Begin Intent { act=android.intent.action.MEDIA_SCANNER_SCAN_FILE dat=file:///sdcard/screen_2025-07-11_005727.png flg=0x1400010 cmp=com.google.android.providers.media.module/com.android.providers.media.MediaService }
07-11 00:57:26.015  1545  3703 I MediaProvider: End Intent { act=android.intent.action.MEDIA_SCANNER_SCAN_FILE dat=file:///sdcard/screen_2025-07-11_005727.png flg=0x1400010 cmp=com.google.android.providers.media.module/com.android.providers.media.MediaService }
07-11 00:57:26.066  1545 21499 I MediaProvider: Deleted 0 1 0 0 0 0 0 items on external_primary due to com.android.shell
07-11 00:57:26.068  8260  8395 I UriTaskContentObserver: (REDACTED) Throttling content uri change event for %s
07-11 00:57:26.362  7019  9714 I ProvidersCache: Provider returned no roots. Possibly naughty: com.google.android.apps.docs.storage
07-11 00:57:26.395  1545  1687 W MediaProvider: isAppCloneUserPair for user 0: false
07-11 00:57:26.410   218   218 I hwservicemanager: getTransport: Cannot find entry android.hardware.graphics.mapper@4.0::IMapper/default in either framework or device VINTF manifest.
07-11 00:57:26.410  9713  9718 I Gralloc4: mapper 4.x is not supported
07-11 00:57:26.560  1545  3703 I MediaProvider: Begin Intent { act=android.intent.action.MEDIA_SCANNER_SCAN_FILE dat=file:///sdcard/screen_2025-07-11_005728.png flg=0x1400010 cmp=com.google.android.providers.media.module/com.android.providers.media.MediaService }
07-11 00:57:26.564  1545  3703 I MediaProvider: End Intent { act=android.intent.action.MEDIA_SCANNER_SCAN_FILE dat=file:///sdcard/screen_2025-07-11_005728.png flg=0x1400010 cmp=com.google.android.providers.media.module/com.android.providers.media.MediaService }
07-11 00:57:26.617  8260  8395 I UriTaskContentObserver: (REDACTED) Throttling content uri change event for %s
07-11 00:57:26.617  1545  1688 I MediaProvider: Deleted 0 1 0 0 0 0 0 items on external_primary due to com.android.shell
07-11 00:57:26.955  7019  9773 I ProvidersCache: Provider returned no roots. Possibly naughty: com.google.android.apps.docs.storage
07-11 00:57:28.549  1545  1688 W MediaProvider: isAppCloneUserPair for user 0: false
07-11 00:57:28.565   218   218 I hwservicemanager: getTransport: Cannot find entry android.hardware.graphics.mapper@4.0::IMapper/default in either framework or device VINTF manifest.
07-11 00:57:28.566  9833  9835 I Gralloc4: mapper 4.x is not supported
07-11 00:57:28.712  1545  3703 I MediaProvider: Begin Intent { act=android.intent.action.MEDIA_SCANNER_SCAN_FILE dat=file:///sdcard/screen_2025-07-11_005730.png flg=0x1400010 cmp=com.google.android.providers.media.module/com.android.providers.media.MediaService }
07-11 00:57:28.716  1545  3703 I MediaProvider: End Intent { act=android.intent.action.MEDIA_SCANNER_SCAN_FILE dat=file:///sdcard/screen_2025-07-11_005730.png flg=0x1400010 cmp=com.google.android.providers.media.module/com.android.providers.media.MediaService }
07-11 00:57:28.766  1545 21500 I MediaProvider: Deleted 0 1 0 0 0 0 0 items on external_primary due to com.android.shell
07-11 00:57:28.768  8260  8395 I UriTaskContentObserver: (REDACTED) Throttling content uri change event for %s
07-11 00:57:29.097  1545  3292 W MediaProvider: isAppCloneUserPair for user 0: false
07-11 00:57:29.113   218   218 I hwservicemanager: getTransport: Cannot find entry android.hardware.graphics.mapper@4.0::IMapper/default in either framework or device VINTF manifest.
07-11 00:57:29.113  9873  9875 I Gralloc4: mapper 4.x is not supported
07-11 00:57:29.145  7019  9879 I ProvidersCache: Provider returned no roots. Possibly naughty: com.google.android.apps.docs.storage
07-11 00:57:29.278  1545  3703 I MediaProvider: Begin Intent { act=android.intent.action.MEDIA_SCANNER_SCAN_FILE dat=file:///sdcard/screen_2025-07-11_005730.png flg=0x1400010 cmp=com.google.android.providers.media.module/com.android.providers.media.MediaService }
07-11 00:57:29.285  1545  3703 I MediaProvider: End Intent { act=android.intent.action.MEDIA_SCANNER_SCAN_FILE dat=file:///sdcard/screen_2025-07-11_005730.png flg=0x1400010 cmp=com.google.android.providers.media.module/com.android.providers.media.MediaService }
07-11 00:57:29.356  1545  1687 I MediaProvider: Deleted 0 1 0 0 0 0 0 items on external_primary due to com.android.shell
07-11 00:57:29.357  8260  8395 I UriTaskContentObserver: (REDACTED) Throttling content uri change event for %s
07-11 00:57:29.641  7019  9921 I ProvidersCache: Provider returned no roots. Possibly naughty: com.google.android.apps.docs.storage
07-11 00:57:29.661  1545 21499 W MediaProvider: isAppCloneUserPair for user 0: false
07-11 00:57:29.679   218   218 I hwservicemanager: getTransport: Cannot find entry android.hardware.graphics.mapper@4.0::IMapper/default in either framework or device VINTF manifest.
07-11 00:57:29.680  9916  9923 I Gralloc4: mapper 4.x is not supported
07-11 00:57:29.822  1545  3703 I MediaProvider: Begin Intent { act=android.intent.action.MEDIA_SCANNER_SCAN_FILE dat=file:///sdcard/screen_2025-07-11_005731.png flg=0x1400010 cmp=com.google.android.providers.media.module/com.android.providers.media.MediaService }
07-11 00:57:29.827  1545  3703 I MediaProvider: End Intent { act=android.intent.action.MEDIA_SCANNER_SCAN_FILE dat=file:///sdcard/screen_2025-07-11_005731.png flg=0x1400010 cmp=com.google.android.providers.media.module/com.android.providers.media.MediaService }
07-11 00:57:29.874  1545 21500 I MediaProvider: Deleted 0 1 0 0 0 0 0 items on external_primary due to com.android.shell
07-11 00:57:29.875  8260  8395 I UriTaskContentObserver: (REDACTED) Throttling content uri change event for %s
07-11 00:57:30.183  7019  9978 I ProvidersCache: Provider returned no roots. Possibly naughty: com.google.android.apps.docs.storage
07-11 00:57:30.645  7612  7612 W aze.filemanage: Accessing hidden method Landroid/widget/PopupWindow;->setClipToScreenEnabled(Z)V (unsupported, reflection, allowed)
07-11 00:57:30.655  7612  7612 W aze.filemanage: Accessing hidden field Landroid/widget/AbsListView;->mIsChildViewEnabled:Z (unsupported, reflection, allowed)
07-11 00:57:31.810  1545  1688 W MediaProvider: isAppCloneUserPair for user 0: false
07-11 00:57:31.827   218   218 I hwservicemanager: getTransport: Cannot find entry android.hardware.graphics.mapper@4.0::IMapper/default in either framework or device VINTF manifest.
07-11 00:57:31.827 10048 10050 I Gralloc4: mapper 4.x is not supported
07-11 00:57:31.972  1545  3703 I MediaProvider: Begin Intent { act=android.intent.action.MEDIA_SCANNER_SCAN_FILE dat=file:///sdcard/screen_2025-07-11_005733.png flg=0x1400010 cmp=com.google.android.providers.media.module/com.android.providers.media.MediaService }
07-11 00:57:31.976  1545  3703 I MediaProvider: End Intent { act=android.intent.action.MEDIA_SCANNER_SCAN_FILE dat=file:///sdcard/screen_2025-07-11_005733.png flg=0x1400010 cmp=com.google.android.providers.media.module/com.android.providers.media.MediaService }
07-11 00:57:32.023  1545  1687 I MediaProvider: Deleted 0 1 0 0 0 0 0 items on external_primary due to com.android.shell
07-11 00:57:32.024  8260  8395 I UriTaskContentObserver: (REDACTED) Throttling content uri change event for %s
07-11 00:57:32.329  1545 21500 W MediaProvider: isAppCloneUserPair for user 0: false
07-11 00:57:32.349   218   218 I hwservicemanager: getTransport: Cannot find entry android.hardware.graphics.mapper@4.0::IMapper/default in either framework or device VINTF manifest.
07-11 00:57:32.349 10089 10091 I Gralloc4: mapper 4.x is not supported
07-11 00:57:32.373  7019 10095 I ProvidersCache: Provider returned no roots. Possibly naughty: com.google.android.apps.docs.storage
07-11 00:57:32.509  1545  3703 I MediaProvider: Begin Intent { act=android.intent.action.MEDIA_SCANNER_SCAN_FILE dat=file:///sdcard/screen_2025-07-11_005734.png flg=0x1400010 cmp=com.google.android.providers.media.module/com.android.providers.media.MediaService }
07-11 00:57:32.521  1545  3703 I MediaProvider: End Intent { act=android.intent.action.MEDIA_SCANNER_SCAN_FILE dat=file:///sdcard/screen_2025-07-11_005734.png flg=0x1400010 cmp=com.google.android.providers.media.module/com.android.providers.media.MediaService }
07-11 00:57:32.579  1545  3292 I MediaProvider: Deleted 0 1 0 0 0 0 0 items on external_primary due to com.android.shell
07-11 00:57:32.580  8260  8395 I UriTaskContentObserver: (REDACTED) Throttling content uri change event for %s
07-11 00:57:32.882  1545  1687 W MediaProvider: isAppCloneUserPair for user 0: false
07-11 00:57:32.898   218   218 I hwservicemanager: getTransport: Cannot find entry android.hardware.graphics.mapper@4.0::IMapper/default in either framework or device VINTF manifest.
07-11 00:57:32.899 10133 10135 I Gralloc4: mapper 4.x is not supported
07-11 00:57:32.926  7019 10139 I ProvidersCache: Provider returned no roots. Possibly naughty: com.google.android.apps.docs.storage
07-11 00:57:33.043  1545  3703 I MediaProvider: Begin Intent { act=android.intent.action.MEDIA_SCANNER_SCAN_FILE dat=file:///sdcard/screen_2025-07-11_005734.png flg=0x1400010 cmp=com.google.android.providers.media.module/com.android.providers.media.MediaService }
07-11 00:57:33.047  1545  3703 I MediaProvider: End Intent { act=android.intent.action.MEDIA_SCANNER_SCAN_FILE dat=file:///sdcard/screen_2025-07-11_005734.png flg=0x1400010 cmp=com.google.android.providers.media.module/com.android.providers.media.MediaService }
07-11 00:57:33.096  1545 21499 I MediaProvider: Deleted 0 1 0 0 0 0 0 items on external_primary due to com.android.shell
07-11 00:57:33.097  8260  8395 I UriTaskContentObserver: (REDACTED) Throttling content uri change event for %s
07-11 00:57:33.429  7019 10187 I ProvidersCache: Provider returned no roots. Possibly naughty: com.google.android.apps.docs.storage
07-11 00:57:34.271   561  2605 W InputManager-JNI: Input channel object '4530a7a PopupWindow:f416c3c (client)' was disposed without first being removed with the input manager!
07-11 00:57:35.098  1545  3292 W MediaProvider: isAppCloneUserPair for user 0: false
07-11 00:57:35.114   218   218 I hwservicemanager: getTransport: Cannot find entry android.hardware.graphics.mapper@4.0::IMapper/default in either framework or device VINTF manifest.
07-11 00:57:35.114 10271 10273 I Gralloc4: mapper 4.x is not supported
07-11 00:57:35.262  1545  3703 I MediaProvider: Begin Intent { act=android.intent.action.MEDIA_SCANNER_SCAN_FILE dat=file:///sdcard/screen_2025-07-11_005736.png flg=0x1400010 cmp=com.google.android.providers.media.module/com.android.providers.media.MediaService }
07-11 00:57:35.266  1545  3703 I MediaProvider: End Intent { act=android.intent.action.MEDIA_SCANNER_SCAN_FILE dat=file:///sdcard/screen_2025-07-11_005736.png flg=0x1400010 cmp=com.google.android.providers.media.module/com.android.providers.media.MediaService }
07-11 00:57:35.327  8260  8395 I UriTaskContentObserver: (REDACTED) Throttling content uri change event for %s
07-11 00:57:35.327  1545  1688 I MediaProvider: Deleted 0 1 0 0 0 0 0 items on external_primary due to com.android.shell
07-11 00:57:35.541  7019 10307 I ProvidersCache: Provider returned no roots. Possibly naughty: com.google.android.apps.docs.storage
07-11 00:57:35.644  1545 21499 W MediaProvider: isAppCloneUserPair for user 0: false
07-11 00:57:35.657   218   218 I hwservicemanager: getTransport: Cannot find entry android.hardware.graphics.mapper@4.0::IMapper/default in either framework or device VINTF manifest.
07-11 00:57:35.657 10316 10318 I Gralloc4: mapper 4.x is not supported
07-11 00:57:35.826  1545  3703 I MediaProvider: Begin Intent { act=android.intent.action.MEDIA_SCANNER_SCAN_FILE dat=file:///sdcard/screen_2025-07-11_005737.png flg=0x1400010 cmp=com.google.android.providers.media.module/com.android.providers.media.MediaService }
07-11 00:57:35.831  1545  3703 I MediaProvider: End Intent { act=android.intent.action.MEDIA_SCANNER_SCAN_FILE dat=file:///sdcard/screen_2025-07-11_005737.png flg=0x1400010 cmp=com.google.android.providers.media.module/com.android.providers.media.MediaService }
07-11 00:57:35.883  1545 21500 I MediaProvider: Deleted 0 1 0 0 0 0 0 items on external_primary due to com.android.shell
07-11 00:57:35.883  8260  8395 I UriTaskContentObserver: (REDACTED) Throttling content uri change event for %s
07-11 00:57:36.123  7019 10353 I ProvidersCache: Provider returned no roots. Possibly naughty: com.google.android.apps.docs.storage
07-11 00:57:36.207  1545  1688 W MediaProvider: isAppCloneUserPair for user 0: false
07-11 00:57:36.223   218   218 I hwservicemanager: getTransport: Cannot find entry android.hardware.graphics.mapper@4.0::IMapper/default in either framework or device VINTF manifest.
07-11 00:57:36.224 10359 10361 I Gralloc4: mapper 4.x is not supported
07-11 00:57:36.394  1545  3703 I MediaProvider: Begin Intent { act=android.intent.action.MEDIA_SCANNER_SCAN_FILE dat=file:///sdcard/screen_2025-07-11_005738.png flg=0x1400010 cmp=com.google.android.providers.media.module/com.android.providers.media.MediaService }
07-11 00:57:36.400  1545  3703 I MediaProvider: End Intent { act=android.intent.action.MEDIA_SCANNER_SCAN_FILE dat=file:///sdcard/screen_2025-07-11_005738.png flg=0x1400010 cmp=com.google.android.providers.media.module/com.android.providers.media.MediaService }
07-11 00:57:36.453  1545  1687 I MediaProvider: Deleted 0 1 0 0 0 0 0 items on external_primary due to com.android.shell
07-11 00:57:36.453  8260  8395 I UriTaskContentObserver: (REDACTED) Throttling content uri change event for %s
07-11 00:57:36.671  7019 10399 I ProvidersCache: Provider returned no roots. Possibly naughty: com.google.android.apps.docs.storage
07-11 00:57:37.622   561  2088 W InputManager-JNI: Input channel object 'b9252bf PopupWindow:2277d8a (client)' was disposed without first being removed with the input manager!
07-11 00:57:38.430  1545 21500 W MediaProvider: isAppCloneUserPair for user 0: false
07-11 00:57:38.446   218   218 I hwservicemanager: getTransport: Cannot find entry android.hardware.graphics.mapper@4.0::IMapper/default in either framework or device VINTF manifest.
07-11 00:57:38.446 10474 10476 I Gralloc4: mapper 4.x is not supported
07-11 00:57:38.600  1545  3703 I MediaProvider: Begin Intent { act=android.intent.action.MEDIA_SCANNER_SCAN_FILE dat=file:///sdcard/screen_2025-07-11_005740.png flg=0x1400010 cmp=com.google.android.providers.media.module/com.android.providers.media.MediaService }
07-11 00:57:38.604  1545  3703 I MediaProvider: End Intent { act=android.intent.action.MEDIA_SCANNER_SCAN_FILE dat=file:///sdcard/screen_2025-07-11_005740.png flg=0x1400010 cmp=com.google.android.providers.media.module/com.android.providers.media.MediaService }
07-11 00:57:38.654  1545  3292 I MediaProvider: Deleted 0 1 0 0 0 0 0 items on external_primary due to com.android.shell
07-11 00:57:38.656  8260  8395 I UriTaskContentObserver: (REDACTED) Throttling content uri change event for %s
07-11 00:57:38.788  7019 10502 I ProvidersCache: Provider returned no roots. Possibly naughty: com.google.android.apps.docs.storage
07-11 00:57:38.964  1545  1687 W MediaProvider: isAppCloneUserPair for user 0: false
07-11 00:57:38.986   218   218 I hwservicemanager: getTransport: Cannot find entry android.hardware.graphics.mapper@4.0::IMapper/default in either framework or device VINTF manifest.
07-11 00:57:38.986 10519 10521 I Gralloc4: mapper 4.x is not supported
07-11 00:57:39.181  1545  3703 I MediaProvider: Begin Intent { act=android.intent.action.MEDIA_SCANNER_SCAN_FILE dat=file:///sdcard/screen_2025-07-11_005740.png flg=0x1400010 cmp=com.google.android.providers.media.module/com.android.providers.media.MediaService }
07-11 00:57:39.190  1545  3703 I MediaProvider: End Intent { act=android.intent.action.MEDIA_SCANNER_SCAN_FILE dat=file:///sdcard/screen_2025-07-11_005740.png flg=0x1400010 cmp=com.google.android.providers.media.module/com.android.providers.media.MediaService }
07-11 00:57:39.246  1545 21499 I MediaProvider: Deleted 0 1 0 0 0 0 0 items on external_primary due to com.android.shell
07-11 00:57:39.247  8260  8395 I UriTaskContentObserver: (REDACTED) Throttling content uri change event for %s
07-11 00:57:39.372  7019 10545 I ProvidersCache: Provider returned no roots. Possibly naughty: com.google.android.apps.docs.storage
07-11 00:57:39.564  1545  1688 W MediaProvider: isAppCloneUserPair for user 0: false
07-11 00:57:39.585   218   218 I hwservicemanager: getTransport: Cannot find entry android.hardware.graphics.mapper@4.0::IMapper/default in either framework or device VINTF manifest.
07-11 00:57:39.585 10562 10566 I Gralloc4: mapper 4.x is not supported
07-11 00:57:39.727  1545  3703 I MediaProvider: Begin Intent { act=android.intent.action.MEDIA_SCANNER_SCAN_FILE dat=file:///sdcard/screen_2025-07-11_005741.png flg=0x1400010 cmp=com.google.android.providers.media.module/com.android.providers.media.MediaService }
07-11 00:57:39.731  1545  3703 I MediaProvider: End Intent { act=android.intent.action.MEDIA_SCANNER_SCAN_FILE dat=file:///sdcard/screen_2025-07-11_005741.png flg=0x1400010 cmp=com.google.android.providers.media.module/com.android.providers.media.MediaService }
07-11 00:57:39.784  1545  3292 I MediaProvider: Deleted 0 1 0 0 0 0 0 items on external_primary due to com.android.shell
07-11 00:57:39.785  8260  8395 I UriTaskContentObserver: (REDACTED) Throttling content uri change event for %s
07-11 00:57:39.918  7019 10592 I ProvidersCache: Provider returned no roots. Possibly naughty: com.google.android.apps.docs.storage
